
 Start         Length     Name                   Class
 0001:00000000 000ED388H .text                   CODE
 0002:00000000 000025FCH .data                   DATA
 0002:000025FC 00000DC5H .bss                    BSS


Detailed map of segments

 0001:00000000 00005443 C=CODE     S=.text    G=(none)   M=System   ACBP=A9
 0001:00005444 00000140 C=CODE     S=.text    G=(none)   M=SysInit  ACBP=A9
 0001:00005584 00000078 C=CODE     S=.text    G=(none)   M=Types    ACBP=A9
 0001:000055FC 00000F08 C=CODE     S=.text    G=(none)   M=Windows  ACBP=A9
 0001:00006504 00000038 C=CODE     S=.text    G=(none)   M=Messages ACBP=A9
 0001:0000653C 00000340 C=CODE     S=.text    G=(none)   M=SysConst ACBP=A9
 0001:0000687C 00006DCC C=CODE     S=.text    G=(none)   M=SysUtils ACBP=A9
 0001:0000D648 000007FB C=CODE     S=.text    G=(none)   M=VarUtils ACBP=A9
 0001:0000DE44 000066CA C=CODE     S=.text    G=(none)   M=Variants ACBP=A9
 0001:00014510 00000138 C=CODE     S=.text    G=(none)   M=RTLConsts ACBP=A9
 0001:00014648 00000DB0 C=CODE     S=.text    G=(none)   M=TypInfo  ACBP=A9
 0001:000153F8 00000208 C=CODE     S=.text    G=(none)   M=ActiveX  ACBP=A9
 0001:00015600 0000D26A C=CODE     S=.text    G=(none)   M=Classes  ACBP=A9
 0001:0002286C 00000388 C=CODE     S=.text    G=(none)   M=Consts   ACBP=A9
 0001:00022BF4 00009B3F C=CODE     S=.text    G=(none)   M=Graphics ACBP=A9
 0001:0002C734 0000014C C=CODE     S=.text    G=(none)   M=Math     ACBP=A9
 0001:0002C880 000002B8 C=CODE     S=.text    G=(none)   M=Contnrs  ACBP=A9
 0001:0002CB38 00000254 C=CODE     S=.text    G=(none)   M=CommCtrl ACBP=A9
 0001:0002CD8C 00000787 C=CODE     S=.text    G=(none)   M=MultiMon ACBP=A9
 0001:0002D514 00000038 C=CODE     S=.text    G=(none)   M=Imm      ACBP=A9
 0001:0002D54C 00000FF8 C=CODE     S=.text    G=(none)   M=HelpIntfs ACBP=A9
 0001:0002E544 00000058 C=CODE     S=.text    G=(none)   M=WinSpool ACBP=A9
 0001:0002E59C 000010C8 C=CODE     S=.text    G=(none)   M=Printers ACBP=A9
 0001:0002F664 0000031F C=CODE     S=.text    G=(none)   M=FlatSB   ACBP=A9
 0001:0002F984 000001A4 C=CODE     S=.text    G=(none)   M=SyncObjs ACBP=A9
 0001:0002FB28 000009BB C=CODE     S=.text    G=(none)   M=UxTheme  ACBP=A9
 0001:000304E4 00000038 C=CODE     S=.text    G=(none)   M=RichEdit ACBP=A9
 0001:0003051C 00000AD4 C=CODE     S=.text    G=(none)   M=ToolWin  ACBP=A9
 0001:00030FF0 00000048 C=CODE     S=.text    G=(none)   M=ShellAPI ACBP=A9
 0001:00031038 00000038 C=CODE     S=.text    G=(none)   M=RegStr   ACBP=A9
 0001:00031070 00000038 C=CODE     S=.text    G=(none)   M=WinInet  ACBP=A9
 0001:000310A8 00000038 C=CODE     S=.text    G=(none)   M=UrlMon   ACBP=A9
 0001:000310E0 0000007C C=CODE     S=.text    G=(none)   M=ShlObj   ACBP=A9
 0001:0003115C 00000058 C=CODE     S=.text    G=(none)   M=CommDlg  ACBP=A9
 0001:000311B4 00000038 C=CODE     S=.text    G=(none)   M=Dlgs     ACBP=A9
 0001:000311EC 000025AD C=CODE     S=.text    G=(none)   M=Dialogs  ACBP=A9
 0001:0003379C 00004A02 C=CODE     S=.text    G=(none)   M=ExtCtrls ACBP=A9
 0001:000381A0 00000080 C=CODE     S=.text    G=(none)   M=ComStrs  ACBP=A9
 0001:00038220 0000069C C=CODE     S=.text    G=(none)   M=Clipbrd  ACBP=A9
 0001:000388BC 00000120 C=CODE     S=.text    G=(none)   M=StrUtils ACBP=A9
 0001:000389DC 00003821 C=CODE     S=.text    G=(none)   M=Buttons  ACBP=A9
 0001:0003C200 00000CE4 C=CODE     S=.text    G=(none)   M=ExtDlgs  ACBP=A9
 0001:0003CEE4 00000068 C=CODE     S=.text    G=(none)   M=IniFiles ACBP=A9
 0001:0003CF4C 00000068 C=CODE     S=.text    G=(none)   M=Registry ACBP=A9
 0001:0003CFB4 0000006C C=CODE     S=.text    G=(none)   M=Mapi     ACBP=A9
 0001:0003D020 00000058 C=CODE     S=.text    G=(none)   M=ExtActns ACBP=A9
 0001:0003D078 00000038 C=CODE     S=.text    G=(none)   M=ListActns ACBP=A9
 0001:0003D0B0 00011368 C=CODE     S=.text    G=(none)   M=ComCtrls ACBP=A9
 0001:0004E418 00000E3C C=CODE     S=.text    G=(none)   M=Themes   ACBP=A9
 0001:0004F254 0000873C C=CODE     S=.text    G=(none)   M=StdCtrls ACBP=A9
 0001:00057990 00000168 C=CODE     S=.text    G=(none)   M=StdActns ACBP=A9
 0001:00057AF8 00000D1F C=CODE     S=.text    G=(none)   M=WinHelpViewer ACBP=A9
 0001:00058818 0001126F C=CODE     S=.text    G=(none)   M=Controls ACBP=A9
 0001:00069A88 00001292 C=CODE     S=.text    G=(none)   M=ActnList ACBP=A9
 0001:0006AD1C 00001B9C C=CODE     S=.text    G=(none)   M=ImgList  ACBP=A9
 0001:0006C8B8 00006639 C=CODE     S=.text    G=(none)   M=Menus    ACBP=A9
 0001:00072EF4 0000C690 C=CODE     S=.text    G=(none)   M=Forms    ACBP=A9
 0001:0007F584 00000058 C=CODE     S=.text    G=(none)   M=ComConst ACBP=A9
 0001:0007F5DC 00000E65 C=CODE     S=.text    G=(none)   M=ComObj   ACBP=A9
 0001:00080444 000002AF C=CODE     S=.text    G=(none)   M=MSAAIntf ACBP=A9
 0001:000806F4 00000038 C=CODE     S=.text    G=(none)   M=StdVCL   ACBP=A9
 0001:0008072C 000008D7 C=CODE     S=.text    G=(none)   M=AxCtrls  ACBP=A9
 0001:00081004 00000050 C=CODE     S=.text    G=(none)   M=MMSystem ACBP=A9
 0001:00081054 00000308 C=CODE     S=.text    G=(none)   M=VTAccessibilityFactory ACBP=A9
 0001:0008135C 000483EF C=CODE     S=.text    G=(none)   M=VirtualTrees ACBP=A9
 0001:000C974C 00000050 C=CODE     S=.text    G=(none)   M=JConsts  ACBP=A9
 0001:000C979C 000133EC C=CODE     S=.text    G=(none)   M=jpeg     ACBP=A9
 0001:000DCB88 00001158 C=CODE     S=.text    G=(none)   M=States   ACBP=A9
 0001:000DDCE0 00000BFC C=CODE     S=.text    G=(none)   M=SpeedDemo ACBP=A9
 0001:000DE8DC 00000038 C=CODE     S=.text    G=(none)   M=FileCtrl ACBP=A9
 0001:000DE914 00000A2C C=CODE     S=.text    G=(none)   M=MaskUtils ACBP=A9
 0001:000DF340 00002998 C=CODE     S=.text    G=(none)   M=Mask     ACBP=A9
 0001:000E1CD8 00001BE8 C=CODE     S=.text    G=(none)   M=DrawTreeDemo ACBP=A9
 0001:000E38C0 000006A8 C=CODE     S=.text    G=(none)   M=VTHeaderPopup ACBP=A9
 0001:000E3F68 00000784 C=CODE     S=.text    G=(none)   M=GridDemo ACBP=A9
 0001:000E46EC 00001A9C C=CODE     S=.text    G=(none)   M=Editors  ACBP=A9
 0001:000E6188 00000AC0 C=CODE     S=.text    G=(none)   M=PropertiesDemo ACBP=A9
 0001:000E6C48 00000B84 C=CODE     S=.text    G=(none)   M=VisibilityDemo ACBP=A9
 0001:000E77CC 00001EAC C=CODE     S=.text    G=(none)   M=AlignDemo ACBP=A9
 0001:000E9678 00000D2C C=CODE     S=.text    G=(none)   M=WindowsXPStyleDemo ACBP=A9
 0001:000EA3A4 0000056C C=CODE     S=.text    G=(none)   M=MultilineDemo ACBP=A9
 0001:000EA910 00000BB4 C=CODE     S=.text    G=(none)   M=HeaderCustomDrawDemo ACBP=A9
 0001:000EB4C4 000006DC C=CODE     S=.text    G=(none)   M=Main     ACBP=A9
 0001:000EBBA0 000014B0 C=CODE     S=.text    G=(none)   M=GeneralAbilitiesDemo ACBP=A9
 0001:000ED050 00000335 C=CODE     S=.text    G=(none)   M=Advanced ACBP=A9
 0002:00000000 000000A0 C=DATA     S=.data    G=DGROUP   M=System   ACBP=A9
 0002:000000A0 00000020 C=DATA     S=.data    G=DGROUP   M=SysInit  ACBP=A9
 0002:000000C0 00000254 C=DATA     S=.data    G=DGROUP   M=SysUtils ACBP=A9
 0002:00000314 00000008 C=DATA     S=.data    G=DGROUP   M=VarUtils ACBP=A9
 0002:0000031C 00000136 C=DATA     S=.data    G=DGROUP   M=Variants ACBP=A9
 0002:00000454 0000000C C=DATA     S=.data    G=DGROUP   M=TypInfo  ACBP=A9
 0002:00000460 00000010 C=DATA     S=.data    G=DGROUP   M=ActiveX  ACBP=A9
 0002:00000470 00000064 C=DATA     S=.data    G=DGROUP   M=Classes  ACBP=A9
 0002:000004D4 0000030C C=DATA     S=.data    G=DGROUP   M=Graphics ACBP=A9
 0002:000007E0 00000004 C=DATA     S=.data    G=DGROUP   M=Printers ACBP=A9
 0002:000007E4 00000020 C=DATA     S=.data    G=DGROUP   M=ToolWin  ACBP=A9
 0002:00000804 0000012C C=DATA     S=.data    G=DGROUP   M=Dialogs  ACBP=A9
 0002:00000930 0000018C C=DATA     S=.data    G=DGROUP   M=ExtCtrls ACBP=A9
 0002:00000ABC 0000009E C=DATA     S=.data    G=DGROUP   M=Buttons  ACBP=A9
 0002:00000B5C 00000008 C=DATA     S=.data    G=DGROUP   M=IniFiles ACBP=A9
 0002:00000B64 00000008 C=DATA     S=.data    G=DGROUP   M=Registry ACBP=A9
 0002:00000B6C 00000008 C=DATA     S=.data    G=DGROUP   M=Mapi     ACBP=A9
 0002:00000B74 0000013C C=DATA     S=.data    G=DGROUP   M=ComCtrls ACBP=A9
 0002:00000CB0 00000068 C=DATA     S=.data    G=DGROUP   M=Themes   ACBP=A9
 0002:00000D18 000000CC C=DATA     S=.data    G=DGROUP   M=StdCtrls ACBP=A9
 0002:00000DE4 0000013C C=DATA     S=.data    G=DGROUP   M=Controls ACBP=A9
 0002:00000F20 00000020 C=DATA     S=.data    G=DGROUP   M=ImgList  ACBP=A9
 0002:00000F40 000000EC C=DATA     S=.data    G=DGROUP   M=Menus    ACBP=A9
 0002:0000102C 00000128 C=DATA     S=.data    G=DGROUP   M=Forms    ACBP=A9
 0002:00001154 00000030 C=DATA     S=.data    G=DGROUP   M=ComObj   ACBP=A9
 0002:00001184 00000014 C=DATA     S=.data    G=DGROUP   M=MSAAIntf ACBP=A9
 0002:00001198 00000005 C=DATA     S=.data    G=DGROUP   M=VTAccessibilityFactory ACBP=A9
 0002:000011A0 0000038C C=DATA     S=.data    G=DGROUP   M=VirtualTrees ACBP=A9
 0002:0000152C 00000908 C=DATA     S=.data    G=DGROUP   M=jpeg     ACBP=A9
 0002:00001E34 00000009 C=DATA     S=.data    G=DGROUP   M=MaskUtils ACBP=A9
 0002:00001E40 00000004 C=DATA     S=.data    G=DGROUP   M=Mask     ACBP=A9
 0002:00001E44 00000154 C=DATA     S=.data    G=DGROUP   M=Editors  ACBP=A9
 0002:00001F98 00000120 C=DATA     S=.data    G=DGROUP   M=WindowsXPStyleDemo ACBP=A9
 0002:000020B8 00000006 C=DATA     S=.data    G=DGROUP   M=GeneralAbilitiesDemo ACBP=A9
 0002:00003000 00000664 C=BSS      S=.bss     G=DGROUP   M=System   ACBP=A9
 0002:00003664 00000010 C=BSS      S=.bss     G=DGROUP   M=SysInit  ACBP=A9
 0002:00003674 00000004 C=BSS      S=.bss     G=DGROUP   M=Types    ACBP=A9
 0002:00003678 00000004 C=BSS      S=.bss     G=DGROUP   M=Windows  ACBP=A9
 0002:0000367C 00000004 C=BSS      S=.bss     G=DGROUP   M=Messages ACBP=A9
 0002:00003680 00000004 C=BSS      S=.bss     G=DGROUP   M=SysConst ACBP=A9
 0002:00003684 00000120 C=BSS      S=.bss     G=DGROUP   M=SysUtils ACBP=A9
 0002:000037A4 0000005C C=BSS      S=.bss     G=DGROUP   M=VarUtils ACBP=A9
 0002:00003800 00000040 C=BSS      S=.bss     G=DGROUP   M=Variants ACBP=A9
 0002:00003840 00000004 C=BSS      S=.bss     G=DGROUP   M=RTLConsts ACBP=A9
 0002:00003844 00000004 C=BSS      S=.bss     G=DGROUP   M=TypInfo  ACBP=A9
 0002:00003848 00000004 C=BSS      S=.bss     G=DGROUP   M=ActiveX  ACBP=A9
 0002:0000384C 00000044 C=BSS      S=.bss     G=DGROUP   M=Classes  ACBP=A9
 0002:00003890 00000004 C=BSS      S=.bss     G=DGROUP   M=Consts   ACBP=A9
 0002:00003894 00000060 C=BSS      S=.bss     G=DGROUP   M=Graphics ACBP=A9
 0002:000038F4 00000004 C=BSS      S=.bss     G=DGROUP   M=Math     ACBP=A9
 0002:000038F8 00000004 C=BSS      S=.bss     G=DGROUP   M=Contnrs  ACBP=A9
 0002:000038FC 0000000C C=BSS      S=.bss     G=DGROUP   M=CommCtrl ACBP=A9
 0002:00003908 00000031 C=BSS      S=.bss     G=DGROUP   M=MultiMon ACBP=A9
 0002:0000393C 00000004 C=BSS      S=.bss     G=DGROUP   M=Imm      ACBP=A9
 0002:00003940 00000008 C=BSS      S=.bss     G=DGROUP   M=HelpIntfs ACBP=A9
 0002:00003948 00000004 C=BSS      S=.bss     G=DGROUP   M=WinSpool ACBP=A9
 0002:0000394C 00000004 C=BSS      S=.bss     G=DGROUP   M=Printers ACBP=A9
 0002:00003950 00000034 C=BSS      S=.bss     G=DGROUP   M=FlatSB   ACBP=A9
 0002:00003984 00000004 C=BSS      S=.bss     G=DGROUP   M=SyncObjs ACBP=A9
 0002:00003988 000000CC C=BSS      S=.bss     G=DGROUP   M=UxTheme  ACBP=A9
 0002:00003A54 00000004 C=BSS      S=.bss     G=DGROUP   M=RichEdit ACBP=A9
 0002:00003A58 00000004 C=BSS      S=.bss     G=DGROUP   M=ToolWin  ACBP=A9
 0002:00003A5C 00000004 C=BSS      S=.bss     G=DGROUP   M=ShellAPI ACBP=A9
 0002:00003A60 00000004 C=BSS      S=.bss     G=DGROUP   M=RegStr   ACBP=A9
 0002:00003A64 00000004 C=BSS      S=.bss     G=DGROUP   M=WinInet  ACBP=A9
 0002:00003A68 00000004 C=BSS      S=.bss     G=DGROUP   M=UrlMon   ACBP=A9
 0002:00003A6C 00000004 C=BSS      S=.bss     G=DGROUP   M=ShlObj   ACBP=A9
 0002:00003A70 00000004 C=BSS      S=.bss     G=DGROUP   M=CommDlg  ACBP=A9
 0002:00003A74 00000004 C=BSS      S=.bss     G=DGROUP   M=Dlgs     ACBP=A9
 0002:00003A78 00000010 C=BSS      S=.bss     G=DGROUP   M=Dialogs  ACBP=A9
 0002:00003A88 00000004 C=BSS      S=.bss     G=DGROUP   M=ExtCtrls ACBP=A9
 0002:00003A8C 00000004 C=BSS      S=.bss     G=DGROUP   M=ComStrs  ACBP=A9
 0002:00003A90 0000000C C=BSS      S=.bss     G=DGROUP   M=Clipbrd  ACBP=A9
 0002:00003A9C 00000004 C=BSS      S=.bss     G=DGROUP   M=StrUtils ACBP=A9
 0002:00003AA0 00000030 C=BSS      S=.bss     G=DGROUP   M=Buttons  ACBP=A9
 0002:00003AD0 00000004 C=BSS      S=.bss     G=DGROUP   M=ExtDlgs  ACBP=A9
 0002:00003AD4 00000004 C=BSS      S=.bss     G=DGROUP   M=IniFiles ACBP=A9
 0002:00003AD8 00000004 C=BSS      S=.bss     G=DGROUP   M=Registry ACBP=A9
 0002:00003ADC 00000004 C=BSS      S=.bss     G=DGROUP   M=Mapi     ACBP=A9
 0002:00003AE0 00000009 C=BSS      S=.bss     G=DGROUP   M=ExtActns ACBP=A9
 0002:00003AEC 00000004 C=BSS      S=.bss     G=DGROUP   M=ListActns ACBP=A9
 0002:00003AF0 00000034 C=BSS      S=.bss     G=DGROUP   M=ComCtrls ACBP=A9
 0002:00003B24 00000008 C=BSS      S=.bss     G=DGROUP   M=Themes   ACBP=A9
 0002:00003B2C 00000004 C=BSS      S=.bss     G=DGROUP   M=StdCtrls ACBP=A9
 0002:00003B30 00000004 C=BSS      S=.bss     G=DGROUP   M=StdActns ACBP=A9
 0002:00003B34 00000014 C=BSS      S=.bss     G=DGROUP   M=WinHelpViewer ACBP=A9
 0002:00003B48 00000080 C=BSS      S=.bss     G=DGROUP   M=Controls ACBP=A9
 0002:00003BC8 00000004 C=BSS      S=.bss     G=DGROUP   M=ActnList ACBP=A9
 0002:00003BCC 0000000C C=BSS      S=.bss     G=DGROUP   M=ImgList  ACBP=A9
 0002:00003BD8 00000010 C=BSS      S=.bss     G=DGROUP   M=Menus    ACBP=A9
 0002:00003BE8 00000020 C=BSS      S=.bss     G=DGROUP   M=Forms    ACBP=A9
 0002:00003C08 00000004 C=BSS      S=.bss     G=DGROUP   M=ComConst ACBP=A9
 0002:00003C0C 00000011 C=BSS      S=.bss     G=DGROUP   M=ComObj   ACBP=A9
 0002:00003C20 00000020 C=BSS      S=.bss     G=DGROUP   M=MSAAIntf ACBP=A9
 0002:00003C40 00000004 C=BSS      S=.bss     G=DGROUP   M=StdVCL   ACBP=A9
 0002:00003C44 0000001C C=BSS      S=.bss     G=DGROUP   M=AxCtrls  ACBP=A9
 0002:00003C60 00000004 C=BSS      S=.bss     G=DGROUP   M=MMSystem ACBP=A9
 0002:00003C64 00000004 C=BSS      S=.bss     G=DGROUP   M=VTAccessibilityFactory ACBP=A9
 0002:00003C68 00000050 C=BSS      S=.bss     G=DGROUP   M=VirtualTrees ACBP=A9
 0002:00003CB8 00000004 C=BSS      S=.bss     G=DGROUP   M=JConsts  ACBP=A9
 0002:00003CBC 00000004 C=BSS      S=.bss     G=DGROUP   M=jpeg     ACBP=A9
 0002:00003CC0 00000008 C=BSS      S=.bss     G=DGROUP   M=States   ACBP=A9
 0002:00003CC8 00000004 C=BSS      S=.bss     G=DGROUP   M=SpeedDemo ACBP=A9
 0002:00003CCC 00000004 C=BSS      S=.bss     G=DGROUP   M=FileCtrl ACBP=A9
 0002:00003CD0 00000004 C=BSS      S=.bss     G=DGROUP   M=MaskUtils ACBP=A9
 0002:00003CD4 00000004 C=BSS      S=.bss     G=DGROUP   M=Mask     ACBP=A9
 0002:00003CD8 00000004 C=BSS      S=.bss     G=DGROUP   M=DrawTreeDemo ACBP=A9
 0002:00003CDC 00000004 C=BSS      S=.bss     G=DGROUP   M=VTHeaderPopup ACBP=A9
 0002:00003CE0 00000004 C=BSS      S=.bss     G=DGROUP   M=GridDemo ACBP=A9
 0002:00003CE4 00000004 C=BSS      S=.bss     G=DGROUP   M=Editors  ACBP=A9
 0002:00003CE8 00000004 C=BSS      S=.bss     G=DGROUP   M=PropertiesDemo ACBP=A9
 0002:00003CEC 00000004 C=BSS      S=.bss     G=DGROUP   M=VisibilityDemo ACBP=A9
 0002:00003CF0 00000044 C=BSS      S=.bss     G=DGROUP   M=AlignDemo ACBP=A9
 0002:00003D34 00000004 C=BSS      S=.bss     G=DGROUP   M=WindowsXPStyleDemo ACBP=A9
 0002:00003D38 0000007C C=BSS      S=.bss     G=DGROUP   M=MultilineDemo ACBP=A9
 0002:00003DB4 00000004 C=BSS      S=.bss     G=DGROUP   M=HeaderCustomDrawDemo ACBP=A9
 0002:00003DB8 00000008 C=BSS      S=.bss     G=DGROUP   M=Main     ACBP=A9
 0002:00003DC0 00000004 C=BSS      S=.bss     G=DGROUP   M=GeneralAbilitiesDemo ACBP=A9


  Address         Publics by Name

 0001:000D1AF0       ..
 0001:000D1418       ..
 0001:000D0118       ..
 0001:000D2B80       ..
 0002:000016C8       ..
 0001:000D2E74       ..
 0001:000CF4D0       ..
 0001:000D3144       ..
 0001:000CEF28       ..
 0001:000CE93C       ..
 0002:00001648       ..
 0001:000CDDB0       ..
 0002:000015C8       ..
 0001:000CD088       ..
 0001:000CC948       ..
 0001:000D4698       ..
 0001:000CC484       ..
 0001:000CBF20       ..
 0002:000015B8       ..
 0001:000CB2BC       ..
 0001:000D6614       ..
 0001:000D6724       ..
 0002:000019D4       ..
 0001:000D76D0       ..
 0001:000D7EF8       ..
 0001:000D8A28       ..
 0001:000D8B84       ..
 0001:000D90C0       ..
 0001:000D98C4       ..
 0001:000D9F4C       ..
 0001:000DA874       ..
 0002:000017D4       ..
 0001:000DBDF8       ..
 0002:00001D74       ..
 0001:000DAD8C       ..
 0002:00003C44       .02
 0002:00003B3C       .1
 0002:00003ADC       .1
 0002:00003970       .1
 0002:00003A9C       .1
 0002:00003A8C       .1
 0002:00003A44       .1
 0002:0000393C       .1
 0002:00003A54       .1
 0002:00003A5C       .1
 0002:00003928       .1
 0002:00003A60       .1
 0002:000038FC       .1
 0002:00003A74       .1
 0002:00003A70       .1
 0002:00003CB8       .1
 0002:0000366C       .1
 0002:00003C40       .1
 0002:00003A64       .1
 0002:00003890       .1
 0002:0000367C       .1
 0002:00003A6C       .1
 0002:00003840       .1
 0002:00003680       .1
 0002:00003A68       .1
 0002:00003C08       .1
 0002:00003674       .1
 0002:00003A78       .11
 0002:00003A88       .12
 0002:00003898       .12
 0002:00003CDC       .2
 0002:00003C34       .2
 0002:00003CC8       .2
 0002:00003C64       .2
 0002:00003DC0       .2
 0002:000038F4       .2
 0002:00003D38       .2
 0002:00003CE0       .2
 0002:00003B24       .2
 0002:00003D34       .2
 0002:00003CC4       .2
 0002:00003CE8       .2
 0002:00003CEC       .2
 0002:00003CF0       .2
 0002:00003940       .2
 0002:00003A94       .2
 0002:00003DBC       .2
 0002:00003CD8       .2
 0002:00003DB4       .2
 0002:00003CD0       .2
 0002:000038F8       .21
 0002:00003C7C       .23
 0002:00003CBC       .3
 0002:00003848       .3
 0002:00003BCC       .3
 0002:00003678       .3
 0002:00003948       .3
 0002:0000394C       .3
 0002:00003AD0       .3
 0002:00003794       .35
 0002:00003AF0       .36
 0002:00003AA0       .4
 0002:00003A58       .4
 0002:00003C0C       .41
 0002:00003BF0       .41
 0002:00003B2C       .42
 0002:00003858       .45
 0002:00003CD4       .5
 0002:000035BC       .5
 0002:000037FC       .5
 0002:00003CCC       .5
 0002:00003AD8       .5
 0002:00003984       .6
 0002:00003CE4       .6
 0002:00003844       .6
 0002:00003C60       .7
 0002:00003B50       .72
 0002:00003AE0       .72
 0002:00003B30       .73
 0002:00003BC8       .8
 0002:00003AEC       .8
 0002:00003AD4       .8
 0002:00003820       .81
 0002:00003BE0       .9
 0001:00001A60       @AbstractError
 0001:00002704       @AfterConstruction
 0001:000024F8       @AsClass
 0001:000030F4       @Assert
 0001:00001C04       @AStrCmp
 0001:00002714       @BeforeDestruction
 0001:00002280       @BoundErr
 0001:00002544       @CallDynaInst
 0001:000026AC       @ClassCreate
 0001:000026FC       @ClassDestroy
 0001:00001AD0       @Close
 0001:00001904       @Copy
 0001:00003FF8       @CopyArray
 0001:00003EDC       @CopyRecord
 0001:00004164       @DispCallByIDError
 0001:0000EA24       @DispInvokeError
 0001:00004100       @Dispose
 0001:00002B90       @DoneExcept
 0001:00004704       @DynArrayAddRef
 0001:000046DC       @DynArrayAsg
 0001:000046A0       @DynArrayClear
 0001:000045AC       @DynArrayCopyRange
 0001:000043EC       @DynArrayHigh
 0001:000043E4       @DynArrayLength
 0001:000045A0       @DynArraySetLength
 0001:00002C78       @ExceptionHandler
 0001:000019F4       @EXP
 0001:00001C74       @FillChar
 0001:00003EB8       @Finalize
 0001:00003DCC       @FinalizeArray
 0001:00003D80       @FinalizeRecord
 0001:0000255C       @FindDynaInst
 0001:00002274       @FpuInit
 0001:000021B0       @FpuMaskInit
 0001:00001A0C       @FRAC
 0001:0000178C       @FreeMem
 0001:0000176C       @GetMem
 0001:000054BC       @GetTls
 0001:000030DC       @Halt
 0001:00003004       @Halt0
 0001:00002828       @HandleAnyException
 0001:00002ADC       @HandleFinally
 0001:00002954       @HandleOnException
 0001:00005508       @InitExe
 0001:00003D74       @Initialize
 0001:00003CE0       @InitializeArray
 0001:00003CB0       @InitializeRecord
 0001:00002EAC       @InitImports
 0001:00002E84       @InitResStringImports
 0001:00002E60       @InitResStrings
 0001:00002ED0       @InitWideStrings
 0001:00004E00       @IntfAddRef
 0001:00004DD0       @IntfCast
 0001:00004D8C       @IntfClear
 0001:00004DA4       @IntfCopy
 0001:00002288       @IntOver
 0001:000024D4       @IsClass
 0001:00002180       @isNECWindows
 0001:000D6564       @jcopy_block_row
 0001:000D6518       @jcopy_sample_rows
 0001:000D64F0       @jdiv_round_up
 0001:000D0084       @jinit_1pass_quantizer
 0001:000D12F8       @jinit_2pass_quantizer
 0001:000D9D00       @jinit_color_converter
 0001:000CF304       @jinit_color_deconverter
 0001:000D7624       @jinit_compress_master
 0001:000D97FC       @jinit_c_coef_controller
 0001:000D8B00       @jinit_c_main_controller
 0001:000D8960       @jinit_c_master_control
 0001:000D9018       @jinit_c_prep_controller
 0001:000DA6EC       @jinit_downsampler
 0001:000D2A6C       @jinit_d_coef_controller
 0001:000D1A10       @jinit_d_main_controller
 0001:000D2DE0       @jinit_d_post_controller
 0001:000DAD10       @jinit_forward_dct
 0001:000CE8FC       @jinit_huff_decoder
 0001:000DCA54       @jinit_huff_encoder
 0001:000CC43C       @jinit_input_controller
 0001:000D30C8       @jinit_inverse_dct
 0001:000D6394       @jinit_marker_reader
 0001:000D7EA4       @jinit_marker_writer
 0001:000CD050       @jinit_master_decompress
 0001:000CBDE8       @jinit_memory_mgr
 0001:000CEEA8       @jinit_merged_upsampler
 0001:000CDD3C       @jinit_phuff_decoder
 0001:000DB81C       @jinit_phuff_encoder
 0001:000D3628       @jinit_upsampler
 0001:000D6584       @jpeg_abort
 0001:000D65FC       @jpeg_alloc_huff_table
 0001:000D65E4       @jpeg_alloc_quant_table
 0001:000DBACC       @jpeg_fdct_float
 0001:000DB860       @jpeg_fdct_ifast
 0001:000CE1E4       @jpeg_fill_bit_buffer
 0001:000CBEF4       @jpeg_free_large
 0001:000CBEE4       @jpeg_free_small
 0001:000DC798       @jpeg_gen_optimal_table
 0001:000CBEEC       @jpeg_get_large
 0001:000CBEDC       @jpeg_get_small
 0001:000CE330       @jpeg_huff_decode
 0001:000D465C       @jpeg_idct_1x1
 0001:000D446C       @jpeg_idct_2x2
 0001:000D40B8       @jpeg_idct_4x4
 0001:000D3840       @jpeg_idct_float
 0001:000D3C84       @jpeg_idct_ifast
 0001:000DBF88       @jpeg_make_c_derived_tbl
 0001:000CDEE8       @jpeg_make_d_derived_tbl
 0001:000CBEFC       @jpeg_mem_available
 0001:000CBF18       @jpeg_mem_init
 0001:000CBF1C       @jpeg_mem_term
 0001:000CBF08       @jpeg_open_backing_store
 0001:000D6260       @jpeg_resync_to_restart
 0001:000D73E8       @jpeg_suppress_tables
 0001:000D6500       @jround_up
 0001:000D6574       @jzero_far
 0001:00003648       @LStrAddRef
 0001:000031BC       @LStrArrayClr
 0001:000031EC       @LStrAsg
 0001:00003460       @LStrCat
 0001:000034A4       @LStrCat3
 0001:00003518       @LStrCatN
 0001:00003198       @LStrClr
 0001:000035A4       @LStrCmp
 0001:000036B8       @LStrCopy
 0001:000036F8       @LStrDelete
 0001:00003408       @LStrFromArray
 0001:00003380       @LStrFromChar
 0001:00003390       @LStrFromPChar
 0001:00003288       @LStrFromPCharLen
 0001:000033C0       @LStrFromPWChar
 0001:000032F4       @LStrFromPWCharLen
 0001:000033FC       @LStrFromString
 0001:00003420       @LStrFromWStr
 0001:00003740       @LStrInsert
 0001:00003230       @LStrLAsg
 0001:00003458       @LStrLen
 0001:0000379C       @LStrPos
 0001:000037E4       @LStrSetLength
 0001:00003658       @LStrToPChar
 0001:00003434       @LStrToString
 0001:000040EC       @New
 0001:0000325C       @NewAnsiString
 0001:00003850       @NewWideString
 0001:00001E94       @Pow10
 0001:00001B80       @PStrCmp
 0001:00001B58       @PStrCpy
 0001:00001B28       @PStrNCat
 0001:00001B64       @PStrNCpy
 0001:00002B3C       @RaiseAgain
 0001:00002B14       @RaiseExcept
 0001:00001C94       @RandInt
 0001:000017AC       @ReallocMem
 0001:00001A30       @ROUND
 0001:000030E8       @RunError
 0001:00001DB4       @SetElem
 0001:00001E30       @SetEq
 0001:00001E6C       @SetExpand
 0001:00001E44       @SetIntersect
 0001:00001DD8       @SetRange
 0001:00001E5C       @SetSub
 0001:00001E50       @SetUnion
 0001:00002E20       @StartExe
 0001:0000033C       @strlen
 0001:00001A3C       @TRUNC
 0001:00002BC0       @TryFinallyExit
 0001:000036B0       @UniqueStringA
 0001:000041B4       @ValInt64
 0001:00001CB0       @ValLong
 0001:00013AD0       @VarAddRef
 0001:0000F304       @VarCast
 0001:0000ED10       @VarClear
 0001:00003DB4       @VarClr
 0001:0000ED24       @VarClr
 0001:000143CC       @VarCmpEQ
 0001:000143DC       @VarCmpNE
 0001:0000F038       @VarCopy
 0001:00003EC4       @VarCopy
 0001:00013070       @VarFromBool
 0001:00012EFC       @VarFromByte
 0001:000130C0       @VarFromCurr
 0001:00013018       @VarFromCurrency
 0001:00013044       @VarFromDate
 0001:00013164       @VarFromDisp
 0001:00012FEC       @VarFromDouble
 0001:00012EA0       @VarFromInt
 0001:00012F9C       @VarFromInt64
 0001:00012EDC       @VarFromInteger
 0001:00013138       @VarFromIntf
 0001:00012F3C       @VarFromLongWord
 0001:000130D4       @VarFromLStr
 0001:00013098       @VarFromReal
 0001:00012F5C       @VarFromShortInt
 0001:00012FC8       @VarFromSingle
 0001:00012F7C       @VarFromSmallInt
 0001:000130AC       @VarFromTDateTime
 0001:00012F1C       @VarFromWord
 0001:00013100       @VarFromWStr
 0001:0000EA78       @VarNull
 0001:00010AD0       @VarToBool
 0001:00010788       @VarToBoolean
 0001:0000FBC8       @VarToByte
 0001:00011974       @VarToCurrency
 0001:0001140C       @VarToDate
 0001:00012DF4       @VarToDisp
 0001:00010C9C       @VarToDouble
 0001:0001018C       @VarToInt64
 0001:0000F6C8       @VarToInteger
 0001:00012D28       @VarToIntf
 0001:0000FE40       @VarToLongWord
 0001:00012028       @VarToLStr
 0001:00011018       @VarToReal
 0001:0000FB18       @VarToShortInt
 0001:00011034       @VarToSingle
 0001:0000FC70       @VarToSmallInt
 0001:0000FD68       @VarToWord
 0001:00012750       @VarToWStr
 0001:00003C90       @WStrAddRef
 0001:00003890       @WStrArrayClr
 0001:000038B4       @WStrAsg
 0001:00003A20       @WStrCat
 0001:00003A80       @WStrCat3
 0001:00003AE4       @WStrCatN
 0001:00003878       @WStrClr
 0001:00003B2C       @WStrCmp
 0001:00003BB0       @WStrCopy
 0001:000039DC       @WStrFromArray
 0001:000039F4       @WStrFromLStr
 0001:000038E0       @WStrFromPCharLen
 0001:000039A0       @WStrFromPWChar
 0001:0000396C       @WStrFromPWCharLen
 0001:00003990       @WStrFromWChar
 0001:000038D8       @WStrLAsg
 0001:00003A14       @WStrLen
 0001:00003BFC       @WStrPos
 0001:00003C4C       @WStrSetLength
 0001:00003A04       @WStrToPWChar
 0001:00001D90       @_CLenToPasStr
 0001:00001D84       @_CToPasStr
 0001:000018D4       @_IOTest
 0001:0000416C       @_llmul
 0001:00004190       @_llmulo
 0001:0000B5D4       Abort
 0001:0002E6A8       AbortProc
 0001:0005B858       AbsMin
 0001:0000B9A0       AbstractErrorHandler
 0002:0000302C       AbstractErrorProc
 0002:0000119C       AccessibilityAvailable
 0002:00003C28       AccessibleObjectFromWindow
 0002:00000144       AccessMode
 0002:00003C38       AccLibrary
 0001:0000183C       AcquireExceptionObject
 0001:00017D80       ActivateClassGroup
 0001:00005C90       ActivateKeyboardLayout
 0002:00003B84       ActiveDrag
 0001:000155F8       ActiveX
 0001:0006ACF0       ActnList
 0001:00000478       AddBlockAfter
 0002:00000470       AddDataModule
 0001:00007540       AddExitProc
 0001:0001BEA0       AddFinished
 0001:0006E4EC       AddIn
 0001:00004C30       AddModuleUnloadProc
 0001:00004C20       AddModuleUnloadProc
 0001:00090070       AddNodeImages
 0001:0001BED8       AddNotFinished
 0001:0001C8FC       AddSubComponentsToLoaded
 0001:0009018C       AddSystemImage
 0001:00020E64       AddThread
 0001:00090CAC       AddThreadReference
 0001:000267A4       AdjustColor
 0001:000366D8       AdjustColors
 0001:00095784       AdjustColumnIndex
 0001:00075504       Adjustment
 0001:00005C98       AdjustWindowRectEx
 0001:000ED328       Advanced
 0001:000E9670       AlignDemo
 0002:00000DD4       Alignments
 0002:00000D20       Alignments
 0002:00000938       Alignments
 0002:00001004       Alignments
 0002:00000DC4       Alignments
 0002:00001014       Alignments
 0002:0000120C       AlignmentToDrawFlag
 0001:00061038       AlignWork
 0001:0007C56C       AlignWork
 0001:0002264C       AllocateHWnd
 0001:00032694       AllocFilterStr
 0001:000074F4       AllocMem
 0002:000035B4       AllocMemCount
 0002:000035B8       AllocMemSize
 0001:0002C52C       AllocPatternBitmap
 0001:00005464       AllocTlsBuffer
 0001:0008F98C       AlphaBlend
 0001:0008F5F0       AlphaBlendLineConstant
 0001:0008F6D4       AlphaBlendLineMaster
 0001:0008F758       AlphaBlendLineMasterAndColor
 0001:0008F664       AlphaBlendLinePerPixel
 0001:000A3560       AlphaBlendSelection
 0001:0001F65C       AncestorIsValid
 0002:00000DF0       AnchorAlign
 0002:00000DE4       AnimateWindowProc
 0002:00000EEC       AnimationStyle
 0001:00007720       AnsiCompareStr
 0001:00007758       AnsiCompareText
 0001:0000812C       AnsiLastChar
 0001:00005CA0       AnsiLower
 0001:000076EC       AnsiLowerCase
 0001:0000C358       AnsiLowerCaseFileName
 0001:0000C320       AnsiPos
 0001:00007868       AnsiQuotedStr
 0001:00072D00       AnsiSameCaption
 0001:00007790       AnsiSameText
 0001:000077A8       AnsiStrLIComp
 0001:0000C3E4       AnsiStrPos
 0001:0000C484       AnsiStrRScan
 0001:0000C4AC       AnsiStrScan
 0001:00005200       AnsiToUtf8
 0001:000076B8       AnsiUpperCase
 0001:00012CB0       AnyToIntf
 0001:00009874       AppendChars
 0001:00009C38       AppendFormat
 0001:000098D8       AppendNumber
 0001:000098B8       AppendString
 0002:00003BE8       Application
 0002:00000480       ApplicationHandleException
 0002:00000488       ApplicationShowException
 0002:0000114C       AppVisible
 0002:00003D18       ArabicStrings
 0002:00001E40       ArrowKey
 0001:0000B984       AssertErrorHandler
 0002:00003024       AssertErrorProc
 0001:00014AC0       AssignLongStr
 0001:0001513C       AssignVariant
 0002:00000BBC       ATickMarks
 0002:0000360C       avail
 0001:00080FE0       AxCtrls
 0001:000082FC       BackfillGetDiskFreeSpaceEx
 0001:0005E414       BackgroundClipped
 0001:0000D8D8       BackupVarBoolFromStr
 0001:0000DA38       BackupVarBStrFromBool
 0001:0000D958       BackupVarBStrFromCy
 0001:0000D9C8       BackupVarBStrFromDate
 0001:0000D86C       BackupVarCyFromStr
 0001:0000D800       BackupVarDateFromStr
 0001:0000D6BC       BackupVarI4FromStr
 0001:0000D668       BackupVariantChangeTypeEx
 0001:0000D728       BackupVarR4FromStr
 0001:0000D794       BackupVarR8FromStr
 0002:00000C18       BandBorderStyles
 0002:00000334       BaseTypeMap
 0001:0000BF78       Beep
 0001:00005CA8       BeginDeferWindowPos
 0001:00018154       BeginGlobalLoading
 0001:00005CB0       BeginPaint
 0001:0000314C       BeginThread
 0001:000267B0       BetterSize
 0001:00035FC8       BevelLine
 0001:00035ED8       BevelRect
 0001:0006F360       BiDiDraw
 0001:00005990       BitBlt
 0002:00000AE8       BitBtnCaptions
 0002:00003AA4       BitBtnGlyphs
 0002:00000B14       BitBtnModalResults
 0002:00000ABC       BitBtnResNames
 0002:00000794       BitCounts
 0002:0000078C       BitmapCanvasList
 0002:000038B0       BitmapImageLock
 0001:0000D6A4       BiUnimplemented
 0002:000004A8       BlockCode
 0002:000035E4       blockDescBlockList
 0002:000035E8       blockDescFreeList
 0002:00000454       BooleanIdents
 0002:00000330       BooleanToStringRule
 0001:00007D74       BoolToStr
 0001:00011DB0       BoolToWStrViaOS
 0002:00000C38       BorderStyles
 0002:00000930       BorderStyles
 0002:00000D18       BorderStyles
 0001:00017098       Bounds
 0001:000055A8       Bounds
 0002:00000FAC       Breaks
 0002:00000C40       BreakStyles
 0002:000038E8       BrushManager
 0001:000CA474       BuildColorMap
 0001:00071B14       BuildImage
 0001:000CA3CC       BuildPalette
 0002:00000904       ButtonCaptions
 0002:00000B44       ButtonCount
 0002:000008D8       ButtonNames
 0002:00000CA8       ButtonPos
 0002:00001028       Buttons
 0001:0003C1D8       Buttons
 0002:00000BC8       ButtonStates
 0002:00000DBC       ButtonStyles
 0002:00000BD8       ButtonStyles
 0001:00025F90       BytesPerScanline
 0001:000262E8       ByteSwapColors
 0001:0000C05C       ByteToCharIndex
 0001:0000C034       ByteToCharLen
 0001:0000BFF8       ByteType
 0001:0000BF80       ByteTypeTest
 0002:00003BD0       CachedComCtrlVer
 0001:00022588       CalcJmpOffset
 0001:00047D50       CalcSize
 0001:00068D5C       CalcSplitterPos
 0001:0008F918       CalculateScanline
 0001:00005CB8       CallNextHookEx
 0001:0000CB78       CallTerminateProcs
 0001:00005CC0       CallWindowProc
 0001:0005C890       CancelDrag
 0002:000038EC       CanvasList
 0002:00003B98       CanvasList
 0002:000008C4       Captions
 0002:00000EA8       CaptureControl
 0002:00000F4C       cBooleanToItemAutoFlag
 0002:00000364       CBooleanToRelationship
 0001:0002C734       Ceil
 0001:00031FA4       CenterWindow
 0002:00003A92       CF_COMPONENT
 0002:00003C72       CF_CSV
 0002:00003C70       CF_HTML
 0002:00003A90       CF_PICTURE
 0002:00003C68       CF_VIRTUALTREE
 0002:00003C6C       CF_VRTF
 0002:00003C6E       CF_VRTFNOOBJS
 0002:00003C6A       CF_VTREFERENCE
 0002:00003818       ChangeAnyProc
 0001:0005ADBC       ChangeBiDiModeAlignment
 0001:000081AC       ChangeFileExt
 0001:0009EB94       ChangeWidth
 0002:00000D40       CharCases
 0002:00000D70       CharCases
 0001:000032B8       CharFromWChar
 0001:0000C230       CharLength
 0001:00005CC8       CharLowerBuff
 0001:000002AC       CharNext
 0001:00005CD0       CharNext
 0001:000246BC       CharsetToIdent
 0001:0000C144       CharToByteIndex
 0001:0000C1A8       CharToByteLen
 0001:00005CD8       CharToOemA
 0001:00005CE0       CharUpperBuff
 0001:00026D78       CheckBool
 0001:00042B14       CheckCommonControl
 0001:000027A4       CheckJmp
 0001:00005CE8       CheckMenuItem
 0002:00000F9C       Checks
 0002:00001384       CheckStateToCheckImage
 0001:0001C938       CheckSubComponents
 0001:00020E7C       CheckSynchronize
 0001:00074F38       CheckTaskWindow
 0001:00013190       CheckType
 0001:0005C544       CheckUndock
 0001:0000BE6C       CheckWin32Version
 0001:0003116C       ChooseFont
 0002:0000034C       CInvalidCustomVariantType
 0002:00000F50       cItemAutoFlagToBoolean
 0002:00000F48       cItemAutoFlagToMenu
 0001:000227D8       Classes
 0001:00017B44       ClassNotFound
 0002:00003814       ClearAnyProc
 0001:00023F4C       ClearColor
 0001:00080124       ClearExcepInfo
 0001:00013F80       ClearVariantTypeList
 0001:00005CF0       ClientToScreen
 0001:00066300       ClientToWindow
 0001:00038778       Clipboard
 0002:00001218       ClipboardDescriptions
 0002:00000784       ClipboardFormats
 0001:00038864       Clipbrd
 0001:00005CF8       CloseClipboard
 0001:00005708       CloseHandle
 0001:0002E544       ClosePrinter
 0002:0000398C       CloseThemeData
 0002:000011C0       CLSID_DragDropHelper
 0002:00003040       CmdLine
 0002:0000303C       CmdShow
 0002:00000F44       cMenuAutoFlagToItem
 0002:00000370       CmpTypeMap
 0001:0000D6B0       CmpUnimplemented
 0002:0000115C       CoAddRefServerProcess
 0001:00015540       CoCreateInstance
 0002:00001154       CoCreateInstanceEx
 0001:000B22E0       CodePageFromLocale
 0002:0000116C       CoInitFlags
 0001:00015530       CoInitialize
 0002:00001158       CoInitializeEx
 0001:00018410       CollectionsEqual
 0002:00000C60       ColorIndex
 0002:00000504       Colors
 0001:000244B4       ColorToIdent
 0002:00000944       ColorToPretyName
 0001:000244A4       ColorToRGB
 0001:00005998       CombineRgn
 0002:00000D5C       ComboBoxStyles
 0002:00003C14       ComClassManagerVar
 0001:0007F5D4       ComConst
 0002:00003900       ComCtl32DLL
 0002:00003AFC       ComCtlVersion
 0001:0004E410       ComCtrls
 0002:00003BE4       CommandPool
 0001:0002CD84       CommCtrl
 0001:000311AC       CommDlg
 0001:00000758       Commit
 0002:00003628       committedRoot
 0001:000803EC       ComObj
 0001:0006DAD0       CompareFront
 0001:00007620       CompareMem
 0001:000075F0       CompareStr
 0001:00005710       CompareString
 0001:00007640       CompareText
 0001:00007C9C       CompareWith
 0001:0001CA18       ComponentCreated
 0001:00026B48       ComputeAldusChecksum
 0001:0009DA90       ComputeConstraints
 0001:00038218       ComStrs
 0001:00022BEC       Consts
 0001:0002CB30       Contnrs
 0002:00003B56       ControlAtom
 0002:00003B5C       ControlAtomString
 0001:00079CCC       ControlHasHelp
 0001:000699F8       Controls
 0001:0000B374       ConvertAddr
 0001:000099C8       ConvertEraString
 0001:000074B8       ConvertError
 0001:000074D0       ConvertErrorFmt
 0001:0008FD68       ConvertImageList
 0001:00097458       ConvertOptions
 0001:000C6074       ConvertSurrogate
 0001:000EB81C       ConvertToHighColor
 0001:00009B30       ConvertYearString
 0001:000043F4       CopyArray
 0001:00029784       CopyBitmap
 0001:00029E4C       CopyBitmapAsMask
 0001:000332B4       CopyData
 0001:000059A0       CopyEnhMetaFile
 0001:0003B550       CopyImage
 0001:00005D00       CopyImage
 0001:0003BF88       CopyImage
 0001:00029DE8       CopyPalette
 0002:00000CB4       Copyright
 0002:000011E0       Copyright
 0001:00070BC0       CopyToBest
 0002:00001160       CoReleaseServerProcess
 0002:00001164       CoResumeClassObjects
 0002:00001168       CoSuspendClassObjects
 0001:00015548       CoTaskMemAlloc
 0001:00015538       CoUninitialize
 0001:0000C0B4       CountChars
 0002:000038C8       CounterLock
 0002:00000350       CRangeToType
 0001:0000B8C8       CreateAssertException
 0001:0000BA50       CreateAVObject
 0001:000059A8       CreateBitmap
 0001:000059B0       CreateBrushIndirect
 0001:000B6F78       CreateClipRegion
 0001:000059B8       CreateCompatibleBitmap
 0001:000059C0       CreateCompatibleDC
 0001:0001CA98       CreateComponent
 0001:00015550       CreateDataAdviseHolder
 0001:000059C8       CreateDC
 0001:000059D8       CreateDIBitmap
 0001:000059D0       CreateDIBSection
 0001:00005718       CreateEvent
 0001:00005720       CreateFile
 0001:000059E0       CreateFontIndirect
 0001:000059E8       CreateHalftonePalette
 0001:000059F0       CreateIC
 0001:00005D08       CreateIcon
 0001:0000B7F4       CreateInOutError
 0001:000293D8       CreateMappedRes
 0001:00005D10       CreateMenu
 0001:000059F8       CreatePalette
 0001:00005A00       CreatePatternBrush
 0001:00005A08       CreatePen
 0001:00005A10       CreatePenIndirect
 0001:00005D18       CreatePopupMenu
 0001:00005A18       CreateRectRgn
 0001:00005A20       CreateRectRgnIndirect
 0001:00005A28       CreateSolidBrush
 0002:00003C2C       CreateStdAccessibleObject
 0002:00003C30       CreateStdAccessibleProxy
 0001:00015598       CreateStreamOnHGlobal
 0001:000902EC       CreateSystemImageSet
 0001:00026340       CreateSystemPalette
 0001:000002B4       CreateThread
 0001:00005728       CreateThread
 0001:0000637C       CreateWindow
 0001:00006324       CreateWindowEx
 0002:00000DE8       CreationControl
 0002:00000808       CreationControl
 0002:00000440       CRelationshipToBoolean
 0002:00000314       CResult
 0002:0000013C       cSimpleBoolStrs
 0002:000003EC       CText
 0002:00000DB4       Ctl3DStyles
 0002:000014D4       Ctl3DStyles
 0002:00000EE4       Ctl3DStyles
 0002:000007FC       Ctl3DStyles
 0002:00003620       curAlloc
 0001:00013424       CurrCompare
 0002:0000368C       CurrencyDecimals
 0002:00003688       CurrencyFormat
 0002:00003684       CurrencyString
 0001:00009860       CurrentYear
 0001:000091D4       CurrToStr
 0001:00011D40       CurrToWStrViaOS
 0002:000010C4       CursorMap
 0002:00000DF8       Cursors
 0001:0005B0DC       CursorToIdent
 0002:000010B4       cUseAlpha
 0002:000010BC       cUseColorKey
 0002:00000C0C       CustomizeStyles
 0001:000079F0       CvtInt
 0001:00007A5C       CvtInt64
 0002:0000017C       CWNear
 0002:00003C90       DarkCheckImages
 0002:00003C98       DarkTickImages
 0001:0000975C       Date
 0001:000133FC       DateCompare
 0002:0000368D       DateSeparator
 0001:0000A460       DateTimeToStr
 0001:0000A3EC       DateTimeToString
 0001:00009684       DateTimeToSystemTime
 0001:00009294       DateTimeToTimeStamp
 0001:0002CD44       DateTime_GetMonthCal
 0001:0002CD28       DateTime_SetMonthCalColor
 0001:0002CD0C       DateTime_SetRange
 0001:0002CCF0       DateTime_SetSystemTime
 0001:0000A448       DateToStr
 0001:00011D78       DateToWStrViaOS
 0001:00009734       DayOfWeek
 0002:00000178       DCon10
 0002:00000500       DDBsOnly
 0001:00022700       DeallocateHWnd
 0002:0000002C       DebugHook
 0002:0000368B       DecimalSeparator
 0001:00009664       DecodeDate
 0001:00009518       DecodeDateFully
 0001:00009388       DecodeTime
 0001:000007EC       Decommit
 0001:00000E08       DecommitFree
 0002:000035FC       decommittedRoot
 0001:00077954       Default
 0001:0007D28C       Default
 0002:00000024       Default8087CW
 0002:00001E34       DefaultBlank
 0002:00000DEC       DefaultDockTreeClass
 0002:000035C0       DefaultUserCodePage
 0002:00001E60       DefaultValue
 0002:00000754       DefBrushData
 0001:00005D38       DeferWindowPos
 0002:000004D4       DefFontData
 0001:00005D20       DefFrameProc
 0002:00000208       DefLongDayNames
 0002:000001BC       DefLongMonthNames
 0001:00005D28       DefMDIChildProc
 0002:00000734       DefPenData
 0002:000001EC       DefShortDayNames
 0002:0000018C       DefShortMonthNames
 0001:00005D30       DefWindowProc
 0001:00004740       DelayLoadResourceModule
 0001:000004A8       DeleteBlock
 0001:00000418       DeleteCriticalSection
 0001:00005730       DeleteCriticalSection
 0001:00005A30       DeleteDC
 0001:00005A38       DeleteEnhMetaFile
 0001:00000C50       DeleteFree
 0001:00005D40       DeleteMenu
 0001:00005A40       DeleteObject
 0001:000562E8       DeleteSelectedText
 0002:00003D3C       DemoText
 0001:0002909C       DeselectBitmap
 0001:00005D48       DestroyCursor
 0001:00005D50       DestroyIcon
 0001:0003C098       DestroyLocals
 0001:00005D58       DestroyMenu
 0001:00005D60       DestroyWindow
 0002:000008AC       Devices
 0001:000584CC       DialogEnumerationTester
 0001:00032058       DialogHook
 0001:0003375C       Dialogs
 0002:00000790       DIBPalSizes
 0002:00000090       dig
 0001:00074D8C       DisableTaskWindows
 0001:0007FB38       DispatchInvoke
 0001:00080118       DispatchInvokeError
 0001:00005D68       DispatchMessage
 0001:0007AFAC       DispatchShortCut
 0001:00080134       DispCall
 0001:00080218       DispCallByID
 0002:00003000       DispCallByIDProc
 0001:00080044       DispCallError
 0001:0000749C       DivMod
 0001:000311E4       Dlgs
 0001:00060EC8       DoAlign
 0001:0007C420       DoAlign
 0001:0009E1D4       DoAutoFitColumn
 0001:00064FC0       DoCalcConstraints
 0002:00003B8C       DockSiteList
 0001:000717E0       DoClick
 0001:0006260C       DoControlMsg
 0001:0002E54C       DocumentProperties
 0001:00074D3C       DoDisableWindow
 0001:00015578       DoDragDrop
 0001:0005BE70       DoDragOver
 0001:00007514       DoExitProc
 0001:00067030       DoFindControlZone
 0001:00074E78       DoFindWindow
 0001:000675BC       DoFindZone
 0001:000670B4       DoForEach
 0001:000689C0       DoGetNextLimit
 0001:00074D04       DoneApplication
 0001:00069720       DoneControls
 0001:0000BD7C       DoneExceptions
 0001:00079328       DoNestedActivation
 0001:00020E18       DoneThreadSynchronization
 0001:0007C270       DoPosition
 0001:00060A88       DoPosition
 0001:00067FE8       DoPrune
 0001:0003573C       DoRect
 0001:000684C0       DoSaveZone
 0001:000A5F60       DoScrollDown
 0001:000A5E7C       DoScrollUp
 0001:000686C4       DoSetNewBounds
 0001:00092FF8       DoShadowBlend
 0001:000C18F8       DoSort
 0002:0000045C       DotSep
 0002:00000BE4       DownMessage
 0002:00000B48       DownStyles
 0001:00019F1C       DoWrite
 0001:0006C130       DoWrite
 0001:000281B8       DoWrite
 0001:00026FD0       DoWrite
 0001:00061BF4       DoWriteDesignSize
 0001:0005F54C       DoWriteIsControl
 0002:00003B70       DragCapture
 0002:00003B64       DragControl
 0001:0005C5B8       DragDone
 0001:0005BE20       DragFindTarget
 0001:0005BDF4       DragFindWindow
 0002:00003B88       DragImageList
 0001:0005C210       DragInit
 0001:0005C380       DragInitControl
 0002:00003B6C       DragInternalObject
 0001:0005BD3C       DragMessage
 0002:00003B68       DragObject
 0002:00003B94       DragSave
 0002:00003B7C       DragSaveCursor
 0002:00003B74       DragStartPos
 0002:00003B80       DragThreshold
 0001:0005BF40       DragTo
 0001:0007D2C8       DrawAppIcon
 0001:000A35FC       DrawBackground
 0001:00067B54       DrawCloseButton
 0001:00005D70       DrawEdge
 0001:00005D78       DrawFocusRect
 0001:00005D80       DrawFrameControl
 0001:00067BAC       DrawGrabberLine
 0001:0009303C       DrawHintShadow
 0001:00005D88       DrawIcon
 0001:00005D90       DrawIconEx
 0002:00000F20       DrawingStyles
 0001:00005D98       DrawMenuBar
 0001:00072B20       DrawMenuItem
 0001:00005DA0       DrawText
 0001:0008E3B8       DrawTextW
 0001:00005DA8       DrawTextW
 0002:00003990       DrawThemeBackground
 0002:000039B4       DrawThemeEdge
 0002:000039B8       DrawThemeIcon
 0002:00003A3C       DrawThemeParentBackground
 0002:00003994       DrawThemeText
 0001:000E38B8       DrawTreeDemo
 0001:00025E10       DupBits
 0001:000388BC       DupeString
 0001:0000440C       DynArrayClear
 0001:00004414       DynArraySetLength
 0002:0000100C       EdgeStyle
 0002:00000ED4       EdgeStyles
 0002:00000DA4       EdgeStyles
 0002:000014C4       EdgeStyles
 0001:000E6180       Editors
 0001:0000B7C8       EHeapException.FreeInstance
 0001:000C9A5C       EmitMessage
 0001:0008F7AC       EMMS
 0001:00005DB0       EmptyClipboard
 0001:00013288       EmptyCompare
 0002:00003800       EmptyParam
 0002:000000C0       EmptyStr
 0002:000000C4       EmptyWideStr
 0001:00005DB8       EnableMenuItem
 0002:00000FA4       Enables
 0001:00005DC0       EnableScrollBar
 0001:00074E40       EnableTaskWindows
 0002:00003A24       EnableThemeDialogTexture
 0002:00003A40       EnableTheming
 0001:00005DC8       EnableWindow
 0001:000094E8       EncodeDate
 0001:00009348       EncodeTime
 0001:00005DD0       EndDeferWindowPos
 0001:00005A48       EndDoc
 0001:000181DC       EndGlobalLoading
 0001:00005A50       EndPage
 0001:00005DD8       EndPaint
 0001:00003190       EndThread
 0001:00000408       EnterCriticalSection
 0001:00005738       EnterCriticalSection
 0001:00005740       EnumCalendarInfoA
 0001:00005DE0       EnumClipboardFormats
 0002:00003924       EnumDisplayMonitors
 0001:0000AFE8       EnumEraNames
 0001:0000B024       EnumEraYearOffsets
 0001:00005A58       EnumFontFamiliesEx
 0001:0007B740       EnumFontsProc
 0001:00077F18       EnumMonitorsProc
 0001:0002E554       EnumPrinters
 0001:00004BEC       EnumResourceModules
 0001:00004BF4       EnumResourceModules
 0001:00007DE0       EnumStringModules
 0001:00005DE8       EnumThreadWindows
 0001:0001C248       EnumValue
 0001:00005DF0       EnumWindows
 0001:0007F868       EOleException.Create
 0001:0007F798       EOleSysError.Create
 0001:00005DF8       EqualRect
 0002:00003754       EraNames
 0001:000A5D80       EraseLine
 0001:0000A6D8       EraToYear
 0002:00003770       EraYearOffsets
 0002:00000068       errCaption
 0001:000018C8       Error
 0001:0001BA2C       Error
 0001:000176E8       Error
 0001:0006D820       Error
 0002:00000004       ErrorAddr
 0001:0000187C       ErrorAt
 0001:0000B874       ErrorHandler
 0002:00000224       ErrorMap
 0002:00003008       ErrorProc
 0002:000033E8       ErrOutput
 0001:0000181C       ExceptAddr
 0002:0000300C       ExceptClsProc
 0001:0000BCE8       ExceptHandler
 0001:0000B5F4       Exception.Create
 0001:0000B630       Exception.CreateFmt
 0001:0000B780       Exception.CreateHelp
 0001:0000B6B0       Exception.CreateRes
 0001:0000B6EC       Exception.CreateResFmt
 0002:0000301C       ExceptionClass
 0001:0000B380       ExceptionErrorMessage
 0002:0000025C       ExceptMap
 0001:000017FC       ExceptObject
 0002:00003010       ExceptObjProc
 0002:00003004       ExceptProc
 0001:00005A60       ExcludeClipRect
 0001:000E2070       ExcludeTrailingBackslash
 0002:00000000       ExitCode
 0001:00002F48       ExitDll
 0002:00003048       ExitProc
 0001:000002C4       ExitProcess
 0002:00003028       ExitProcessProc
 0002:00000138       ExitProcList
 0001:000002BC       ExitThread
 0001:000082C0       ExpandFileName
 0001:00032330       ExplorerHook
 0001:0003D070       ExtActns
 0001:00038170       ExtCtrls
 0001:0003CEDC       ExtDlgs
 0001:00008278       ExtractFileExt
 0001:000329A8       ExtractFileName
 0001:00008240       ExtractFileName
 0001:000329F0       ExtractFileNames
 0001:00005A68       ExtTextOut
 0001:00005A70       ExtTextOutW
 0001:000155BC       Failed
 0002:00003790       FalseBoolStrs
 0002:00003A98       FClipboard
 0002:0000016C       FCon1E18
 0001:0002E65C       FetchStr
 0001:00007FC0       FileAge
 0001:00007FB8       FileClose
 0001:00007EFC       FileCreate
 0001:00007F20       FileCreate
 0001:000DE90C       FileCtrl
 0001:00008028       FileExists
 0002:00000788       FileFormats
 0002:0000000C       FileMode
 0001:00007EA4       FileOpen
 0001:00007F28       FileRead
 0002:00000498       FilerSignature
 0001:00007F80       FileSeek
 0001:00005748       FileTimeToDosDateTime
 0001:00005750       FileTimeToLocalFileTime
 0001:00007F54       FileWrite
 0001:00000D38       FillAfterGap
 0001:00000CE4       FillBeforeGap
 0001:0008EF8C       FillDragRectangles
 0001:00000DD0       FillerSizeAfterGap
 0001:00000D60       FillerSizeBeforeGap
 0001:00005E00       FillRect
 0002:00000B50       FillStyles
 0001:000E1CA0       Finalization
 0001:000DF308       Finalization
 0001:0000D448       Finalization
 0001:0002CB00       Finalization
 0001:00030474       Finalization
 0001:000304E4       Finalization
 0001:000E3888       Finalization
 0001:000E3F30       Finalization
 0001:000E46B4       Finalization
 0001:000E6124       Finalization
 0001:000E6C10       Finalization
 0001:00030FB8       Finalization
 0001:00031000       Finalization
 0001:000E7794       Finalization
 0001:00031038       Finalization
 0001:0000DE04       Finalization
 0001:00031070       Finalization
 0001:000310A8       Finalization
 0001:00031124       Finalization
 0001:000DE8DC       Finalization
 0001:0003117C       Finalization
 0001:000DE8A4       Finalization
 0001:000311B4       Finalization
 0001:000DDCA8       Finalization
 0001:000DCA98       Finalization
 0001:0002C848       Finalization
 0001:0002FAF0       Finalization
 0001:00033700       Finalization
 0001:00081318       Finalization
 0001:0008101C       Finalization
 0001:00080F80       Finalization
 0001:000806F4       Finalization
 0001:0002F944       Finalization
 0001:0004E398       Finalization
 0001:0008068C       Finalization
 0001:0004F208       Finalization
 0001:0008036C       Finalization
 0001:0002C564       Finalization
 0001:00072DFC       Finalization
 0001:0002F620       Finalization
 0001:0007F5A4       Finalization
 0001:000143EC       Finalization
 0001:00014610       Finalization
 0001:0007F4E4       Finalization
 0001:0002E564       Finalization
 0001:000153A0       Finalization
 0001:00038128       Finalization
 0001:000381E8       Finalization
 0001:00038828       Finalization
 0001:000155C8       Finalization
 0001:0002E4FC       Finalization
 0001:00069990       Finalization
 0001:00022728       Finalization
 0001:000E9600       Finalization
 0001:000389A4       Finalization
 0001:000EA2B4       Finalization
 0001:00022BBC       Finalization
 0001:0000554C       Finalization
 0001:0002D514       Finalization
 0001:0000531C       Finalization
 0001:00057958       Finalization
 0001:0002D4D4       Finalization
 0001:0003D078       Finalization
 0001:000EA8C0       Finalization
 0001:00057AC0       Finalization
 0001:000EB48C       Finalization
 0001:000064CC       Finalization
 0001:0006ACC0       Finalization
 0001:0003C1A0       Finalization
 0001:0002CD54       Finalization
 0001:000C968C       Finalization
 0001:0003D020       Finalization
 0001:000C9764       Finalization
 0001:0006C880       Finalization
 0001:0003CFC8       Finalization
 0001:000055C4       Finalization
 0001:0003CEAC       Finalization
 0001:000EBB68       Finalization
 0001:00006504       Finalization
 0001:0003CEFC       Finalization
 0001:00006844       Finalization
 0001:00058744       Finalization
 0001:000ED018       Finalization
 0001:000ED050       Finalization
 0001:0003CF64       Finalization
 0001:00004404       FinalizeArray
 0001:00090AFC       FinalizeGlobalStructures
 0001:00002D60       FinalizeUnits
 0001:000715A0       Find
 0001:0001ED7C       FindAncestor
 0001:000047B0       FindBS
 0001:000495CC       FindButton
 0001:00017C04       FindClass
 0001:00004738       FindClassHInstance
 0001:00008110       FindClose
 0001:000002D4       FindClose
 0001:00005758       FindClose
 0001:00000CB4       FindCommitted
 0001:0005AEBC       FindControl
 0001:0004A530       FindControl
 0001:000677E8       FindControlAtPos
 0001:000142DC       FindCustomVariantType
 0001:00014224       FindCustomVariantType
 0001:0005C8DC       FindDragTarget
 0001:0001CC48       FindExistingComponent
 0001:0000809C       FindFirst
 0001:000002DC       FindFirstFile
 0001:00005760       FindFirstFile
 0001:00074F84       FindGlobalComponent
 0001:0001806C       FindGlobalComponent
 0002:00003864       FindGlobalComponentProcs
 0001:00004710       FindHInstance
 0001:00017F14       FindIdentToInt
 0001:00017E98       FindIntToIdent
 0001:00008038       FindMatchingFile
 0002:00003A80       FindMsg
 0001:0001BDD8       FindNestedComponent
 0001:000080EC       FindNext
 0001:00005768       FindNextFile
 0001:0006D7E8       FindPopupControl
 0001:0000DACC       FindProc
 0001:00005770       FindResource
 0001:00004788       FindResourceHInstance
 0001:0007ED38       FindScanline
 0001:00007E1C       FindStringResource
 0001:00074EDC       FindTopMostWindow
 0001:0001DB2C       FindUniqueName
 0001:00013DC8       FindVarData
 0001:0005C8A8       FindVCLWindow
 0001:00005E08       FindWindow
 0001:00058524       FindWinHelp
 0002:00001520       FirstByteMark
 0002:00000C48       FixedBmpStyles
 0002:00000C50       FixedSizeStyles
 0002:00000C20       FixedStyles
 0001:00029738       FixupBitFields
 0002:0000101C       Flags
 0002:000037A0       FLanguages
 0002:00003C9C       FlatImages
 0002:00000BFC       FlatOnXp
 0001:0002F974       FlatSB
 0002:00003950       FlatSB_EnableScrollBar
 0002:0000395C       FlatSB_GetScrollInfo
 0002:00003960       FlatSB_GetScrollPos
 0002:00003958       FlatSB_GetScrollRange
 0002:00003968       FlatSB_SetScrollInfo
 0002:00003964       FlatSB_SetScrollPos
 0001:0002F664       FlatSB_SetScrollProp
 0002:0000396C       FlatSB_SetScrollRange
 0002:00003954       FlatSB_ShowScrollBar
 0002:00000BF4       FlatStyles
 0001:00008E64       FloatToDecimal
 0001:000091A4       FloatToStr
 0001:00008B90       FloatToText
 0001:00001AC4       Flush
 0002:00000180       FMSecsPerDay
 0001:00008A8C       FmtStr
 0002:00001038       FocusCount
 0002:00001034       FocusMessages
 0002:000006A4       FontCharsets
 0002:00003A84       FontDialog
 0001:00032D08       FontDialogHook
 0002:000038E0       FontManager
 0002:0000086C       FontOptions
 0002:00000804       ForceCurrentDirectory
 0001:00074F58       ForegroundTask
 0001:00008A78       Format
 0002:00000188       Format
 0001:00008680       FormatBuf
 0001:00008674       FormatClearStr
 0001:000085F8       FormatError
 0002:00000164       FormatErrorStrs
 0001:00005778       FormatMessage
 0001:000C9A64       FormatMessage
 0002:00000C98       Formats
 0001:00008650       FormatVarToStr
 0001:0007F540       Forms
 0001:00001E8C       FPower10
 0002:000007E0       FPrinter
 0001:00035800       Frame3D
 0001:00005E10       FrameRect
 0001:000805E8       FreeAccLibrary
 0001:0000D028       FreeAndNil
 0001:00000A20       FreeCommitted
 0001:00000F40       FreeCurAlloc
 0001:0005C99C       FreeDeviceContext
 0001:0005CA58       FreeDeviceContexts
 0001:000224F4       FreeIntConstList
 0001:000002E4       FreeLibrary
 0001:00005780       FreeLibrary
 0001:00028FF0       FreeMemoryContexts
 0001:00022628       FreeObjectInstance
 0001:00075004       FreeObjectInstance
 0001:000057A0       FreeResource
 0001:000006A0       FreeSpace
 0001:0000CB94       FreeTerminateProcs
 0001:0002FB28       FreeThemeLibrary
 0002:00003AF8       FRichEditModule
 0001:00025E00       GDICheck
 0001:00025D58       GDIError
 0001:00005A78       GdiFlush
 0001:000ED048       GeneralAbilitiesDemo
 0001:000019EC       Get8087CW
 0001:000812C8       GetAccessibilityFactory
 0001:000057A8       GetACP
 0001:00005E18       GetActiveWindow
 0001:0007C9C4       GetAnimation
 0001:00039660       GetBitBtnGlyph
 0001:00005A80       GetBitmapBits
 0001:0008F7B0       GetBitmapBitsFromDeviceContext
 0001:00005A88       GetBkColor
 0001:00000420       GetBlockDesc
 0001:00005A90       GetBrushOrgEx
 0001:00005E20       GetCapture
 0001:0005B1D8       GetCaptureControl
 0001:00017BB0       GetClass
 0001:00005E28       GetClassInfo
 0001:00005E30       GetClassName
 0001:00005E38       GetClientRect
 0001:00005E40       GetClipboardData
 0001:00005E48       GetClipboardFormatName
 0001:00027AEC       GetClipboardFormats
 0001:00005A98       GetClipBox
 0001:000003BC       GetCmdShow
 0001:0006AF18       GetColor
 0001:00042B3C       GetComCtlVersion
 0001:000002EC       GetCommandLine
 0001:0000086C       GetCommitted
 0001:000008FC       GetCommittedAt
 0001:0002010C       GetComponentValue
 0001:000621C0       GetControlAtPos
 0001:00009924       GetCount
 0001:000057B0       GetCPInfo
 0001:00005AA0       GetCurrentObject
 0001:00005AA8       GetCurrentPositionEx
 0001:000057B8       GetCurrentProcessId
 0002:00003A34       GetCurrentThemeName
 0001:000057C0       GetCurrentThreadId
 0001:0000039C       GetCurrentThreadId
 0001:00006280       GetCurrentTime
 0001:00005E50       GetCursor
 0001:0007ED48       GetCursorHeightMargin
 0001:00005E58       GetCursorPos
 0001:00009950       GetDate
 0001:000057C8       GetDateFormat
 0001:0000A5F0       GetDateOrder
 0001:00005E60       GetDC
 0001:00005E68       GetDCEx
 0001:00005AB0       GetDCOrgEx
 0001:0002C174       GetDefFontCharSet
 0001:00019564       GetDesigner
 0001:00005E70       GetDesktopWindow
 0001:00005AC8       GetDeviceCaps
 0001:00026D60       GetDIB
 0001:00005AB8       GetDIBColorTable
 0001:00005AC0       GetDIBits
 0001:00026CA8       GetDIBSizes
 0001:00025F70       GetDInColors
 0001:000057D0       GetDiskFreeSpaceA
 0002:00000134       GetDiskFreeSpaceEx
 0001:0004C704       GetDisplaySize
 0001:00005E78       GetDlgItem
 0001:00068AA0       GetDockAlign
 0001:0005BB80       GetDockSiteAtPos
 0001:000AD660       GetDragOperations
 0001:0005BEAC       GetDropCtl
 0001:00002514       GetDynaMethod
 0001:00005AD0       GetEnhMetaFileBits
 0001:00005AD8       GetEnhMetaFileHeader
 0001:00005AE0       GetEnhMetaFilePaletteEntries
 0001:00014680       GetEnumName
 0001:00014758       GetEnumNameValue
 0001:000147A4       GetEnumValue
 0001:0000B09C       GetEraNamesAndYearOffsets
 0001:0000A684       GetEraYearOffset
 0001:000155A8       GetErrorInfo
 0001:0000BA38       GetExceptionClass
 0001:0000BC1C       GetExceptionObject
 0001:000057D8       GetExitCodeThread
 0001:00017B38       GetFieldClassTable
 0001:000057E0       GetFileAttributes
 0001:00027ACC       GetFileFormats
 0001:0000BE8C       GetFileVersion
 0001:00005978       GetFileVersionInfo
 0001:00005980       GetFileVersionInfoSize
 0001:00014E2C       GetFloatProp
 0001:00005E80       GetFocus
 0001:000246DC       GetFontData
 0001:00005E88       GetForegroundWindow
 0001:0000C74C       GetFormatSettings
 0001:000057E8       GetFullPathName
 0001:00023C48       GetHashCode
 0001:00079D04       GetHelpInfo
 0001:0002D994       GetHelpSystem
 0001:0007C7A8       GetHint
 0001:0007C7E0       GetHintControl
 0001:00072C9C       GetHotkey
 0001:000E2188       GetIconIndex
 0001:00005E90       GetIconInfo
 0001:0007FEB0       GetIDsOfNames
 0001:00046F7C       GetImageBitmap
 0001:00015248       GetInt64Prop
 0001:000152AC       GetInterfaceProp
 0001:00005EA8       GetKeyboardLayout
 0001:00005EB0       GetKeyboardLayoutList
 0001:00005EB8       GetKeyboardState
 0001:00002178       GetKeyboardType
 0001:00005E98       GetKeyNameText
 0001:00005EA0       GetKeyState
 0001:00005EC0       GetLastActivePopup
 0001:00066D68       GetLastChildZone
 0001:000057F0       GetLastError
 0001:0000AE60       GetLocaleChar
 0001:000002F4       GetLocaleInfo
 0001:00005800       GetLocaleInfo
 0001:0000AE14       GetLocaleStr
 0001:000057F8       GetLocalTime
 0001:00005810       GetLogicalDrives
 0001:00005808       GetLogicalDriveStrings
 0001:0005B140       GetLongHint
 0001:00014AD4       GetLongStrProp
 0001:00005AE8       GetMapMode
 0001:00005EC8       GetMenu
 0001:00079C8C       GetMenuHelpContext
 0001:00005ED0       GetMenuItemCount
 0001:00005ED8       GetMenuItemID
 0001:00005EE0       GetMenuItemInfo
 0001:0006FDEC       GetMenuSize
 0001:00005EE8       GetMenuState
 0001:00005EF0       GetMenuString
 0001:00005EF8       GetMessagePos
 0001:000151D0       GetMethodProp
 0001:000002FC       GetModuleFileName
 0001:00005818       GetModuleFileName
 0001:00005444       GetModuleHandle
 0001:00005820       GetModuleHandle
 0001:00000304       GetModuleHandle
 0002:00003918       GetMonitorInfo
 0002:0000391C       GetMonitorInfoA
 0002:00003920       GetMonitorInfoW
 0001:0000AEC4       GetMonthDayNames
 0001:00005F00       GetNextWindow
 0001:00005AF0       GetObject
 0001:000E2208       GetOpenAndClosedIcons
 0001:0003115C       GetOpenFileName
 0001:000148FC       GetOrdProp
 0001:00005AF8       GetPaletteEntries
 0001:00005F08       GetParent
 0001:00075158       GetParentForm
 0001:00005B00       GetPixel
 0001:00033134       GetPrinter
 0001:0000030C       GetProcAddress
 0001:00005828       GetProcAddress
 0001:00005830       GetProfileString
 0001:00005F10       GetProp
 0001:00014808       GetPropInfo
 0001:00014878       GetPropInfos
 0001:000B7E28       GetRandomRgn
 0001:000A7BC4       GetRealScrollPosition
 0001:00075618       GetRealScrollPosition
 0001:000AA8E0       GetRealScrollPosition
 0001:0008FD2C       GetRGBColor
 0001:0006AEF8       GetRGBColor
 0001:00005B08       GetRgnBox
 0001:00031164       GetSaveFileName
 0001:00005F18       GetScrollInfo
 0001:00005F20       GetScrollPos
 0001:00005F28       GetScrollRange
 0001:0005B0FC       GetShortHint
 0001:000149CC       GetShortStrProp
 0001:00014A64       GetShortStrPropAsLongStr
 0001:000005C4       GetSpace
 0001:00000628       GetSpaceAt
 0001:0006D878       GetSpecialName
 0001:00000314       GetStartupInfo
 0001:00005838       GetStdHandle
 0001:00000284       GetStdHandle
 0001:00005B10       GetStockObject
 0001:0008EEEC       GetStringDrawRect
 0001:00005840       GetStringTypeEx
 0001:00014C04       GetStrProp
 0001:00005F30       GetSubMenu
 0001:00005F38       GetSysColor
 0001:00005F40       GetSysColorBrush
 0001:00005848       GetSystemInfo
 0001:00005F48       GetSystemMenu
 0002:00003908       GetSystemMetrics
 0001:00005F50       GetSystemMetrics
 0001:00005B18       GetSystemPaletteEntries
 0001:00005B20       GetTextAlign
 0001:00005B28       GetTextColor
 0001:00005B30       GetTextExtentPoint32
 0001:00005B38       GetTextExtentPoint32W
 0001:00005B40       GetTextMetrics
 0002:00003A2C       GetThemeAppProperties
 0002:00003998       GetThemeBackgroundContentRect
 0002:0000399C       GetThemeBackgroundExtent
 0002:000039AC       GetThemeBackgroundRegion
 0002:000039D0       GetThemeBool
 0002:000039C4       GetThemeColor
 0002:00003A38       GetThemeDocumentationProperty
 0002:000039D8       GetThemeEnumValue
 0002:000039F8       GetThemeFilename
 0002:000039E0       GetThemeFont
 0002:000039D4       GetThemeInt
 0002:000039EC       GetThemeIntList
 0002:000039E8       GetThemeMargins
 0002:000039C8       GetThemeMetric
 0002:000039A0       GetThemePartSize
 0002:000039DC       GetThemePosition
 0002:000039F0       GetThemePropertyOrigin
 0002:000039E4       GetThemeRect
 0002:000039CC       GetThemeString
 0002:00003A04       GetThemeSysBool
 0002:000039FC       GetThemeSysColor
 0002:00003A00       GetThemeSysColorBrush
 0002:00003A0C       GetThemeSysFont
 0002:00003A14       GetThemeSysInt
 0002:00003A08       GetThemeSysSize
 0002:00003A10       GetThemeSysString
 0002:000039A4       GetThemeTextExtent
 0002:000039A8       GetThemeTextMetrics
 0001:0000031C       GetThreadLocale
 0001:00005850       GetThreadLocale
 0001:00005858       GetTickCount
 0001:000003B4       GetTickCount
 0001:00009988       GetTime
 0001:00005470       GetTlsSize
 0001:0007CFA4       GetTopMostWindows
 0001:0005B2E0       GetTopParent
 0001:00005F58       GetTopWindow
 0001:00014674       GetTypeData
 0001:00005F60       GetUpdateRect
 0001:0009E184       GetUseSmartColumnWidth
 0001:00013EE8       GetVarDataArrayInfo
 0001:00015150       GetVariantProp
 0001:000003A4       GetVersion
 0001:00005860       GetVersion
 0001:00005868       GetVersionEx
 0001:00014C70       GetWideStrProp
 0001:00014B54       GetWideStrPropAsLongStr
 0001:00005F68       GetWindow
 0001:00005F70       GetWindowDC
 0001:00005F78       GetWindowLong
 0001:00005B50       GetWindowOrgEx
 0001:00005F80       GetWindowPlacement
 0001:00005F88       GetWindowRect
 0001:00005F90       GetWindowText
 0002:00003A20       GetWindowTheme
 0001:00005F98       GetWindowThreadProcessId
 0001:00005FA0       GetWindowThreadProcessId
 0001:00005B48       GetWinMetaFileBits
 0001:00005870       GlobalAddAtom
 0001:00005878       GlobalAlloc
 0001:00006294       GlobalAllocPtr
 0001:00005880       GlobalDeleteAtom
 0001:00005888       GlobalFindAtom
 0002:00003868       GlobalFixupList
 0001:0001BF20       GlobalFixupReferences
 0001:00005890       GlobalFree
 0001:000062C0       GlobalFreePtr
 0001:000058A0       GlobalHandle
 0001:00005898       GlobalLock
 0002:0000384C       GlobalNameSpace
 0001:000058A8       GlobalReAlloc
 0001:000062A4       GlobalReAllocPtr
 0001:000058B0       GlobalSize
 0001:000058B8       GlobalUnlock
 0002:00000B40       GlyphCache
 0001:0002C0EC       GraphicFilter
 0001:0002C638       Graphics
 0002:00001298       Grays
 0002:00003CF4       GreekStrings
 0001:000E46E4       GridDemo
 0002:00000C58       GripperStyles
 0002:00000B8C       GripStyles
 0001:00017D2C       GroupDescendentsWith
 0002:00000460       GUID_NULL
 0001:0000E9A0       HandleConversionException
 0001:00079F0C       HandleEdge
 0001:0001D384       HandleException
 0001:000E20C4       HasChildren
 0001:0009047C       HasMMX
 0001:000537F4       HasPopup
 0001:000562BC       HasSelectedText
 0001:000EB4BC       HeaderCustomDrawDemo
 0002:00000028       HeapAllocFlags
 0002:000035C8       heapErrorCode
 0002:000035CC       heapLock
 0002:00003D28       HebrewStrings
 0002:00000C28       HeightStyles
 0001:0002E53C       HelpIntfs
 0002:00003944       HelpManager
 0002:00003A7C       HelpMsg
 0002:00003B40       HelpViewer
 0002:00003B44       HelpViewerIntf
 0002:00000130       HexDisplayPrefix
 0002:00000D4C       HideSelections
 0001:00068B1C       HideZone
 0001:00080AD0       HIMETRICtoDP
 0002:00003668       HInstance
 0002:00003BFC       HintDoneEvent
 0001:0007C8B0       HintGetMsgHook
 0002:00003C00       HintHook
 0001:0007C854       HintMouseThread
 0002:00003C04       HintThread
 0002:00003BF8       HintThreadID
 0001:0007C800       HintTimerProc
 0002:0000102C       HintWindowClass
 0002:000012BC       HintWindowDestroyed
 0002:000039B0       HitTestThemeBackground
 0001:0000627C       HiWord
 0001:0007C8F4       HookHintHooks
 0001:0009C4E0       HSPlitterHit
 0001:000063D4       HwndMSWheel
 0002:00000FC0       IBreaks
 0002:00000FCC       IChecks
 0002:00000FD4       IDefaults
 0001:000246CC       IdentToCharset
 0001:000244C4       IdentToColor
 0001:0005B0EC       IdentToCursor
 0001:00017F90       IdentToInt
 0002:00000FDC       IEnables
 0001:00070B90       IfHotkeyAvailable
 0001:0002C83C       IfThen
 0001:000388FC       IfThen
 0002:00001184       IID_IAccessible
 0002:000011B0       IID_IDragSourceHelper
 0002:000011A0       IID_IDropTargetHelper
 0002:00001514       ImageKind
 0002:00003BD4       ImageListWriteExProc
 0001:0002CBEC       ImageList_Add
 0001:0002CC0C       ImageList_AddIcon
 0001:0002CC3C       ImageList_BeginDrag
 0001:0002CBD4       ImageList_Create
 0001:0002CBDC       ImageList_Destroy
 0001:0002CC4C       ImageList_DragEnter
 0001:0002CC54       ImageList_DragLeave
 0001:0002CC5C       ImageList_DragMove
 0001:0002CC6C       ImageList_DragShowNolock
 0001:0002CC1C       ImageList_Draw
 0001:0002CC2C       ImageList_DrawEx
 0001:0002CC44       ImageList_EndDrag
 0001:0002CC04       ImageList_GetBkColor
 0001:0002CC74       ImageList_GetDragImage
 0001:0002CC8C       ImageList_GetIconSize
 0001:0002CBE4       ImageList_GetImageCount
 0001:0002CC7C       ImageList_Read
 0001:0002CC34       ImageList_Remove
 0001:0002CC24       ImageList_Replace
 0001:0002CBF4       ImageList_ReplaceIcon
 0001:0002CBFC       ImageList_SetBkColor
 0001:0002CC64       ImageList_SetDragCursorImage
 0001:0002CC94       ImageList_SetIconSize
 0001:0002CC84       ImageList_Write
 0002:00000F30       Images
 0001:0006C8B0       ImgList
 0001:0002D544       Imm
 0002:00000F14       IMM32DLL
 0001:0006970C       Imm32IsIME
 0002:00000184       IMSecsPerDay
 0001:0000EA8C       InBounds
 0001:0000ED2C       InBounds
 0001:0009EAF4       IncDelta
 0001:000BD2F0       IncludeThisNode
 0001:000E2020       IncludeTrailingBackslash
 0001:0000ED5C       Increment
 0001:0000EABC       Increment
 0001:0002CC18       IndexToOverlayMask
 0001:0002CC9C       IndexToStateImageMask
 0001:00005FA8       InflateRect
 0001:0003CF44       IniFiles
 0001:00080478       InitAccLibrary
 0001:00000AAC       InitAllocator
 0001:0002CD8C       InitAnApi
 0002:00003930       InitApis
 0001:0002CB40       InitComCtl
 0001:00042AE8       InitCommonControl
 0001:0002CB38       InitCommonControls
 0001:0002CBA0       InitCommonControlsEx
 0001:000802F4       InitComObj
 0001:00018238       InitComponent
 0002:00003638       InitContext
 0001:000697A8       InitControls
 0001:000C9D34       InitDecompressor
 0001:000CAD84       InitDefaults
 0001:0002C1B8       InitDefFontData
 0002:00000C14       InitDone
 0001:0000CBB4       InitDriveSpacePtr
 0001:0000BCF8       InitExceptions
 0001:0002F6C0       InitFlatSB
 0001:000335AC       InitGlobals
 0001:00026B60       InitializeBitmapInfoHeader
 0001:000058C0       InitializeCriticalSection
 0001:00000400       InitializeCriticalSection
 0002:000035C4       initialized
 0002:00003CB0       Initialized
 0001:0002F698       InitializeFlatSB
 0001:000905A0       InitializeGlobalStructures
 0001:000054FC       InitializeModule
 0001:0000DAF8       InitializeVarUtils
 0001:000693AC       InitIMM32
 0001:000182E0       InitInheritedComponent
 0001:0000C560       InitLeadBytes
 0001:0002D468       InitMultiMonStubs
 0001:00080E20       InitOlePro32
 0001:0000BDFC       InitPlatformId
 0002:00003044       InitProc
 0001:0007F458       InitProcs
 0001:0002C13C       InitScreenLogPixels
 0001:0000C5D8       InitSysLocale
 0001:0002FCE8       InitThemeLibrary
 0001:00020DE4       InitThreadSynchronization
 0001:00005478       InitThreadTLS
 0001:0004994C       InitToolMenuHooks
 0001:00049A4C       InitToolMenuKeyHooks
 0001:00002DC0       InitUnits
 0001:0005ADD0       InitWndProc
 0002:00000EB4       InnerStyles
 0002:00000D84       InnerStyles
 0002:000007E4       InnerStyles
 0002:000014A4       InnerStyles
 0002:00003050       Input
 0001:000609FC       InsertBefore
 0001:0007C210       InsertBefore
 0001:00000EB8       InsertFree
 0001:00070C44       InsertHotkeyFarEastFormat
 0001:00005FB0       InsertMenu
 0001:00005FB8       InsertMenuItem
 0002:00003888       InstBlockList
 0002:0000388C       InstFreeList
 0001:00013398       Int64Compare
 0001:00013384       IntCompare
 0002:0000385C       IntConstList
 0001:00000394       InterlockedDecrement
 0001:0000CC1C       InterlockedDecrement
 0001:00005788       InterlockedDecrement
 0001:00005790       InterlockedExchange
 0001:0000CC28       InterlockedExchange
 0001:0000CC30       InterlockedExchangeAdd
 0001:00005798       InterlockedIncrement
 0001:0000038C       InterlockedIncrement
 0001:0000CC10       InterlockedIncrement
 0002:00003CB4       InternalClipboardFormats
 0001:00023BD4       InternalDeletePalette
 0001:00001A7C       InternalFlush
 0001:00000D14       InternalFreeMem
 0001:00026CB0       InternalGetDIB
 0001:00026C44       InternalGetDIBSizes
 0001:000180D0       InternalReadComponentRes
 0002:00003B28       InternalServices
 0001:00003664       InternalUniqueString
 0001:00005B58       IntersectClipRect
 0001:00005FC0       IntersectRect
 0001:00007B50       IntToHex
 0001:00017FD0       IntToIdent
 0001:00007A3C       IntToStr
 0001:00007B28       IntToStr
 0001:00005FC8       InvalidateRect
 0001:00025CE0       InvalidBitmap
 0001:00025CC8       InvalidGraphic
 0001:00025CEC       InvalidIcon
 0001:00025CF8       InvalidMetafile
 0001:00025CB0       InvalidOperation
 0001:000C99D0       InvalidOperation
 0001:00080BE8       InvalidOperation
 0001:000170C0       InvalidPoint
 0002:0000379C       InvalidPointer
 0001:000023CC       InvokeImplGetter
 0001:00001948       IOResult
 0002:00000FFC       IOwnerDraw
 0002:00000FE4       IRadios
 0002:00000FF4       IRTL
 0001:000750E8       IsAccel
 0001:00071DF4       IsAccelChar
 0002:00003A1C       IsAppThemed
 0001:0004ACD0       IsBandCurrent
 0001:0005B938       IsBeforeTargetWindow
 0001:0004D480       IsBlankSysTime
 0001:00005FD0       IsCharAlpha
 0001:00005FD8       IsCharAlphaNumeric
 0001:00005FE0       IsChild
 0001:00044924       IsClass
 0002:0000304C       IsConsole
 0001:0001F868       IsDefault
 0001:0001F6E4       IsDefaultFloatProp
 0001:0001F740       IsDefaultInt64Prop
 0001:0001FA0C       IsDefaultInterfaceProp
 0001:0001FAE8       IsDefaultMethodProp
 0001:0001F8C0       IsDefaultObjectProp
 0001:0001F68C       IsDefaultOrdProp
 0001:0001FBF8       IsDefaultPropertyValue
 0001:0001F798       IsDefaultStrProp
 0001:0001F940       IsDefaultValue
 0001:0001FB60       IsDefaultVariantProp
 0001:0000C2DC       IsDelimiter
 0001:0005BD94       IsDelphiHandle
 0001:00005FE8       IsDialogMessage
 0002:00000FEC       ISeparators
 0001:00005FF0       IsIconic
 0001:00071E50       IsInitialChar
 0001:000E146C       IsKatakana
 0001:000093E4       IsLeapYear
 0002:00003038       IsLibrary
 0001:000DEF70       IsLiteralChar
 0001:00049E54       IsMenuBar
 0002:0000304D       IsMultiThread
 0001:0009B790       IsNearBy
 0001:000667CC       IsOrientationSet
 0001:0000C2A8       IsPathDelimiter
 0001:00005FF8       IsRectEmpty
 0001:0009EA6C       IsResizable
 0001:0005BB3C       IsSiteChildOfClient
 0001:000148CC       IsStoredProp
 0002:00003A18       IsThemeActive
 0002:000039C0       IsThemeBackgroundPartiallyTransparent
 0002:00003A28       IsThemeDialogTextureEnabled
 0002:000039BC       IsThemePartDefined
 0001:00049030       IsToolButtonMouseMsg
 0001:000180AC       IsUniqueGlobalComponentName
 0002:00003850       IsUniqueGlobalComponentNameProc
 0001:0000798C       IsValidIdent
 0001:0000C5C0       IsWesternGroup
 0002:00003C76       IsWin2K
 0001:00006000       IsWindow
 0001:00006008       IsWindowEnabled
 0001:00006010       IsWindowVisible
 0002:00003C75       IsWinNT
 0002:00003C78       IsWinVistaOrAbove
 0002:00003C77       IsWinXP
 0001:00006018       IsZoomed
 0001:0006DC44       Iterate
 0001:0006DCA4       IterateMenus
 0001:000C9794       JConsts
 0002:00000030       JITEnable
 0001:000DCAD8       jpeg
 0002:0000152C       JPEGDefaults
 0001:000C99E8       JpegError
 0001:000CC9D8       jpeg_calc_output_dimensions
 0001:000CB0F8       jpeg_consume_input
 0001:000D7310       jpeg_CreateCompress
 0001:000CADC4       jpeg_CreateDecompress
 0001:000D65C4       jpeg_destroy
 0001:000CAE94       jpeg_destroy_decompress
 0001:000D7430       jpeg_finish_compress
 0001:000CB20C       jpeg_finish_decompress
 0001:000CC8C0       jpeg_finish_output
 0001:000CB1D8       jpeg_has_multiple_scans
 0001:000CB08C       jpeg_read_header
 0001:000CC724       jpeg_read_scanlines
 0001:000D6408       jpeg_save_markers
 0001:000D6AB0       jpeg_set_colorspace
 0001:000D693C       jpeg_set_defaults
 0001:000D6840       jpeg_set_quality
 0001:000D6F18       jpeg_simple_progression
 0001:000D7130       jpeg_start_compress
 0001:000CC59C       jpeg_start_decompress
 0001:000CC860       jpeg_start_output
 0001:000D66E4       jpeg_stdio_dest
 0001:000CC530       jpeg_stdio_src
 0002:00001534       jpeg_std_error
 0001:000D71A4       jpeg_write_scanlines
 0001:0007509C       KeyboardStateToShiftState
 0001:00075060       KeyDataToShiftState
 0001:0007500C       KeysToShiftState
 0001:0004E1AC       KeysToShiftState
 0001:000B2358       KeyUnicode
 0001:00006020       KillTimer
 0001:0000815C       LastDelimiter
 0002:00003B10       LastMenuItem
 0002:00003B14       LastMousePos
 0001:0000C4EC       LCIDToCodePage
 0001:000052A8       LCIDToCodePage
 0002:00000110       LeadBytes
 0001:00000410       LeaveCriticalSection
 0001:000058C8       LeaveCriticalSection
 0001:00038964       LeftStr
 0002:000020B8       LevelToCheckType
 0002:00000038       LibModuleList
 0002:00003C8C       LightCheckImages
 0002:00003C94       LightTickImages
 0002:000012D0       LineBitsDotted
 0002:000012E4       LineBitsSolid
 0001:00005B68       LineTo
 0001:0003D0A8       ListActns
 0001:0005C924       ListAdd
 0001:0005C94C       ListRemove
 0002:00003752       ListSeparator
 0002:00000BEC       ListStyles
 0001:00006028       LoadBitmap
 0001:0007F934       LoadComExProcs
 0001:00006030       LoadCursor
 0001:00006038       LoadIcon
 0001:00006040       LoadImage
 0001:00006048       LoadKeyboardLayout
 0001:000058D0       LoadLibrary
 0001:00000324       LoadLibraryEx
 0001:000058D8       LoadResource
 0001:0000497C       LoadResourceModule
 0001:00005250       LoadResString
 0001:00007E90       LoadStr
 0001:0000032C       LoadString
 0001:00006050       LoadString
 0001:000E7C84       LoadStrings
 0001:000EB888       LoadUnicodeStrings
 0001:0000544C       LocalAlloc
 0001:000003E0       LocalAlloc
 0001:000003E8       LocalFree
 0001:0000AE88       LocalGetLocaleStr
 0002:00003C3C       Lock
 0002:00003A50       Lock
 0001:000058E0       LockResource
 0001:00006058       LockWindowUpdate
 0002:00003694       LongDateFormat
 0002:00003728       LongDayNames
 0002:000036DC       LongMonthNames
 0002:000036A8       LongTimeFormat
 0001:000075B4       LowerCase
 0001:00005B60       LPtoDP
 0002:00003C20       LresultFromObject
 0001:00005968       lstrcpy
 0001:00000334       lstrcpyn
 0001:00005970       lstrlenW
 0002:00003824       LVarTypes
 0002:00003828       LVarTypeSync
 0002:000011F8       MagicID
 0001:000EBB98       Main
 0002:00003DB8       MainForm
 0002:00003030       MainInstance
 0002:00003034       MainThreadID
 0001:00000470       MakeEmpty
[...]
   527 0001:000E5D6F   528 0001:000E5D82   531 0001:000E5D95   536 0001:000E5DB0
   537 0001:000E5DC4   539 0001:000E5DD8   540 0001:000E5DE2   541 0001:000E5DED
   542 0001:000E5DFA   543 0001:000E5E22   548 0001:000E5E3D   549 0001:000E5E51
   551 0001:000E5E65   552 0001:000E5E6F   553 0001:000E5E7A   554 0001:000E5EA2
   559 0001:000E5EBD   562 0001:000E5ED1   564 0001:000E5EE5   565 0001:000E5EEF
   566 0001:000E5EFA   567 0001:000E5F22   568 0001:000E5F50   573 0001:000E5F6B
   574 0001:000E5F7F   576 0001:000E5F93   577 0001:000E5F9D   578 0001:000E5FA8
   579 0001:000E5FC0   580 0001:000E5FD5   581 0001:000E5FED   582 0001:000E6002
   583 0001:000E601A   584 0001:000E604E   588 0001:000E6066   590 0001:000E608F
   594 0001:000E6180   594 0001:000E6187

Line numbers for PropertiesDemo(PropertiesDemo.pas) segment .text

    64 0001:000E6484    67 0001:000E6490    70 0001:000E64A3    71 0001:000E64B1
    77 0001:000E64B8    78 0001:000E64C7    80 0001:000E64D5    82 0001:000E64E0
    84 0001:000E64E9    94 0001:000E64F0    95 0001:000E6513    96 0001:000E6519
    99 0001:000E652E   100 0001:000E653C   101 0001:000E655F   102 0001:000E6567
   104 0001:000E658B   106 0001:000E65D1   116 0001:000E65DC   117 0001:000E65EB
   118 0001:000E65F5   120 0001:000E6601   123 0001:000E6612   124 0001:000E661A
   126 0001:000E6629   129 0001:000E6638   132 0001:000E6663   133 0001:000E6671
   136 0001:000E667F   143 0001:000E66B8   145 0001:000E66DB   146 0001:000E66F2
   147 0001:000E6753   157 0001:000E6798   158 0001:000E67A7   160 0001:000E67B4
   161 0001:000E67C5   164 0001:000E67D0   165 0001:000E67DE   166 0001:000E67E6
   168 0001:000E67F1   171 0001:000E67FA   180 0001:000E6800   183 0001:000E680F
   184 0001:000E681D   186 0001:000E6847   192 0001:000E6850   196 0001:000E685F
   203 0001:000E6882   206 0001:000E689B   218 0001:000E68A0   219 0001:000E68BA
   220 0001:000E68D7   230 0001:000E68E0   232 0001:000E68EF   233 0001:000E6900
   236 0001:000E6913   237 0001:000E6921   238 0001:000E692A   240 0001:000E693D
   242 0001:000E694E   253 0001:000E6960   257 0001:000E6989   258 0001:000E6994
   260 0001:000E69AC   263 0001:000E69BD   264 0001:000E69C5   266 0001:000E69D4
   270 0001:000E69E3   275 0001:000E6A0C   276 0001:000E6A63   282 0001:000E6AA8
   283 0001:000E6AB4   284 0001:000E6AC5   285 0001:000E6AD1   287 0001:000E6AE3
   288 0001:000E6AF3   294 0001:000E6AF8   295 0001:000E6B30   297 0001:000E6B36
   298 0001:000E6B5F   299 0001:000E6B65   301 0001:000E6B6C   302 0001:000E6B75
   303 0001:000E6BAD   316 0001:000E6BDC   317 0001:000E6BE9   319 0001:000E6BF2
   320 0001:000E6C0B   324 0001:000E6C40   324 0001:000E6C47

Line numbers for VisibilityDemo(\\Srvr005\Incoming\ïïö\VisibilityDemo.pas) segment .text

    78 0001:000E6FA0    79 0001:000E6FAF    80 0001:000E6FBD    81 0001:000E6FC3
    82 0001:000E6FC9    83 0001:000E6FCF    85 0001:000E6FDA    86 0001:000E6FE1
    92 0001:000E6FE8    93 0001:000E6FF7    94 0001:000E7006   104 0001:000E700C
   105 0001:000E7018   106 0001:000E701D   111 0001:000E7030   112 0001:000E7043
   113 0001:000E7056   114 0001:000E7069   116 0001:000E707C   119 0001:000E70AB
   120 0001:000E70BE   121 0001:000E70D1   123 0001:000E70D7   124 0001:000E70EB
   125 0001:000E70F4   126 0001:000E7108   127 0001:000E7111   128 0001:000E7127
   121 0001:000E713D   130 0001:000E7143   136 0001:000E7148   137 0001:000E7157
   139 0001:000E7169   141 0001:000E7178   143 0001:000E7190   145 0001:000E71AD
   147 0001:000E71BA   153 0001:000E71C0   154 0001:000E71CC   156 0001:000E71DD
   157 0001:000E71EB   158 0001:000E71F9   160 0001:000E7233   163 0001:000E7249
   173 0001:000E7254   174 0001:000E727A   175 0001:000E7288   176 0001:000E7296
   178 0001:000E72C8   179 0001:000E72F7   187 0001:000E7310   188 0001:000E731F
   190 0001:000E732B   191 0001:000E7335   192 0001:000E7343   193 0001:000E7354
   194 0001:000E7371   196 0001:000E738F   199 0001:000E73A1   207 0001:000E73A8
   208 0001:000E73B7   210 0001:000E73C3   211 0001:000E73CD   212 0001:000E73DB
   213 0001:000E73EC   214 0001:000E7409   216 0001:000E7427   219 0001:000E7439
   225 0001:000E7440   226 0001:000E744F   227 0001:000E7469   239 0001:000E7470
   241 0001:000E747F   243 0001:000E748B   244 0001:000E7495   245 0001:000E74A3
   246 0001:000E74B1   248 0001:000E74BF   250 0001:000E74CB   251 0001:000E74D9
   253 0001:000E74F4   256 0001:000E7506   268 0001:000E750C   269 0001:000E751B
   271 0001:000E7535   272 0001:000E753F   273 0001:000E754D   274 0001:000E755B
   275 0001:000E7569   277 0001:000E7577   279 0001:000E7583   280 0001:000E7593
   282 0001:000E75AE   285 0001:000E75C0   294 0001:000E75C4   295 0001:000E75D3
   296 0001:000E75FB   302 0001:000E7604   303 0001:000E7610   305 0001:000E7628
   306 0001:000E7638   307 0001:000E7669   308 0001:000E7679   310 0001:000E76AE
   317 0001:000E76B4   318 0001:000E76D7   319 0001:000E7733   325 0001:000E775C
   326 0001:000E7768   327 0001:000E7774   333 0001:000E7778   334 0001:000E7784
   335 0001:000E7790   339 0001:000E77C4   339 0001:000E77CB

Line numbers for AlignDemo(AlignDemo.pas) segment .text

   126 0001:000E7C84   128 0001:000E7C92   129 0001:000E7CA6   130 0001:000E7CBA
   132 0001:000E7CCE   141 0001:000E7D00   142 0001:000E7D0F   143 0001:000E7D18
   150 0001:000E7D1C   153 0001:000E7D2B   156 0001:000E7D36   159 0001:000E7D48
   160 0001:000E7D53   162 0001:000E7D66   167 0001:000E7D77   168 0001:000E7D9C
   169 0001:000E7DAC   170 0001:000E7DBD   171 0001:000E7DCE   181 0001:000E7DD8
   182 0001:000E7DE7   183 0001:000E7DF5   185 0001:000E7E04   187 0001:000E7E13
   189 0001:000E7E23   191 0001:000E7E31   201 0001:000E7E38   202 0001:000E7E47
   204 0001:000E7E4E   205 0001:000E7E5C   207 0001:000E7E67   217 0001:000E7E70
   219 0001:000E7E96   221 0001:000E7E9B   223 0001:000E7EA9   224 0001:000E7EB1
   226 0001:000E7EB7   228 0001:000E7EBD   229 0001:000E7EC5   231 0001:000E7ED4
   233 0001:000E7EE1   234 0001:000E7F05   236 0001:000E7F10   240 0001:000E7F25
   242 0001:000E7F2D   244 0001:000E7F33   245 0001:000E7F5D   246 0001:000E7F74
   251 0001:000E7F8D   253 0001:000E7F93   254 0001:000E7FBD   255 0001:000E7FDE
   259 0001:000E801A   265 0001:000E8098   266 0001:000E80A7   267 0001:000E80AF
   269 0001:000E80BA   270 0001:000E80C3   280 0001:000E80CC   282 0001:000E80D8
   283 0001:000E80E6   293 0001:000E80F4   294 0001:000E8109   296 0001:000E8115
   298 0001:000E812E   299 0001:000E813B   303 0001:000E814A   304 0001:000E8157
   306 0001:000E8164   307 0001:000E8171   308 0001:000E817D   310 0001:000E8182
   311 0001:000E8197   313 0001:000E81A3   314 0001:000E81B0   315 0001:000E81BD
   319 0001:000E81CA   321 0001:000E81D6   323 0001:000E8201   324 0001:000E8213
   325 0001:000E821D   326 0001:000E8228   327 0001:000E8232   328 0001:000E8248
   329 0001:000E8257   330 0001:000E8261   331 0001:000E8277   332 0001:000E8285
   321 0001:000E8288   337 0001:000E8291   339 0001:000E82A3   340 0001:000E82BD
   341 0001:000E82DA   345 0001:000E82F7   348 0001:000E8309   349 0001:000E832C
   350 0001:000E8351   351 0001:000E8377   352 0001:000E839F   353 0001:000E83C5
   356 0001:000E83ED   357 0001:000E8410   358 0001:000E8419   360 0001:000E8428
   361 0001:000E843E   363 0001:000E844D   366 0001:000E845A   367 0001:000E8475
   368 0001:000E8490   369 0001:000E84A3   370 0001:000E84AB   371 0001:000E84C6
   373 0001:000E84EB   379 0001:000E891C   380 0001:000E8928   381 0001:000E8936
   382 0001:000E8944   390 0001:000E8948   391 0001:000E8951   392 0001:000E8963
   394 0001:000E8978   395 0001:000E898F   396 0001:000E89A9   400 0001:000E89C5
   401 0001:000E89D9   402 0001:000E89F0   404 0001:000E8A07   413 0001:000E8A98
   415 0001:000E8AA7   416 0001:000E8AB0   417 0001:000E8AB9   429 0001:000E8AC0
   430 0001:000E8ACC   432 0001:000E8ADE   433 0001:000E8AEA   435 0001:000E8AF0
   436 0001:000E8B05   439 0001:000E8B2B   450 0001:000E8B30   451 0001:000E8B3C
   453 0001:000E8B4E   454 0001:000E8B5A   455 0001:000E8B60   457 0001:000E8B90
   463 0001:000E8B94   464 0001:000E8BA0   465 0001:000E8BB1   467 0001:000E8BC6
   469 0001:000E8BF9   471 0001:000E8C2F   473 0001:000E8C63   479 0001:000E8C68
   480 0001:000E8C74   481 0001:000E8C85   483 0001:000E8C9A   485 0001:000E8CC9
   487 0001:000E8CFB   489 0001:000E8D2B   499 0001:000E8D30   500 0001:000E8D3F
   504 0001:000E8D45   506 0001:000E8D50   507 0001:000E8D5B   510 0001:000E8D67
   512 0001:000E8D75   514 0001:000E8D81   518 0001:000E8D8C   527 0001:000E8D94
   528 0001:000E8DA0   529 0001:000E8DC3   531 0001:000E8DED   533 0001:000E8DFC
   534 0001:000E8E12   535 0001:000E8E28   537 0001:000E8E3A   541 0001:000E8E4C
   542 0001:000E8E64   545 0001:000E8E76   546 0001:000E8E85   548 0001:000E8EA0
   550 0001:000E8EBD   552 0001:000E8ECA   553 0001:000E8ED9   555 0001:000E8EF4
   557 0001:000E8F11   558 0001:000E8F39   559 0001:000E8F48   561 0001:000E8F78
   557 0001:000E8FAB   563 0001:000E8FB0   572 0001:000E8FC4   573 0001:000E8FD0
   575 0001:000E8FF3   576 0001:000E9017   575 0001:000E903A   578 0001:000E903F
   579 0001:000E9048   581 0001:000E9057   582 0001:000E906D   584 0001:000E907C
   586 0001:000E9089   598 0001:000E9090   599 0001:000E909F   601 0001:000E90A9
   602 0001:000E90B7   604 0001:000E90C9   605 0001:000E90E8   606 0001:000E910B
   609 0001:000E912E   615 0001:000E95B8   616 0001:000E95D9   617 0001:000E95E2
   618 0001:000E95F5   622 0001:000E9670   622 0001:000E9677

Line numbers for WindowsXPStyleDemo(WindowsXPStyleDemo.pas) segment .text

   113 0001:000E9C28   114 0001:000E9C37   115 0001:000E9C45   117 0001:000E9C50
   118 0001:000E9C67   120 0001:000E9C74   122 0001:000E9C7C   123 0001:000E9C8D
   126 0001:000E9C96   132 0001:000E9C9C   133 0001:000E9CA8   135 0001:000E9CBB
   136 0001:000E9CC9   137 0001:000E9CD7   147 0001:000E9CDC   148 0001:000E9CEB
   150 0001:000E9CF1   151 0001:000E9CF7   152 0001:000E9D05   153 0001:000E9D32
   154 0001:000E9D46   157 0001:000E9D4F   158 0001:000E9D56   165 0001:000E9D5C
   166 0001:000E9D6B   167 0001:000E9D74   177 0001:000E9D7C   178 0001:000E9D9F
   179 0001:000E9DAD   181 0001:000E9DBF   182 0001:000E9DD0   184 0001:000E9DDF
   186 0001:000E9DEE   187 0001:000E9DFF   189 0001:000E9E34   190 0001:000E9E45
   192 0001:000E9E6F   199 0001:000E9EC0   200 0001:000E9ECF   202 0001:000E9ED9
   204 0001:000E9EE2   205 0001:000E9EEB   208 0001:000E9F1F   209 0001:000E9F25
   212 0001:000E9F32   214 0001:000E9F46   215 0001:000E9F51   218 0001:000E9F5D
   219 0001:000E9F66   221 0001:000E9F72   223 0001:000E9F7C   224 0001:000E9F97
   228 0001:000E9FAD   238 0001:000E9FB8   239 0001:000E9FDE   240 0001:000E9FEC
   241 0001:000E9FFA   243 0001:000EA006   245 0001:000EA034   247 0001:000EA074
   254 0001:000EA07C   256 0001:000EA08B   259 0001:000EA098   265 0001:000EA1CC
   266 0001:000EA1D8   267 0001:000EA1EF   273 0001:000EA230   274 0001:000EA23C
   275 0001:000EA24E   276 0001:000EA265   282 0001:000EA26C   283 0001:000EA28D
   284 0001:000EA296   285 0001:000EA2A9   289 0001:000EA390   289 0001:000EA3A3

Line numbers for MultilineDemo(MultilineDemo.pas) segment .text

    50 0001:000EA628    51 0001:000EA637    52 0001:000EA63E    54 0001:000EA650
    58 0001:000EA668    59 0001:000EA67E    61 0001:000EA684    67 0001:000EA68C
    68 0001:000EA698    69 0001:000EA6AC    78 0001:000EA6C4    84 0001:000EA6D3
    86 0001:000EA6DF    87 0001:000EA6F1    89 0001:000EA6FB    91 0001:000EA71A
    92 0001:000EA72C    94 0001:000EA74B    96 0001:000EA753   103 0001:000EA75C
   104 0001:000EA76B   106 0001:000EA77D   107 0001:000EA78D   109 0001:000EA79E
   116 0001:000EA7A8   117 0001:000EA7B7   118 0001:000EA7CD   124 0001:000EA7D4
   125 0001:000EA7F5   126 0001:000EA7FE   127 0001:000EA811   134 0001:000EA81C
   135 0001:000EA82C   137 0001:000EA850   138 0001:000EA85E   141 0001:000EA87E
   147 0001:000EA888   148 0001:000EA895   149 0001:000EA8AA   150 0001:000EA8B8
   154 0001:000EA908   154 0001:000EA90F

Line numbers for HeaderCustomDrawDemo(HeaderCustomDrawDemo.pas) segment .text

    65 0001:000EAC44    69 0001:000EAC53    70 0001:000EAC5C    76 0001:000EAC69
    80 0001:000EAC7C    82 0001:000EAC84    86 0001:000EAC8F    99 0001:000EACA0
   103 0001:000EACC5   105 0001:000EACCE   107 0001:000EACD8   108 0001:000EACEA
   113 0001:000EACFF   118 0001:000EAD19   119 0001:000EAD3A   120 0001:000EAD5B
   121 0001:000EAD79   122 0001:000EAD8C   123 0001:000EAD9D   127 0001:000EADC2
   128 0001:000EADCC   130 0001:000EADD8   131 0001:000EADF3   132 0001:000EAE0E
   133 0001:000EAE2E   134 0001:000EAE43   135 0001:000EAE53   136 0001:000EAE60
   137 0001:000EAE6A   138 0001:000EAE9D   140 0001:000EAEC1   142 0001:000EAEE1
   144 0001:000EAEEB   145 0001:000EAEFD   146 0001:000EAF0C   147 0001:000EAF1E
   148 0001:000EAF27   149 0001:000EAF39   150 0001:000EAF46   151 0001:000EAF56
   152 0001:000EAF68   159 0001:000EAFB3   165 0001:000EAFDC   166 0001:000EAFE5
   167 0001:000EAFFA   169 0001:000EB006   170 0001:000EB013   171 0001:000EB020
   172 0001:000EB035   173 0001:000EB067   174 0001:000EB07C   175 0001:000EB0A2
   177 0001:000EB0CE   189 0001:000EB0D4   190 0001:000EB0E0   191 0001:000EB100
   195 0001:000EB138   196 0001:000EB14D   197 0001:000EB15F   199 0001:000EB182
   211 0001:000EB188   214 0001:000EB19F   215 0001:000EB1B0   217 0001:000EB1C1
   220 0001:000EB1C8   223 0001:000EB1CF   224 0001:000EB1E7   221 0001:000EB1F4
   226 0001:000EB206   218 0001:000EB213   229 0001:000EB225   235 0001:000EB22C
   236 0001:000EB238   237 0001:000EB24D   238 0001:000EB25D   239 0001:000EB272
   240 0001:000EB282   241 0001:000EB28A   242 0001:000EB29F   243 0001:000EB2C7
   249 0001:000EB2DC   250 0001:000EB2E8   251 0001:000EB2F6   252 0001:000EB304
   253 0001:000EB312   254 0001:000EB320   260 0001:000EB324   261 0001:000EB330
   262 0001:000EB375   263 0001:000EB387   264 0001:000EB3A3   271 0001:000EB3A8
   273 0001:000EB3B7   274 0001:000EB3C7   281 0001:000EB3D0   283 0001:000EB3DF
   284 0001:000EB3EF   290 0001:000EB3F8   291 0001:000EB419   292 0001:000EB422
   293 0001:000EB435   300 0001:000EB440   301 0001:000EB44F   302 0001:000EB45C
   306 0001:000EB4BC   306 0001:000EB4C3

Line numbers for Main(Main.pas) segment .text

    79 0001:000EB81C    81 0001:000EB825    82 0001:000EB836    84 0001:000EB841
    86 0001:000EB870    87 0001:000EB87B    88 0001:000EB883   101 0001:000EB888
   102 0001:000EB8AD   103 0001:000EB8C7   104 0001:000EB8D5   106 0001:000EB8DE
   107 0001:000EB8E2   108 0001:000EB8E8   110 0001:000EB8FA   112 0001:000EB902
   111 0001:000EB906   113 0001:000EB917   115 0001:000EB93C   116 0001:000EB940
   108 0001:000EB943   118 0001:000EB955   120 0001:000EB982   126 0001:000EB990
   127 0001:000EB997   128 0001:000EB9AA   134 0001:000EB9B0   135 0001:000EB9BC
   136 0001:000EB9C4   142 0001:000EB9C8   144 0001:000EB9D4   145 0001:000EB9E2
   157 0001:000EB9E8   158 0001:000EB9F4   160 0001:000EBA41   162 0001:000EBA4B
   164 0001:000EBA55   166 0001:000EBA5F   168 0001:000EBA69   170 0001:000EBA73
   172 0001:000EBA7D   174 0001:000EBA87   176 0001:000EBA91   178 0001:000EBA9B
   180 0001:000EBAA5   183 0001:000EBAAA   185 0001:000EBAD8   186 0001:000EBAEA
   188 0001:000EBAFF   190 0001:000EBB05   191 0001:000EBB13   192 0001:000EBB1B
   193 0001:000EBB25   194 0001:000EBB36   195 0001:000EBB40   198 0001:000EBB48
   204 0001:000EBB4C   205 0001:000EBB58   206 0001:000EBB64   210 0001:000EBB98
   210 0001:000EBB9F

Line numbers for GeneralAbilitiesDemo(GeneralAbilitiesDemo.pas) segment .text

   122 0001:000EC07C   124 0001:000EC088   125 0001:000EC0B0   126 0001:000EC0C2
   128 0001:000EC0D2   131 0001:000EC0E8   132 0001:000EC0FA   133 0001:000EC11E
   132 0001:000EC157   135 0001:000EC15C   136 0001:000EC16A   148 0001:000EC1D8
   149 0001:000EC1E7   150 0001:000EC1F0   160 0001:000EC1F4   161 0001:000EC203
   162 0001:000EC211   164 0001:000EC21D   166 0001:000EC228   167 0001:000EC231
   170 0001:000EC251   171 0001:000EC25F   173 0001:000EC271   174 0001:000EC281
   182 0001:000EC2A1   194 0001:000EC2AC   195 0001:000EC2BB   196 0001:000EC2C9
   197 0001:000EC2D1   199 0001:000EC2DE   201 0001:000EC2E9   203 0001:000EC2F8
   208 0001:000EC308   209 0001:000EC30E   211 0001:000EC31C   226 0001:000EC324
   227 0001:000EC347   228 0001:000EC355   230 0001:000EC35B   231 0001:000EC36C
   233 0001:000EC375   234 0001:000EC37B   235 0001:000EC384   238 0001:000EC38A
   239 0001:000EC3C4   240 0001:000EC3D3   242 0001:000EC3E3   243 0001:000EC3EE
   246 0001:000EC41C   247 0001:000EC42C   252 0001:000EC474   253 0001:000EC484
   257 0001:000EC4B3   258 0001:000EC4C3   263 0001:000EC503   264 0001:000EC513
   268 0001:000EC52B   271 0001:000EC53B   272 0001:000EC54D   274 0001:000EC577
   284 0001:000EC6D4   287 0001:000EC6E3   290 0001:000EC6EA   291 0001:000EC6F8
   292 0001:000EC704   295 0001:000EC711   297 0001:000EC728   298 0001:000EC736
   310 0001:000EC73F   321 0001:000EC748   322 0001:000EC757   323 0001:000EC765
   324 0001:000EC76E   325 0001:000EC777   337 0001:000EC780   338 0001:000EC7A5
   339 0001:000EC7B3   340 0001:000EC7DB   346 0001:000EC7E4   347 0001:000EC7F0
   349 0001:000EC7FC   350 0001:000EC810   351 0001:000EC81C   353 0001:000EC830
   359 0001:000EC834   360 0001:000EC840   361 0001:000EC861   367 0001:000EC868
   368 0001:000EC877   369 0001:000EC89C   376 0001:000EC8A0   377 0001:000EC8AF
   379 0001:000EC8B7   381 0001:000EC8C7   383 0001:000EC8CE   389 0001:000EC8D4
   390 0001:000EC8E3   391 0001:000EC8E9   393 0001:000EC900   395 0001:000EC916
   398 0001:000EC929   400 0001:000EC93A   401 0001:000EC94C   403 0001:000EC96D
   404 0001:000EC97F   406 0001:000EC99E   412 0001:000EC9A4   413 0001:000EC9B0
   414 0001:000EC9C1   416 0001:000EC9CD   417 0001:000EC9F9   421 0001:000ECA0B
   422 0001:000ECA39   424 0001:000ECA49   431 0001:000ECA54   432 0001:000ECA63
   433 0001:000ECA7A   439 0001:000ECA80   440 0001:000ECA8C   441 0001:000ECA9D
   443 0001:000ECAA9   447 0001:000ECABB   449 0001:000ECACB   455 0001:000ECAD0
   456 0001:000ECADC   457 0001:000ECAED   458 0001:000ECAFF   460 0001:000ECB15
   462 0001:000ECB2B   463 0001:000ECB4C   464 0001:000ECB6D   465 0001:000ECB8E
   466 0001:000ECBAF   488 0001:000ECBB8   489 0001:000ECBDB   491 0001:000ECBE7
   493 0001:000ECBF7   494 0001:000ECC02   497 0001:000ECC23   498 0001:000ECC34
   499 0001:000ECC41   500 0001:000ECC71   501 0001:000ECC7C   505 0001:000ECC8C
   506 0001:000ECCA7   507 0001:000ECCC0   508 0001:000ECCCB   512 0001:000ECCE5
   513 0001:000ECD00   514 0001:000ECD13   515 0001:000ECD1E   519 0001:000ECD2E
   520 0001:000ECD49   521 0001:000ECD65   522 0001:000ECD70   526 0001:000ECD7D
   527 0001:000ECD98   528 0001:000ECDAE   529 0001:000ECDB9   532 0001:000ECDC4
   533 0001:000ECDDB   534 0001:000ECDE9   536 0001:000ECE04   540 0001:000ECE4E
   546 0001:000ECFA8   547 0001:000ECFC9   548 0001:000ECFD2   549 0001:000ECFE5
   556 0001:000ECFF0   557 0001:000ED009   558 0001:000ED00F   562 0001:000ED048
   562 0001:000ED04F

Line numbers for Advanced(D:\projects\proj\Soft Gems\Virtual Treeview\Demos\Advanced\Advanced.dpr) segment .text

    23 0001:000ED328    24 0001:000ED338    25 0001:000ED344    26 0001:000ED35C
    27 0001:000ED374    28 0001:000ED380

Bound resource files

c:\program files\borland\delphi7\Lib\Buttons.res
c:\program files\borland\delphi7\Lib\ExtDlgs.res
c:\program files\borland\delphi7\Lib\Controls.res
d:\projects\proj\Soft Gems\Virtual Treeview\Source\VirtualTrees.res
States.dfm
SpeedDemo.DFM
c:\program files\borland\delphi7\Lib\FileCtrl.res
DrawTreeDemo.DFM
GridDemo.DFM
PropertiesDemo.DFM
VisibilityDemo.DFM
AlignDemo.DFM
WindowsXPStyleDemo.dfm
MultilineDemo.dfm
HeaderCustomDrawDemo.dfm
Main.DFM
GeneralAbilitiesDemo.DFM
Res\ExtraRes.res
Advanced.RES
Advanced.drf


Program entry point at 0001:000ED328
