
 Start         Length     Name                   Class
 0001:00000000 000A54D8H .text                   CODE
 0002:00000000 0000182CH .data                   DATA
 0002:0000182C 00000C7DH .bss                    BSS


Detailed map of segments

 0001:00000000 00005267 C=CODE     S=.text    G=(none)   M=System   ACBP=A9
 0001:00005268 00000140 C=CODE     S=.text    G=(none)   M=SysInit  ACBP=A9
 0001:000053A8 00000108 C=CODE     S=.text    G=(none)   M=Types    ACBP=A9
 0001:000054B0 00000E54 C=CODE     S=.text    G=(none)   M=Windows  ACBP=A9
 0001:00006304 00000038 C=CODE     S=.text    G=(none)   M=Messages ACBP=A9
 0001:0000633C 00000320 C=CODE     S=.text    G=(none)   M=SysConst ACBP=A9
 0001:0000665C 00006828 C=CODE     S=.text    G=(none)   M=SysUtils ACBP=A9
 0001:0000CE84 000007FB C=CODE     S=.text    G=(none)   M=VarUtils ACBP=A9
 0001:0000D680 000066BA C=CODE     S=.text    G=(none)   M=Variants ACBP=A9
 0001:00013D3C 00000138 C=CODE     S=.text    G=(none)   M=RTLConsts ACBP=A9
 0001:00013E74 00000DB0 C=CODE     S=.text    G=(none)   M=TypInfo  ACBP=A9
 0001:00014C24 00000208 C=CODE     S=.text    G=(none)   M=ActiveX  ACBP=A9
 0001:00014E2C 0000D50A C=CODE     S=.text    G=(none)   M=Classes  ACBP=A9
 0001:00022338 00000338 C=CODE     S=.text    G=(none)   M=Consts   ACBP=A9
 0001:00022670 0000936F C=CODE     S=.text    G=(none)   M=Graphics ACBP=A9
 0001:0002B9E0 00000140 C=CODE     S=.text    G=(none)   M=Math     ACBP=A9
 0001:0002BB20 000002B8 C=CODE     S=.text    G=(none)   M=Contnrs  ACBP=A9
 0001:0002BDD8 00000198 C=CODE     S=.text    G=(none)   M=CommCtrl ACBP=A9
 0001:0002BF70 00000787 C=CODE     S=.text    G=(none)   M=MultiMon ACBP=A9
 0001:0002C6F8 00000038 C=CODE     S=.text    G=(none)   M=Imm      ACBP=A9
 0001:0002C730 00000FF8 C=CODE     S=.text    G=(none)   M=HelpIntfs ACBP=A9
 0001:0002D728 00000058 C=CODE     S=.text    G=(none)   M=WinSpool ACBP=A9
 0001:0002D780 00000F80 C=CODE     S=.text    G=(none)   M=Printers ACBP=A9
 0001:0002E700 0000031F C=CODE     S=.text    G=(none)   M=FlatSB   ACBP=A9
 0001:0002EA20 000001A4 C=CODE     S=.text    G=(none)   M=SyncObjs ACBP=A9
 0001:0002EBC4 000009BB C=CODE     S=.text    G=(none)   M=UxTheme  ACBP=A9
 0001:0002F580 00000038 C=CODE     S=.text    G=(none)   M=RichEdit ACBP=A9
 0001:0002F5B8 00000038 C=CODE     S=.text    G=(none)   M=ToolWin  ACBP=A9
 0001:0002F5F0 00000038 C=CODE     S=.text    G=(none)   M=ShellAPI ACBP=A9
 0001:0002F628 00000038 C=CODE     S=.text    G=(none)   M=RegStr   ACBP=A9
 0001:0002F660 00000038 C=CODE     S=.text    G=(none)   M=WinInet  ACBP=A9
 0001:0002F698 00000038 C=CODE     S=.text    G=(none)   M=UrlMon   ACBP=A9
 0001:0002F6D0 00000038 C=CODE     S=.text    G=(none)   M=ShlObj   ACBP=A9
 0001:0002F708 00000040 C=CODE     S=.text    G=(none)   M=CommDlg  ACBP=A9
 0001:0002F748 00000038 C=CODE     S=.text    G=(none)   M=Dlgs     ACBP=A9
 0001:0002F780 00000EF1 C=CODE     S=.text    G=(none)   M=Dialogs  ACBP=A9
 0001:00030674 000018C6 C=CODE     S=.text    G=(none)   M=ExtCtrls ACBP=A9
 0001:00031F3C 00000090 C=CODE     S=.text    G=(none)   M=ComStrs  ACBP=A9
 0001:00031FCC 00000094 C=CODE     S=.text    G=(none)   M=Clipbrd  ACBP=A9
 0001:00032060 00000038 C=CODE     S=.text    G=(none)   M=StrUtils ACBP=A9
 0001:00032098 000000F5 C=CODE     S=.text    G=(none)   M=Buttons  ACBP=A9
 0001:00032190 00000038 C=CODE     S=.text    G=(none)   M=ExtDlgs  ACBP=A9
 0001:000321C8 00000068 C=CODE     S=.text    G=(none)   M=IniFiles ACBP=A9
 0001:00032230 00000068 C=CODE     S=.text    G=(none)   M=Registry ACBP=A9
 0001:00032298 0000006C C=CODE     S=.text    G=(none)   M=Mapi     ACBP=A9
 0001:00032304 00000058 C=CODE     S=.text    G=(none)   M=ExtActns ACBP=A9
 0001:0003235C 00000038 C=CODE     S=.text    G=(none)   M=ListActns ACBP=A9
 0001:00032394 00006B80 C=CODE     S=.text    G=(none)   M=ComCtrls ACBP=A9
 0001:00038F14 00000BD8 C=CODE     S=.text    G=(none)   M=Themes   ACBP=A9
 0001:00039AEC 00005F3C C=CODE     S=.text    G=(none)   M=StdCtrls ACBP=A9
 0001:0003FA28 00000168 C=CODE     S=.text    G=(none)   M=StdActns ACBP=A9
 0001:0003FB90 00000D1F C=CODE     S=.text    G=(none)   M=WinHelpViewer ACBP=A9
 0001:000408B0 00011263 C=CODE     S=.text    G=(none)   M=Controls ACBP=A9
 0001:00051B14 00001A3E C=CODE     S=.text    G=(none)   M=ActnList ACBP=A9
 0001:00053554 00001974 C=CODE     S=.text    G=(none)   M=ImgList  ACBP=A9
 0001:00054EC8 00006639 C=CODE     S=.text    G=(none)   M=Menus    ACBP=A9
 0001:0005B504 0000C540 C=CODE     S=.text    G=(none)   M=Forms    ACBP=A9
 0001:00067A44 00000058 C=CODE     S=.text    G=(none)   M=ComConst ACBP=A9
 0001:00067A9C 00000E65 C=CODE     S=.text    G=(none)   M=ComObj   ACBP=A9
 0001:00068904 0000007C C=CODE     S=.text    G=(none)   M=MSAAIntf ACBP=A9
 0001:00068980 00000038 C=CODE     S=.text    G=(none)   M=StdVCL   ACBP=A9
 0001:000689B8 000008D7 C=CODE     S=.text    G=(none)   M=AxCtrls  ACBP=A9
 0001:00069290 00000050 C=CODE     S=.text    G=(none)   M=MMSystem ACBP=A9
 0001:000692E0 000002D4 C=CODE     S=.text    G=(none)   M=VTAccessibilityFactory ACBP=A9
 0001:000695B4 0003A6A3 C=CODE     S=.text    G=(none)   M=VirtualTrees ACBP=A9
 0001:000A3C58 000015B0 C=CODE     S=.text    G=(none)   M=Main     ACBP=A9
 0001:000A5208 000002D0 C=CODE     S=.text    G=(none)   M=OLE      ACBP=A9
 0002:00000000 0000009C C=DATA     S=.data    G=DGROUP   M=System   ACBP=A9
 0002:0000009C 00000020 C=DATA     S=.data    G=DGROUP   M=SysInit  ACBP=A9
 0002:000000BC 00000254 C=DATA     S=.data    G=DGROUP   M=SysUtils ACBP=A9
 0002:00000310 00000008 C=DATA     S=.data    G=DGROUP   M=VarUtils ACBP=A9
 0002:00000318 00000136 C=DATA     S=.data    G=DGROUP   M=Variants ACBP=A9
 0002:00000450 0000000C C=DATA     S=.data    G=DGROUP   M=TypInfo  ACBP=A9
 0002:0000045C 00000010 C=DATA     S=.data    G=DGROUP   M=ActiveX  ACBP=A9
 0002:0000046C 00000064 C=DATA     S=.data    G=DGROUP   M=Classes  ACBP=A9
 0002:000004D0 0000030C C=DATA     S=.data    G=DGROUP   M=Graphics ACBP=A9
 0002:000007DC 00000004 C=DATA     S=.data    G=DGROUP   M=Printers ACBP=A9
 0002:000007E0 000000C0 C=DATA     S=.data    G=DGROUP   M=Dialogs  ACBP=A9
 0002:000008A0 0000018C C=DATA     S=.data    G=DGROUP   M=ExtCtrls ACBP=A9
 0002:00000A2C 0000002C C=DATA     S=.data    G=DGROUP   M=Buttons  ACBP=A9
 0002:00000A58 00000008 C=DATA     S=.data    G=DGROUP   M=IniFiles ACBP=A9
 0002:00000A60 00000008 C=DATA     S=.data    G=DGROUP   M=Registry ACBP=A9
 0002:00000A68 00000008 C=DATA     S=.data    G=DGROUP   M=Mapi     ACBP=A9
 0002:00000A70 0000007D C=DATA     S=.data    G=DGROUP   M=ComCtrls ACBP=A9
 0002:00000AF0 00000068 C=DATA     S=.data    G=DGROUP   M=Themes   ACBP=A9
 0002:00000B58 000000D4 C=DATA     S=.data    G=DGROUP   M=StdCtrls ACBP=A9
 0002:00000C2C 0000013C C=DATA     S=.data    G=DGROUP   M=Controls ACBP=A9
 0002:00000D68 00000020 C=DATA     S=.data    G=DGROUP   M=ImgList  ACBP=A9
 0002:00000D88 000000EC C=DATA     S=.data    G=DGROUP   M=Menus    ACBP=A9
 0002:00000E74 0000011C C=DATA     S=.data    G=DGROUP   M=Forms    ACBP=A9
 0002:00000F90 00000030 C=DATA     S=.data    G=DGROUP   M=ComObj   ACBP=A9
 0002:00000FC0 00000010 C=DATA     S=.data    G=DGROUP   M=MSAAIntf ACBP=A9
 0002:00000FD0 00000004 C=DATA     S=.data    G=DGROUP   M=VTAccessibilityFactory ACBP=A9
 0002:00000FD4 0000038C C=DATA     S=.data    G=DGROUP   M=VirtualTrees ACBP=A9
 0002:00002000 00000664 C=BSS      S=.bss     G=DGROUP   M=System   ACBP=A9
 0002:00002664 00000010 C=BSS      S=.bss     G=DGROUP   M=SysInit  ACBP=A9
 0002:00002674 00000004 C=BSS      S=.bss     G=DGROUP   M=Types    ACBP=A9
 0002:00002678 00000004 C=BSS      S=.bss     G=DGROUP   M=Windows  ACBP=A9
 0002:0000267C 00000004 C=BSS      S=.bss     G=DGROUP   M=Messages ACBP=A9
 0002:00002680 00000004 C=BSS      S=.bss     G=DGROUP   M=SysConst ACBP=A9
 0002:00002684 00000120 C=BSS      S=.bss     G=DGROUP   M=SysUtils ACBP=A9
 0002:000027A4 0000005C C=BSS      S=.bss     G=DGROUP   M=VarUtils ACBP=A9
 0002:00002800 00000040 C=BSS      S=.bss     G=DGROUP   M=Variants ACBP=A9
 0002:00002840 00000004 C=BSS      S=.bss     G=DGROUP   M=RTLConsts ACBP=A9
 0002:00002844 00000004 C=BSS      S=.bss     G=DGROUP   M=TypInfo  ACBP=A9
 0002:00002848 00000004 C=BSS      S=.bss     G=DGROUP   M=ActiveX  ACBP=A9
 0002:0000284C 00000044 C=BSS      S=.bss     G=DGROUP   M=Classes  ACBP=A9
 0002:00002890 00000004 C=BSS      S=.bss     G=DGROUP   M=Consts   ACBP=A9
 0002:00002894 00000060 C=BSS      S=.bss     G=DGROUP   M=Graphics ACBP=A9
 0002:000028F4 00000004 C=BSS      S=.bss     G=DGROUP   M=Math     ACBP=A9
 0002:000028F8 00000004 C=BSS      S=.bss     G=DGROUP   M=Contnrs  ACBP=A9
 0002:000028FC 0000000C C=BSS      S=.bss     G=DGROUP   M=CommCtrl ACBP=A9
 0002:00002908 00000031 C=BSS      S=.bss     G=DGROUP   M=MultiMon ACBP=A9
 0002:0000293C 00000004 C=BSS      S=.bss     G=DGROUP   M=Imm      ACBP=A9
 0002:00002940 00000008 C=BSS      S=.bss     G=DGROUP   M=HelpIntfs ACBP=A9
 0002:00002948 00000004 C=BSS      S=.bss     G=DGROUP   M=WinSpool ACBP=A9
 0002:0000294C 00000004 C=BSS      S=.bss     G=DGROUP   M=Printers ACBP=A9
 0002:00002950 00000034 C=BSS      S=.bss     G=DGROUP   M=FlatSB   ACBP=A9
 0002:00002984 00000004 C=BSS      S=.bss     G=DGROUP   M=SyncObjs ACBP=A9
 0002:00002988 000000CC C=BSS      S=.bss     G=DGROUP   M=UxTheme  ACBP=A9
 0002:00002A54 00000004 C=BSS      S=.bss     G=DGROUP   M=RichEdit ACBP=A9
 0002:00002A58 00000004 C=BSS      S=.bss     G=DGROUP   M=ToolWin  ACBP=A9
 0002:00002A5C 00000004 C=BSS      S=.bss     G=DGROUP   M=ShellAPI ACBP=A9
 0002:00002A60 00000004 C=BSS      S=.bss     G=DGROUP   M=RegStr   ACBP=A9
 0002:00002A64 00000004 C=BSS      S=.bss     G=DGROUP   M=WinInet  ACBP=A9
 0002:00002A68 00000004 C=BSS      S=.bss     G=DGROUP   M=UrlMon   ACBP=A9
 0002:00002A6C 00000004 C=BSS      S=.bss     G=DGROUP   M=ShlObj   ACBP=A9
 0002:00002A70 00000004 C=BSS      S=.bss     G=DGROUP   M=CommDlg  ACBP=A9
 0002:00002A74 00000004 C=BSS      S=.bss     G=DGROUP   M=Dlgs     ACBP=A9
 0002:00002A78 00000010 C=BSS      S=.bss     G=DGROUP   M=Dialogs  ACBP=A9
 0002:00002A88 00000004 C=BSS      S=.bss     G=DGROUP   M=ExtCtrls ACBP=A9
 0002:00002A8C 00000004 C=BSS      S=.bss     G=DGROUP   M=ComStrs  ACBP=A9
 0002:00002A90 0000000C C=BSS      S=.bss     G=DGROUP   M=Clipbrd  ACBP=A9
 0002:00002A9C 00000004 C=BSS      S=.bss     G=DGROUP   M=StrUtils ACBP=A9
 0002:00002AA0 00000030 C=BSS      S=.bss     G=DGROUP   M=Buttons  ACBP=A9
 0002:00002AD0 00000004 C=BSS      S=.bss     G=DGROUP   M=ExtDlgs  ACBP=A9
 0002:00002AD4 00000004 C=BSS      S=.bss     G=DGROUP   M=IniFiles ACBP=A9
 0002:00002AD8 00000004 C=BSS      S=.bss     G=DGROUP   M=Registry ACBP=A9
 0002:00002ADC 00000004 C=BSS      S=.bss     G=DGROUP   M=Mapi     ACBP=A9
 0002:00002AE0 00000009 C=BSS      S=.bss     G=DGROUP   M=ExtActns ACBP=A9
 0002:00002AEC 00000004 C=BSS      S=.bss     G=DGROUP   M=ListActns ACBP=A9
 0002:00002AF0 00000010 C=BSS      S=.bss     G=DGROUP   M=ComCtrls ACBP=A9
 0002:00002B00 00000008 C=BSS      S=.bss     G=DGROUP   M=Themes   ACBP=A9
 0002:00002B08 00000004 C=BSS      S=.bss     G=DGROUP   M=StdCtrls ACBP=A9
 0002:00002B0C 00000004 C=BSS      S=.bss     G=DGROUP   M=StdActns ACBP=A9
 0002:00002B10 00000014 C=BSS      S=.bss     G=DGROUP   M=WinHelpViewer ACBP=A9
 0002:00002B24 00000080 C=BSS      S=.bss     G=DGROUP   M=Controls ACBP=A9
 0002:00002BA4 00000004 C=BSS      S=.bss     G=DGROUP   M=ActnList ACBP=A9
 0002:00002BA8 0000000C C=BSS      S=.bss     G=DGROUP   M=ImgList  ACBP=A9
 0002:00002BB4 00000010 C=BSS      S=.bss     G=DGROUP   M=Menus    ACBP=A9
 0002:00002BC4 00000020 C=BSS      S=.bss     G=DGROUP   M=Forms    ACBP=A9
 0002:00002BE4 00000004 C=BSS      S=.bss     G=DGROUP   M=ComConst ACBP=A9
 0002:00002BE8 00000011 C=BSS      S=.bss     G=DGROUP   M=ComObj   ACBP=A9
 0002:00002BFC 00000004 C=BSS      S=.bss     G=DGROUP   M=MSAAIntf ACBP=A9
 0002:00002C00 00000004 C=BSS      S=.bss     G=DGROUP   M=StdVCL   ACBP=A9
 0002:00002C04 0000001C C=BSS      S=.bss     G=DGROUP   M=AxCtrls  ACBP=A9
 0002:00002C20 00000004 C=BSS      S=.bss     G=DGROUP   M=MMSystem ACBP=A9
 0002:00002C24 00000004 C=BSS      S=.bss     G=DGROUP   M=VTAccessibilityFactory ACBP=A9
 0002:00002C28 0000004C C=BSS      S=.bss     G=DGROUP   M=VirtualTrees ACBP=A9
 0002:00002C74 00000008 C=BSS      S=.bss     G=DGROUP   M=Main     ACBP=A9


  Address         Publics by Name

 0002:00002C04       .02
 0002:00002A74       .1
 0002:00002680       .1
 0002:00002840       .1
 0002:00002A8C       .1
 0002:00002BE4       .1
 0002:00002A70       .1
 0002:00002890       .1
 0002:00002B18       .1
 0002:00002A6C       .1
 0002:00002A68       .1
 0002:00002A64       .1
 0002:00002A60       .1
 0002:00002A5C       .1
 0002:00002A54       .1
 0002:00002A44       .1
 0002:00002A9C       .1
 0002:0000266C       .1
 0002:00002C00       .1
 0002:00002970       .1
 0002:00002ADC       .1
 0002:0000293C       .1
 0002:00002928       .1
 0002:000028FC       .1
 0002:00002674       .1
 0002:0000267C       .1
 0002:00002A78       .11
 0002:00002A88       .12
 0002:00002898       .12
 0002:00002C38       .13
 0002:00002A94       .2
 0002:000028F4       .2
 0002:00002C24       .2
 0002:00002940       .2
 0002:00002BFC       .2
 0002:00002B00       .2
 0002:00002C78       .2
 0002:000028F8       .21
 0002:00002678       .3
 0002:00002AD0       .3
 0002:0000294C       .3
 0002:00002948       .3
 0002:00002BA8       .3
 0002:00002848       .3
 0002:00002794       .35
 0002:00002AF0       .36
 0002:00002AA0       .4
 0002:00002A58       .4
 0002:00002BCC       .41
 0002:00002BE8       .41
 0002:00002B08       .42
 0002:00002858       .45
 0002:00002AD8       .5
 0002:000027FC       .5
 0002:000025BC       .5
 0002:00002844       .6
 0002:00002984       .6
 0002:00002C20       .7
 0002:00002B2C       .72
 0002:00002AE0       .72
 0002:00002B0C       .73
 0002:00002AD4       .8
 0002:00002AEC       .8
 0002:00002BA4       .8
 0002:00002820       .81
 0002:00002BBC       .9
 0001:00001A18       @AbstractError
 0001:00002640       @AfterConstruction
 0001:00002434       @AsClass
 0001:00003030       @Assert
 0001:00001BBC       @AStrCmp
 0001:00002650       @BeforeDestruction
 0001:000021C4       @BoundErr
 0001:00002480       @CallDynaInst
 0001:000025E8       @ClassCreate
 0001:00002638       @ClassDestroy
 0001:00001A88       @Close
 0001:000018E4       @Copy
 0001:00003E74       @CopyArray
 0001:00003D58       @CopyRecord
 0001:00003FE0       @DispCallByIDError
 0001:0000E260       @DispInvokeError
 0001:00003F7C       @Dispose
 0001:00002ACC       @DoneExcept
 0001:0000455C       @DynArrayAddRef
 0001:00004534       @DynArrayAsg
 0001:000044F8       @DynArrayClear
 0001:00004404       @DynArrayCopyRange
 0001:00004244       @DynArrayHigh
 0001:0000423C       @DynArrayLength
 0001:000043F8       @DynArraySetLength
 0001:00002BB4       @ExceptionHandler
 0001:000019AC       @EXP
 0001:00001C2C       @FillChar
 0001:00003D34       @Finalize
 0001:00003C48       @FinalizeArray
 0001:00003BFC       @FinalizeRecord
 0001:00002498       @FindDynaInst
 0001:000021B8       @FpuInit
 0001:000020F4       @FpuMaskInit
 0001:000019C4       @FRAC
 0001:0000176C       @FreeMem
 0001:0000174C       @GetMem
 0001:000052E0       @GetTls
 0001:00003018       @Halt
 0001:00002F40       @Halt0
 0001:00002764       @HandleAnyException
 0001:00002A18       @HandleFinally
 0001:00002890       @HandleOnException
 0001:0000532C       @InitExe
 0001:00003BF0       @Initialize
 0001:00003B5C       @InitializeArray
 0001:00003B2C       @InitializeRecord
 0001:00002DE8       @InitImports
 0001:00002DC0       @InitResStringImports
 0001:00002D9C       @InitResStrings
 0001:00002E0C       @InitWideStrings
 0001:00004C24       @IntfAddRef
 0001:00004BF4       @IntfCast
 0001:00004BB0       @IntfClear
 0001:00004BC8       @IntfCopy
 0001:00002410       @IsClass
 0001:000020C4       @isNECWindows
 0001:00003584       @LStrAddRef
 0001:000030F8       @LStrArrayClr
 0001:00003128       @LStrAsg
 0001:0000339C       @LStrCat
 0001:000033E0       @LStrCat3
 0001:00003454       @LStrCatN
 0001:000030D4       @LStrClr
 0001:000034E0       @LStrCmp
 0001:000035F4       @LStrCopy
 0001:00003634       @LStrDelete
 0001:00003344       @LStrFromArray
 0001:000032BC       @LStrFromChar
 0001:000032CC       @LStrFromPChar
 0001:000031C4       @LStrFromPCharLen
 0001:000032FC       @LStrFromPWChar
 0001:00003230       @LStrFromPWCharLen
 0001:00003338       @LStrFromString
 0001:0000335C       @LStrFromWStr
 0001:0000367C       @LStrInsert
 0001:0000316C       @LStrLAsg
 0001:00003394       @LStrLen
 0001:000036D8       @LStrPos
 0001:00003720       @LStrSetLength
 0001:00003594       @LStrToPChar
 0001:00003370       @LStrToString
 0001:00003F68       @New
 0001:00003198       @NewAnsiString
 0001:0000378C       @NewWideString
 0001:00001DD8       @Pow10
 0001:00001B38       @PStrCmp
 0001:00001B10       @PStrCpy
 0001:00001AE0       @PStrNCat
 0001:00001B1C       @PStrNCpy
 0001:00002A78       @RaiseAgain
 0001:00002A50       @RaiseExcept
 0001:0000178C       @ReallocMem
 0001:000019E8       @ROUND
 0001:00003024       @RunError
 0001:00001D50       @SetElem
 0001:00001D74       @SetEq
 0001:00001DB0       @SetExpand
 0001:00001D88       @SetIntersect
 0001:00001DA0       @SetSub
 0001:00001D94       @SetUnion
 0001:00002D5C       @StartExe
 0001:0000032C       @strlen
 0001:000019F4       @TRUNC
 0001:00002AFC       @TryFinallyExit
 0001:000035EC       @UniqueStringA
 0001:0000400C       @ValInt64
 0001:00001C4C       @ValLong
 0001:0001330C       @VarAddRef
 0001:0000EB40       @VarCast
 0001:0000E54C       @VarClear
 0001:00003C30       @VarClr
 0001:0000E560       @VarClr
 0001:00013C08       @VarCmpEQ
 0001:0000E874       @VarCopy
 0001:00003D40       @VarCopy
 0001:000128AC       @VarFromBool
 0001:00012738       @VarFromByte
 0001:000128FC       @VarFromCurr
 0001:00012854       @VarFromCurrency
 0001:00012880       @VarFromDate
 0001:000129A0       @VarFromDisp
 0001:00012828       @VarFromDouble
 0001:000126DC       @VarFromInt
 0001:000127D8       @VarFromInt64
 0001:00012718       @VarFromInteger
 0001:00012974       @VarFromIntf
 0001:00012778       @VarFromLongWord
 0001:00012910       @VarFromLStr
 0001:000128D4       @VarFromReal
 0001:00012798       @VarFromShortInt
 0001:00012804       @VarFromSingle
 0001:000127B8       @VarFromSmallInt
 0001:000128E8       @VarFromTDateTime
 0001:00012758       @VarFromWord
 0001:0001293C       @VarFromWStr
 0001:0000E2B4       @VarNull
 0001:0001030C       @VarToBool
 0001:0000FFC4       @VarToBoolean
 0001:0000F404       @VarToByte
 0001:000111B0       @VarToCurrency
 0001:00010C48       @VarToDate
 0001:00012630       @VarToDisp
 0001:000104D8       @VarToDouble
 0001:0000F9C8       @VarToInt64
 0001:0000EF04       @VarToInteger
 0001:00012564       @VarToIntf
 0001:0000F67C       @VarToLongWord
 0001:00011864       @VarToLStr
 0001:00010854       @VarToReal
 0001:0000F354       @VarToShortInt
 0001:00010870       @VarToSingle
 0001:0000F4AC       @VarToSmallInt
 0001:0000F5A4       @VarToWord
 0001:00011F8C       @VarToWStr
 0001:00003B0C       @WStrAddRef
 0001:000037CC       @WStrArrayClr
 0001:000037F0       @WStrAsg
 0001:00003944       @WStrCat3
 0001:000037B4       @WStrClr
 0001:000039A8       @WStrCmp
 0001:00003A2C       @WStrCopy
 0001:00003918       @WStrFromLStr
 0001:0000381C       @WStrFromPCharLen
 0001:000038DC       @WStrFromPWChar
 0001:000038A8       @WStrFromPWCharLen
 0001:000038CC       @WStrFromWChar
 0001:00003814       @WStrLAsg
 0001:00003938       @WStrLen
 0001:00003A78       @WStrPos
 0001:00003AC8       @WStrSetLength
 0001:00003928       @WStrToPWChar
 0001:00001D2C       @_CLenToPasStr
 0001:00001D20       @_CToPasStr
 0001:000018B4       @_IOTest
 0001:00003FE8       @_llmul
 0001:0000AE88       Abort
 0001:0002D88C       AbortProc
 0001:00043A20       AbsMin
 0001:0000B254       AbstractErrorHandler
 0002:0000202C       AbstractErrorProc
 0002:00000140       AccessMode
 0001:0000181C       AcquireExceptionObject
 0001:00017584       ActivateClassGroup
 0001:00005AEC       ActivateKeyboardLayout
 0002:00002B60       ActiveDrag
 0001:00014E24       ActiveX
 0001:00053528       ActnList
 0001:00000458       AddBlockAfter
 0002:0000046C       AddDataModule
 0001:000072D8       AddExitProc
 0001:0001B96C       AddFinished
 0001:00056AFC       AddIn
 0001:00004A54       AddModuleUnloadProc
 0001:00004A44       AddModuleUnloadProc
 0001:00073920       AddNodeImages
 0001:0001B9A4       AddNotFinished
 0001:0001C3C8       AddSubComponentsToLoaded
 0001:00073A30       AddSystemImage
 0001:00020930       AddThread
 0001:000743FC       AddThreadReference
 0001:00026090       AdjustColor
 0001:00031788       AdjustColors
 0001:00078914       AdjustColumnIndex
 0001:00037C74       AdjustLineBreaks
 0001:000076A0       AdjustLineBreaks
 0001:0005DB0C       Adjustment
 0001:00005AF4       AdjustWindowRectEx
 0002:00000BA0       Alignments
 0002:00000E5C       Alignments
 0002:00000B60       Alignments
 0002:000008A8       Alignments
 0002:00000E4C       Alignments
 0002:00001040       AlignmentToDrawFlag
 0002:00000AA4       AlignStyles
 0001:000490C4       AlignWork
 0001:00064A94       AlignWork
 0001:00022118       AllocateHWnd
 0001:0000728C       AllocMem
 0002:000025B4       AllocMemCount
 0002:000025B8       AllocMemSize
 0001:0002B7D8       AllocPatternBitmap
 0001:00005288       AllocTlsBuffer
 0001:0007332C       AlphaBlend
 0001:00072FC4       AlphaBlendLineConstant
 0001:000730A8       AlphaBlendLineMaster
 0001:0007312C       AlphaBlendLineMasterAndColor
 0001:00073038       AlphaBlendLinePerPixel
 0001:00082E24       AlphaBlendSelection
 0001:0001F128       AncestorIsValid
 0002:00000C38       AnchorAlign
 0002:00000C2C       AnimateWindowProc
 0002:00000D34       AnimationStyle
 0001:00007484       AnsiCompareStr
 0001:000074BC       AnsiCompareText
 0001:00007D58       AnsiLastChar
 0001:00005AFC       AnsiLower
 0001:00007450       AnsiLowerCase
 0001:0000BB94       AnsiLowerCaseFileName
 0001:0000BB5C       AnsiPos
 0001:0000757C       AnsiQuotedStr
 0001:0005B310       AnsiSameCaption
 0001:000074F4       AnsiSameText
 0001:0000750C       AnsiStrLIComp
 0001:0000BC20       AnsiStrPos
 0001:0000BCC0       AnsiStrRScan
 0001:0000BCE8       AnsiStrScan
 0001:00005024       AnsiToUtf8
 0001:000124EC       AnyToIntf
 0001:000091A8       AppendChars
 0001:0000956C       AppendFormat
 0001:0000920C       AppendNumber
 0001:000091EC       AppendString
 0002:00002BC4       Application
 0002:0000047C       ApplicationHandleException
 0002:00000484       ApplicationShowException
 0002:00000F88       AppVisible
 0001:0000B238       AssertErrorHandler
 0002:00002024       AssertErrorProc
 0001:000142EC       AssignLongStr
 0001:00014968       AssignVariant
 0002:0000260C       avail
 0001:0006926C       AxCtrls
 0001:00007E94       BackfillGetDiskFreeSpaceEx
 0001:000465B4       BackgroundClipped
 0001:0000D114       BackupVarBoolFromStr
 0001:0000D274       BackupVarBStrFromBool
 0001:0000D194       BackupVarBStrFromCy
 0001:0000D204       BackupVarBStrFromDate
 0001:0000D0A8       BackupVarCyFromStr
 0001:0000D03C       BackupVarDateFromStr
 0001:0000CEF8       BackupVarI4FromStr
 0001:0000CEA4       BackupVariantChangeTypeEx
 0001:0000CF64       BackupVarR4FromStr
 0001:0000CFD0       BackupVarR8FromStr
 0002:00000330       BaseTypeMap
 0001:0000B82C       Beep
 0001:00005B04       BeginDeferWindowPos
 0001:00017958       BeginGlobalLoading
 0001:00005B0C       BeginPaint
 0001:00003088       BeginThread
 0001:0002609C       BetterSize
 0001:00057970       BiDiDraw
 0001:00005804       BitBlt
 0002:00000A2C       BitBtnCaptions
 0002:00002AA4       BitBtnGlyphs
 0002:00000790       BitCounts
 0002:00000788       BitmapCanvasList
 0002:000028B0       BitmapImageLock
 0001:0000CEE0       BiUnimplemented
 0002:000004A4       BlockCode
 0002:000025E4       blockDescBlockList
 0002:000025E8       blockDescFreeList
 0002:00000450       BooleanIdents
 0002:0000032C       BooleanToStringRule
 0001:00007BF0       BoolToStr
 0001:000115EC       BoolToWStrViaOS
 0002:000008A0       BorderStyles
 0002:00000B58       BorderStyles
 0001:0000545C       Bounds
 0001:0001689C       Bounds
 0002:00000DF4       Breaks
 0002:000028E8       BrushManager
 0001:0005A124       BuildImage
 0002:00000874       ButtonCaptions
 0002:00000848       ButtonNames
 0001:00032168       Buttons
 0002:00000E70       Buttons
 0002:00000BD0       ButtonStyles
 0001:0002587C       BytesPerScanline
 0001:00025BD4       ByteSwapColors
 0001:0000B910       ByteToCharIndex
 0001:0000B8E8       ByteToCharLen
 0001:0000B8AC       ByteType
 0001:0000B834       ByteTypeTest
 0002:00002BAC       CachedComCtrlVer
 0001:00022054       CalcJmpOffset
 0001:00050DE8       CalcSplitterPos
 0001:000732E4       CalculateScanline
 0001:00005B14       CallNextHookEx
 0001:0000C3B4       CallTerminateProcs
 0001:00005B1C       CallWindowProc
 0001:00044A58       CancelDrag
 0002:00002B74       CanvasList
 0002:000028EC       CanvasList
 0002:00000834       Captions
 0002:00000CF0       CaptureControl
 0002:00000D94       cBooleanToItemAutoFlag
 0002:00000360       CBooleanToRelationship
 0001:0002B9E0       Ceil
 0001:0002FC28       CenterWindow
 0002:00002A92       CF_COMPONENT
 0002:00002C32       CF_CSV
 0002:00002C30       CF_HTML
 0002:00002A90       CF_PICTURE
 0002:00002C28       CF_VIRTUALTREE
 0002:00002C2C       CF_VRTF
 0002:00002C2E       CF_VRTFNOOBJS
 0002:00002C2A       CF_VTREFERENCE
 0002:00002818       ChangeAnyProc
 0001:00042FD8       ChangeBiDiModeAlignment
 0002:00000B80       CharCases
 0001:000031F4       CharFromWChar
 0001:0000BAE4       CharLength
 0001:00005B24       CharLowerBuff
 0001:00005B2C       CharNext
 0001:0000029C       CharNext
 0001:00024060       CharsetToIdent
 0001:0000B9F8       CharToByteIndex
 0001:0000BA5C       CharToByteLen
 0001:00005B34       CharToOemA
 0001:00026664       CheckBool
 0001:000026E0       CheckJmp
 0001:00005B3C       CheckMenuItem
 0002:00000DE4       Checks
 0002:000011B8       CheckStateToCheckImage
 0001:0001C404       CheckSubComponents
 0001:00020948       CheckSynchronize
 0001:0005D548       CheckTaskWindow
 0001:000129CC       CheckType
 0001:0004470C       CheckUndock
 0001:0000B720       CheckWin32Version
 0001:0002F708       ChooseFont
 0002:00000348       CInvalidCustomVariantType
 0002:00000D98       cItemAutoFlagToBoolean
 0002:00000D90       cItemAutoFlagToMenu
 0001:000222A4       Classes
 0001:00017348       ClassNotFound
 0002:00002814       ClearAnyProc
 0001:000238F0       ClearColor
 0001:000685E4       ClearExcepInfo
 0001:000137BC       ClearVariantTypeList
 0001:00005B44       ClientToScreen
 0001:0004E38C       ClientToWindow
 0002:0000104C       ClipboardDescriptions
 0002:00000780       ClipboardFormats
 0001:00032008       Clipbrd
 0001:000055BC       CloseHandle
 0001:0002D728       ClosePrinter
 0002:0000298C       CloseThemeData
 0002:00000FF4       CLSID_DragDropHelper
 0002:00002040       CmdLine
 0002:0000203C       CmdShow
 0002:00000D8C       cMenuAutoFlagToItem
 0002:0000036C       CmpTypeMap
 0001:0000CEEC       CmpUnimplemented
 0002:00000F98       CoAddRefServerProcess
 0001:00014D6C       CoCreateInstance
 0002:00000F90       CoCreateInstanceEx
 0001:0008FEC8       CodePageFromLocale
 0002:00000FA8       CoInitFlags
 0001:00014D5C       CoInitialize
 0002:00000F94       CoInitializeEx
 0001:00017C14       CollectionsEqual
 0002:00000500       Colors
 0001:00023E58       ColorToIdent
 0002:000008B4       ColorToPretyName
 0001:00023E48       ColorToRGB
 0001:0000580C       CombineRgn
 0002:00002BF0       ComClassManagerVar
 0001:00067A94       ComConst
 0002:00002900       ComCtl32DLL
 0002:00002AFC       ComCtlVersion
 0001:00038F0C       ComCtrls
 0002:00002BC0       CommandPool
 0001:0002BF68       CommCtrl
 0001:0002F740       CommDlg
 0001:00000738       Commit
 0002:00002628       committedRoot
 0001:000688AC       ComObj
 0001:000560E0       CompareFront
 0001:000073B8       CompareMem
 0001:00007388       CompareStr
 0001:000055C4       CompareString
 0001:000073D8       CompareText
 0001:00007B18       CompareWith
 0001:0001C4E4       ComponentCreated
 0001:00026434       ComputeAldusChecksum
 0001:00031FC4       ComStrs
 0001:00022668       Consts
 0001:0002BDD0       Contnrs
 0002:00002B32       ControlAtom
 0002:00002B38       ControlAtomString
 0001:000622D4       ControlHasHelp
 0001:00051A84       Controls
 0002:00000A88       ConversionFormatList
 0001:0000AC28       ConvertAddr
 0001:000092FC       ConvertEraString
 0001:00007268       ConvertErrorFmt
 0001:00073638       ConvertImageList
 0001:00079D70       ConvertOptions
 0001:000A0C4C       ConvertSurrogate
 0001:00009464       ConvertYearString
 0001:0000424C       CopyArray
 0001:00028A80       CopyBitmap
 0001:00029148       CopyBitmapAsMask
 0001:00005814       CopyEnhMetaFile
 0001:00005B4C       CopyImage
 0001:000290E4       CopyPalette
 0002:00001014       Copyright
 0002:00000AF4       Copyright
 0001:000591D0       CopyToBest
 0002:00000F9C       CoReleaseServerProcess
 0002:00000FA0       CoResumeClassObjects
 0002:00000FA4       CoSuspendClassObjects
 0001:00014D74       CoTaskMemAlloc
 0001:00014D64       CoUninitialize
 0001:0000B968       CountChars
 0002:000028C8       CounterLock
 0002:0000034C       CRangeToType
 0001:0000B17C       CreateAssertException
 0001:0000B304       CreateAVObject
 0001:0000581C       CreateBitmap
 0001:00005824       CreateBrushIndirect
 0001:00094260       CreateClipRegion
 0001:0000582C       CreateCompatibleBitmap
 0001:00005834       CreateCompatibleDC
 0001:0001C564       CreateComponent
 0001:00014D7C       CreateDataAdviseHolder
 0001:0000583C       CreateDC
 0001:0000584C       CreateDIBitmap
 0001:00005844       CreateDIBSection
 0001:000055CC       CreateEvent
 0001:000055D4       CreateFile
 0001:00005854       CreateFontIndirect
 0001:0000585C       CreateHalftonePalette
 0001:00005864       CreateIC
 0001:00005B54       CreateIcon
 0001:0000B0A8       CreateInOutError
 0001:000286D4       CreateMappedRes
 0001:00005B5C       CreateMenu
 0001:0000586C       CreatePalette
 0001:00005874       CreatePatternBrush
 0001:0000587C       CreatePen
 0001:00005884       CreatePenIndirect
 0001:00005B64       CreatePopupMenu
 0001:0000588C       CreateRectRgn
 0001:00005894       CreateRectRgnIndirect
 0001:0000589C       CreateSolidBrush
 0001:00014DC4       CreateStreamOnHGlobal
 0001:00073B80       CreateSystemImageSet
 0001:00025C2C       CreateSystemPalette
 0001:000002A4       CreateThread
 0001:000055DC       CreateThread
 0001:0000617C       CreateWindow
 0001:00006124       CreateWindowEx
 0002:00000C30       CreationControl
 0002:000007E0       CreationControl
 0002:0000043C       CRelationshipToBoolean
 0002:00000310       CResult
 0002:00000C1C       CSHREDRAW
 0002:00000138       cSimpleBoolStrs
 0002:000003E8       CText
 0002:00001308       Ctl3DStyles
 0002:00000D2C       Ctl3DStyles
 0002:00002620       curAlloc
 0001:00012C60       CurrCompare
 0002:0000268C       CurrencyDecimals
 0002:00002688       CurrencyFormat
 0002:00002684       CurrencyString
 0001:00009194       CurrentYear
 0001:00008D2C       CurrToStr
 0001:0001157C       CurrToWStrViaOS
 0002:00000F0C       CursorMap
 0002:00000C40       Cursors
 0001:000432F8       CursorToIdent
 0002:00000EFC       cUseAlpha
 0002:00000F04       cUseColorKey
 0001:0000786C       CvtInt
 0001:000078D8       CvtInt64
 0002:00000178       CWNear
 0002:00002C4C       DarkCheckImages
 0002:00002C54       DarkTickImages
 0002:00000C24       Data
 0001:00012C38       DateCompare
 0002:0000268D       DateSeparator
 0001:00009D7C       DateTimeToStr
 0001:00009D20       DateTimeToString
 0001:00008DEC       DateTimeToTimeStamp
 0001:000115B4       DateToWStrViaOS
 0001:0000916C       DayOfWeek
 0002:00000174       DCon10
 0002:000004FC       DDBsOnly
 0001:000221CC       DeallocateHWnd
 0002:00000028       DebugHook
 0002:0000268B       DecimalSeparator
 0001:0000914C       DecodeDate
 0001:00009000       DecodeDateFully
 0001:00008EA0       DecodeTime
 0001:000007CC       Decommit
 0001:00000DE8       DecommitFree
 0002:000025FC       decommittedRoot
 0001:0005FF5C       Default
 0001:000656BC       Default
 0002:00000020       Default8087CW
 0002:00000C34       DefaultDockTreeClass
 0002:000025C0       DefaultUserCodePage
 0002:00000750       DefBrushData
 0001:00005B84       DeferWindowPos
 0002:000004D0       DefFontData
 0001:00005B6C       DefFrameProc
 0002:00000204       DefLongDayNames
 0002:000001B8       DefLongMonthNames
 0001:00005B74       DefMDIChildProc
 0002:00000730       DefPenData
 0002:000001E8       DefShortDayNames
 0002:00000188       DefShortMonthNames
 0001:00005B7C       DefWindowProc
 0001:00004598       DelayLoadResourceModule
 0001:00000488       DeleteBlock
 0001:000055E4       DeleteCriticalSection
 0001:000003F8       DeleteCriticalSection
 0001:000058A4       DeleteDC
 0001:000058AC       DeleteEnhMetaFile
 0001:00000C30       DeleteFree
 0001:00005B8C       DeleteMenu
 0001:000058B4       DeleteObject
 0001:00028398       DeselectBitmap
 0001:00005B94       DestroyCursor
 0001:00005B9C       DestroyIcon
 0001:00032098       DestroyLocals
 0001:00005BA4       DestroyMenu
 0001:00005BAC       DestroyWindow
 0001:000A4814       DetermineEffect
 0002:00000828       Devices
 0001:00040564       DialogEnumerationTester
 0001:0002FCDC       DialogHook
 0001:00030634       Dialogs
 0002:0000078C       DIBPalSizes
 0002:0000008C       dig
 0001:0005D39C       DisableTaskWindows
 0001:00067FF8       DispatchInvoke
 0001:000685D8       DispatchInvokeError
 0001:00005BB4       DispatchMessage
 0001:000635B4       DispatchShortCut
 0001:000685F4       DispCall
 0001:000686D8       DispCallByID
 0002:00002000       DispCallByIDProc
 0001:00068504       DispCallError
 0001:0000724C       DivMod
 0001:0002F778       Dlgs
 0001:00048F54       DoAlign
 0001:00064948       DoAlign
 0001:0004D04C       DoCalcConstraints
 0002:00002B68       DockSiteList
 0001:00059DF0       DoClick
 0001:0004A698       DoControlMsg
 0001:0002D730       DocumentProperties
 0001:0005D34C       DoDisableWindow
 0001:00014DA4       DoDragDrop
 0001:00044038       DoDragOver
 0001:000072AC       DoExitProc
 0001:0004F0BC       DoFindControlZone
 0001:0005D488       DoFindWindow
 0001:0004F648       DoFindZone
 0001:0004F140       DoForEach
 0001:00050A4C       DoGetNextLimit
 0001:0005D314       DoneApplication
 0001:000517AC       DoneControls
 0001:0000B630       DoneExceptions
 0001:00061930       DoNestedActivation
 0001:000208E4       DoneThreadSynchronization
 0001:00064798       DoPosition
 0001:00048B14       DoPosition
 0001:00050074       DoPrune
 0001:0003121C       DoRect
 0001:0005054C       DoSaveZone
 0001:00050750       DoSetNewBounds
 0001:00076578       DoShadowBlend
 0001:0009D1A0       DoSort
 0002:00000458       DotSep
 0001:000268BC       DoWrite
 0001:00054740       DoWrite
 0001:000274E4       DoWrite
 0001:00019708       DoWrite
 0001:00049C80       DoWriteDesignSize
 0001:000476EC       DoWriteIsControl
 0002:00002B4C       DragCapture
 0002:00002B40       DragControl
 0001:00044780       DragDone
 0001:00043FE8       DragFindTarget
 0001:00043FBC       DragFindWindow
 0002:00002B64       DragImageList
 0001:000443D8       DragInit
 0001:00044548       DragInitControl
 0002:00002B48       DragInternalObject
 0001:00043F04       DragMessage
 0002:00002B44       DragObject
 0002:00002B70       DragSave
 0002:00002B58       DragSaveCursor
 0002:00002B50       DragStartPos
 0002:00002B5C       DragThreshold
 0001:00044108       DragTo
 0001:000656F8       DrawAppIcon
 0001:0004FBE0       DrawCloseButton
 0001:00005BBC       DrawEdge
 0001:00005BC4       DrawFocusRect
 0001:00005BCC       DrawFrameControl
 0001:0004FC38       DrawGrabberLine
 0001:000765BC       DrawHintShadow
 0001:00005BD4       DrawIcon
 0001:00005BDC       DrawIconEx
 0002:00000D68       DrawingStyles
 0001:00005BE4       DrawMenuBar
 0001:0005B130       DrawMenuItem
 0001:00005BEC       DrawText
 0001:00005BF4       DrawTextW
 0001:00072694       DrawTextW
 0002:00002990       DrawThemeBackground
 0002:000029B4       DrawThemeEdge
 0002:000029B8       DrawThemeIcon
 0002:00002A3C       DrawThemeParentBackground
 0002:00002994       DrawThemeText
 0001:000256FC       DupBits
 0001:00004264       DynArrayClear
 0001:0000426C       DynArraySetLength
 0002:00000E54       EdgeStyle
 0002:00000D1C       EdgeStyles
 0002:000012F8       EdgeStyles
 0001:0000B07C       EHeapException.FreeInstance
 0001:00073180       EMMS
 0002:00000AD8       Empty
 0002:00000B9C       Empty
 0001:00012AC4       EmptyCompare
 0002:00002800       EmptyParam
 0002:000000BC       EmptyStr
 0002:000000C0       EmptyWideStr
 0001:00005BFC       EnableMenuItem
 0002:00000DEC       Enables
 0001:00005C04       EnableScrollBar
 0001:0005D450       EnableTaskWindows
 0002:00002A24       EnableThemeDialogTexture
 0002:00002A40       EnableTheming
 0001:00005C0C       EnableWindow
 0001:00005C14       EndDeferWindowPos
 0001:000058BC       EndDoc
 0001:000179E0       EndGlobalLoading
 0001:000058C4       EndPage
 0001:00005C1C       EndPaint
 0001:000030CC       EndThread
 0001:000055EC       EnterCriticalSection
 0001:000003E8       EnterCriticalSection
 0001:000055F4       EnumCalendarInfoA
 0002:00002924       EnumDisplayMonitors
 0001:0000A89C       EnumEraNames
 0001:0000A8D8       EnumEraYearOffsets
 0001:00060520       EnumMonitorsProc
 0001:0002D738       EnumPrinters
 0001:00005C24       EnumThreadWindows
 0001:0001BD14       EnumValue
 0001:00005C2C       EnumWindows
 0001:00067D28       EOleException.Create
 0001:00067C58       EOleSysError.Create
 0001:00005C34       EqualRect
 0002:00002754       EraNames
 0001:00084D88       EraseLine
 0001:00009FF4       EraToYear
 0002:00002770       EraYearOffsets
 0002:00000064       errCaption
 0001:0001B4F8       Error
 0001:00016EEC       Error
 0001:00055E30       Error
 0001:000018A8       Error
 0002:00000004       ErrorAddr
 0001:0000185C       ErrorAt
 0001:0000B128       ErrorHandler
 0002:00000220       ErrorMap
 0002:00002008       ErrorProc
 0002:000023E8       ErrOutput
 0001:000017FC       ExceptAddr
 0002:0000200C       ExceptClsProc
 0001:0000B59C       ExceptHandler
 0001:0000AEA8       Exception.Create
 0001:0000AEE4       Exception.CreateFmt
 0001:0000B034       Exception.CreateHelp
 0001:0000AF64       Exception.CreateRes
 0001:0000AFA0       Exception.CreateResFmt
 0002:0000201C       ExceptionClass
 0001:0000AC34       ExceptionErrorMessage
 0002:00000258       ExceptMap
 0001:000017DC       ExceptObject
 0002:00002010       ExceptObjProc
 0002:00002004       ExceptProc
 0001:000058CC       ExcludeClipRect
 0002:00000000       ExitCode
 0001:00002E84       ExitDll
 0002:00002048       ExitProc
 0001:000002B4       ExitProcess
 0002:00002028       ExitProcessProc
 0002:00000134       ExitProcList
 0001:000002AC       ExitThread
 0001:00007E58       ExpandFileName
 0001:00032354       ExtActns
 0001:00031F0C       ExtCtrls
 0001:000321C0       ExtDlgs
 0002:00000BFC       ExtendSelects
 0001:00007E10       ExtractFileExt
 0001:00007DD8       ExtractFileName
 0001:000058D4       ExtTextOutW
 0001:00014DE8       Failed
 0002:00002790       FalseBoolStrs
 0002:00002A98       FClipboard
 0002:00000168       FCon1E18
 0001:0002D840       FetchStr
 0001:00007D50       FileClose
 0001:00007C94       FileCreate
 0001:00007CB8       FileCreate
 0002:00000784       FileFormats
 0002:00000008       FileMode
 0001:00007C3C       FileOpen
 0001:00007CC0       FileRead
 0002:00000494       FilerSignature
 0001:00007D18       FileSeek
 0001:00007CEC       FileWrite
 0001:00000D18       FillAfterGap
 0001:00000CC4       FillBeforeGap
 0001:00072AA4       FillDragRectangles
 0001:00000DB0       FillerSizeAfterGap
 0001:00000D40       FillerSizeBeforeGap
 0001:00005C3C       FillRect
 0001:000692A8       Finalization
 0001:0002EB8C       Finalization
 0001:00068980       Finalization
 0001:00032060       Finalization
 0001:000A5208       Finalization
 0001:0002E9E0       Finalization
 0001:00032130       Finalization
 0001:00006304       Finalization
 0001:00032190       Finalization
 0001:00054E90       Finalization
 0001:000321E0       Finalization
 0001:000221F4       Finalization
 0001:00032248       Finalization
 0001:00069570       Finalization
 0001:000322AC       Finalization
 0001:000062CC       Finalization
 0001:000A51D0       Finalization
 0001:00022638       Finalization
 0001:00032304       Finalization
 0001:0002E6BC       Finalization
 0001:0003235C       Finalization
 0001:000534F8       Finalization
 0001:0002B810       Finalization
 0001:00051A1C       Finalization
 0001:0002D748       Finalization
 0001:00038E94       Finalization
 0001:00039AA0       Finalization
 0001:0002D6E0       Finalization
 0001:0002BF38       Finalization
 0001:0003F9F0       Finalization
 0001:0002C6F8       Finalization
 0001:0003FB58       Finalization
 0001:000407DC       Finalization
 0001:0002C6B8       Finalization
 0001:0002BAE8       Finalization
 0001:0000D640       Finalization
 0001:000A3B98       Finalization
 0001:00031FCC       Finalization
 0001:00006624       Finalization
 0001:00005140       Finalization
 0001:00031F94       Finalization
 0001:00031EC4       Finalization
 0001:0006920C       Finalization
 0001:000679A4       Finalization
 0001:00067A64       Finalization
 0001:0006882C       Finalization
 0001:00013C18       Finalization
 0001:00013E3C       Finalization
 0001:000305D8       Finalization
 0001:00014BCC       Finalization
 0001:0002F748       Finalization
 0001:0002F710       Finalization
 0001:00014DF4       Finalization
 0001:0002BDA0       Finalization
 0001:00005478       Finalization
 0001:0002F6D0       Finalization
 0001:0002F698       Finalization
 0001:0002F660       Finalization
 0001:0005B40C       Finalization
 0001:0002F628       Finalization
 0001:0002F5F0       Finalization
 0001:0002F5B8       Finalization
 0001:0002F580       Finalization
 0001:00005370       Finalization
 0001:0002F510       Finalization
 0001:00068948       Finalization
 0001:0000CC84       Finalization
 0001:0000425C       FinalizeArray
 0001:0007424C       FinalizeGlobalStructures
 0001:00002C9C       FinalizeUnits
 0001:00059BB0       Find
 0001:0001E848       FindAncestor
 0001:00004608       FindBS
 0001:00017408       FindClass
 0001:00004590       FindClassHInstance
 0001:000002C4       FindClose
 0001:00000C94       FindCommitted
 0001:000430D8       FindControl
 0001:0004F874       FindControlAtPos
 0001:00013B18       FindCustomVariantType
 0001:00013A60       FindCustomVariantType
 0001:00044AA4       FindDragTarget
 0001:0001C714       FindExistingComponent
 0001:000002CC       FindFirstFile
 0001:0005D594       FindGlobalComponent
 0001:00017870       FindGlobalComponent
 0002:00002864       FindGlobalComponentProcs
 0001:00004568       FindHInstance
 0001:00017718       FindIdentToInt
 0001:0001769C       FindIntToIdent
 0002:00002A80       FindMsg
 0001:0001B8A4       FindNestedComponent
 0001:00055DF8       FindPopupControl
 0001:0000D308       FindProc
 0001:000055FC       FindResource
 0001:000045E0       FindResourceHInstance
 0001:000671F8       FindScanline
 0001:0003F5A4       FindString
 0001:0005D4EC       FindTopMostWindow
 0001:0001D5F8       FindUniqueName
 0001:00013604       FindVarData
 0001:00044A70       FindVCLWindow
 0001:00005C44       FindWindow
 0001:000405BC       FindWinHelp
 0002:00001354       FirstByteMark
 0001:00028A34       FixupBitFields
 0002:00000E64       Flags
 0002:000027A0       FLanguages
 0002:00002C58       FlatImages
 0001:0002EA10       FlatSB
 0002:00002950       FlatSB_EnableScrollBar
 0002:0000295C       FlatSB_GetScrollInfo
 0002:00002960       FlatSB_GetScrollPos
 0002:00002958       FlatSB_GetScrollRange
 0002:00002968       FlatSB_SetScrollInfo
 0002:00002964       FlatSB_SetScrollPos
 0001:0002E700       FlatSB_SetScrollProp
 0002:0000296C       FlatSB_SetScrollRange
 0002:00002954       FlatSB_ShowScrollBar
 0001:000089BC       FloatToDecimal
 0001:00008CFC       FloatToStr
 0001:000086E8       FloatToText
 0001:00001A7C       Flush
 0002:0000017C       FMSecsPerDay
 0001:000085E4       FmtStr
 0002:00000E80       FocusCount
 0002:00000E7C       FocusMessages
 0002:000006A0       FontCharsets
 0002:00002A84       FontDialog
 0001:0002FFB4       FontDialogHook
 0002:000028E0       FontManager
 0002:000007E8       FontOptions
 0001:0005D568       ForegroundTask
 0002:00000184       Format
 0001:000085D0       Format
 0001:000081D8       FormatBuf
 0001:000081CC       FormatClearStr
 0001:00008150       FormatError
 0002:00000160       FormatErrorStrs
 0001:00005604       FormatMessage
 0001:000081A8       FormatVarToStr
 0001:00067A00       Forms
 0001:00001DD0       FPower10
 0002:000007DC       FPrinter
 0001:000312E0       Frame3D
 0001:00005C4C       FrameRect
 0001:0000C864       FreeAndNil
 0001:00000A00       FreeCommitted
 0001:00000F20       FreeCurAlloc
 0001:00044B64       FreeDeviceContext
 0001:00044C20       FreeDeviceContexts
 0001:00021FC0       FreeIntConstList
 0001:0000560C       FreeLibrary
 0001:000002D4       FreeLibrary
 0001:000282EC       FreeMemoryContexts
 0001:000220F4       FreeObjectInstance
 0001:0000562C       FreeResource
 0001:00000680       FreeSpace
 0001:0000C3D0       FreeTerminateProcs
 0001:0002EBC4       FreeThemeLibrary
 0002:00002AF8       FRichEditModule
 0001:000256EC       GDICheck
 0001:00025644       GDIError
 0001:000058DC       GdiFlush
 0001:000019A4       Get8087CW
 0001:00069544       GetAccessibilityFactory
 0001:00005634       GetACP
 0001:00005C54       GetActiveWindow
 0001:00064E24       GetAnimation
 0001:000058E4       GetBitmapBits
 0001:00073184       GetBitmapBitsFromDeviceContext
 0001:000058EC       GetBkColor
 0001:00000400       GetBlockDesc
 0001:000058F4       GetBrushOrgEx
 0001:00005C5C       GetCapture
 0001:000433A0       GetCaptureControl
 0001:000173B4       GetClass
 0001:00005C64       GetClassInfo
 0001:00005C6C       GetClassName
 0001:00005C74       GetClientRect
 0001:00005C7C       GetClipboardData
 0001:00005C84       GetClipboardFormatName
 0001:00027084       GetClipboardFormats
 0001:000058FC       GetClipBox
 0001:0000039C       GetCmdShow
 0001:00053750       GetColor
 0001:0003453C       GetComCtlVersion
 0001:000002DC       GetCommandLine
 0001:0000084C       GetCommitted
 0001:000008DC       GetCommittedAt
 0001:0001FBD8       GetComponentValue
 0001:0004A24C       GetControlAtPos
 0001:00009258       GetCount
 0001:0000563C       GetCPInfo
 0001:00005904       GetCurrentObject
 0001:0000590C       GetCurrentPositionEx
 0001:00005644       GetCurrentProcessId
 0002:00002A34       GetCurrentThemeName
 0001:0000564C       GetCurrentThreadId
 0001:0000038C       GetCurrentThreadId
 0001:00006080       GetCurrentTime
 0001:00005C8C       GetCursor
 0001:00067208       GetCursorHeightMargin
 0001:00005C94       GetCursorPos
 0001:00009284       GetDate
 0001:00005654       GetDateFormat
 0001:00009F0C       GetDateOrder
 0001:00005C9C       GetDC
 0001:00005CA4       GetDCEx
 0001:00005914       GetDCOrgEx
 0001:0002B420       GetDefFontCharSet
 0001:00018D50       GetDesigner
 0001:00005CAC       GetDesktopWindow
 0001:0000592C       GetDeviceCaps
 0001:0002664C       GetDIB
 0001:0000591C       GetDIBColorTable
 0001:00005924       GetDIBits
 0001:00026594       GetDIBSizes
 0001:0002585C       GetDInColors
 0001:0000565C       GetDiskFreeSpaceA
 0002:00000130       GetDiskFreeSpaceEx
 0001:00050B2C       GetDockAlign
 0001:00043D48       GetDockSiteAtPos
 0001:0008BB78       GetDragOperations
 0001:00044074       GetDropCtl
 0001:00002450       GetDynaMethod
 0001:00005934       GetEnhMetaFileBits
 0001:0000593C       GetEnhMetaFileHeader
 0001:00005944       GetEnhMetaFilePaletteEntries
 0001:00013EAC       GetEnumName
 0001:00013F84       GetEnumNameValue
 0001:00013FD0       GetEnumValue
 0001:0000A950       GetEraNamesAndYearOffsets
 0001:00009FA0       GetEraYearOffset
 0001:00014DD4       GetErrorInfo
 0001:0000B2EC       GetExceptionClass
 0001:0000B4D0       GetExceptionObject
 0001:00005664       GetExitCodeThread
 0001:0001733C       GetFieldClassTable
 0001:00027064       GetFileFormats
 0001:0000B740       GetFileVersion
 0001:000057EC       GetFileVersionInfo
 0001:000057F4       GetFileVersionInfoSize
 0001:00014658       GetFloatProp
 0001:00005CB4       GetFocus
 0001:00024080       GetFontData
 0001:00005CBC       GetForegroundWindow
 0001:0000BF88       GetFormatSettings
 0001:0000566C       GetFullPathName
 0001:000235EC       GetHashCode
 0001:0006230C       GetHelpInfo
 0001:0002CB78       GetHelpSystem
 0001:00064C08       GetHint
 0001:00064C40       GetHintControl
 0001:0005B2AC       GetHotkey
 0001:00005CC4       GetIconInfo
 0001:00068370       GetIDsOfNames
 0001:00014A74       GetInt64Prop
 0001:00014AD8       GetInterfaceProp
 0001:00005CDC       GetKeyboardLayout
 0001:00005CE4       GetKeyboardLayoutList
 0001:00005CEC       GetKeyboardState
 0001:000020BC       GetKeyboardType
 0001:00005CCC       GetKeyNameText
 0001:00005CD4       GetKeyState
 0001:00005CF4       GetLastActivePopup
 0001:0004EDF4       GetLastChildZone
 0001:00005674       GetLastError
 0001:0000A714       GetLocaleChar
 0001:00005684       GetLocaleInfo
 0001:000002E4       GetLocaleInfo
 0001:0000A6C8       GetLocaleStr
 0001:0000567C       GetLocalTime
 0001:0004335C       GetLongHint
 0001:00014300       GetLongStrProp
 0001:0000594C       GetMapMode
 0001:00005CFC       GetMenu
 0001:00062294       GetMenuHelpContext
 0001:00005D04       GetMenuItemCount
 0001:00005D0C       GetMenuItemID
 0001:00005D14       GetMenuItemInfo
 0001:000583FC       GetMenuSize
 0001:00005D1C       GetMenuState
 0001:00005D24       GetMenuString
 0001:00005D2C       GetMessagePos
 0001:000149FC       GetMethodProp
 0001:000002EC       GetModuleFileName
 0001:0000568C       GetModuleFileName
 0001:00005694       GetModuleHandle
 0001:000002F4       GetModuleHandle
 0001:00005268       GetModuleHandle
 0002:00002918       GetMonitorInfo
 0002:0000291C       GetMonitorInfoA
 0002:00002920       GetMonitorInfoW
 0001:0000A778       GetMonthDayNames
 0001:00005D34       GetNextWindow
 0001:00005954       GetObject
 0001:00014128       GetOrdProp
 0001:0000595C       GetPaletteEntries
 0001:00005D3C       GetParent
 0001:0005D760       GetParentForm
 0001:00005964       GetPixel
 0001:000002FC       GetProcAddress
 0001:0000569C       GetProcAddress
 0001:000056A4       GetProfileString
 0001:00005D44       GetProp
 0001:00014034       GetPropInfo
 0001:000140A4       GetPropInfos
 0001:00095038       GetRandomRgn
 0001:0008695C       GetRealScrollPosition
 0001:0005DC20       GetRealScrollPosition
 0001:000891CC       GetRealScrollPosition
 0001:000735FC       GetRGBColor
 0001:00053730       GetRGBColor
 0001:00005D4C       GetScrollInfo
 0001:00005D54       GetScrollPos
 0001:00005D5C       GetScrollRange
 0001:00043318       GetShortHint
 0001:000141F8       GetShortStrProp
 0001:00014290       GetShortStrPropAsLongStr
 0001:000005A4       GetSpace
 0001:00000608       GetSpaceAt
 0001:00055E88       GetSpecialName
 0001:00000304       GetStartupInfo
 0001:00000274       GetStdHandle
 0001:000056AC       GetStdHandle
 0001:0000596C       GetStockObject
 0001:000056B4       GetStringTypeEx
 0001:00014430       GetStrProp
 0001:00005D64       GetSubMenu
 0001:00005D6C       GetSysColor
 0001:00005D74       GetSysColorBrush
 0001:000056BC       GetSystemInfo
 0001:00005D7C       GetSystemMenu
 0002:00002908       GetSystemMetrics
 0001:00005D84       GetSystemMetrics
 0001:00005974       GetSystemPaletteEntries
 0001:0000597C       GetTextAlign
 0001:00005984       GetTextColor
 0001:0000598C       GetTextExtentPoint32
 0001:00005994       GetTextExtentPoint32W
 0001:0000599C       GetTextMetrics
 0002:00002A2C       GetThemeAppProperties
 0002:00002998       GetThemeBackgroundContentRect
 0002:0000299C       GetThemeBackgroundExtent
 0002:000029AC       GetThemeBackgroundRegion
 0002:000029D0       GetThemeBool
 0002:000029C4       GetThemeColor
 0002:00002A38       GetThemeDocumentationProperty
 0002:000029D8       GetThemeEnumValue
 0002:000029F8       GetThemeFilename
 0002:000029E0       GetThemeFont
 0002:000029D4       GetThemeInt
 0002:000029EC       GetThemeIntList
 0002:000029E8       GetThemeMargins
 0002:000029C8       GetThemeMetric
 0002:000029A0       GetThemePartSize
 0002:000029DC       GetThemePosition
 0002:000029F0       GetThemePropertyOrigin
 0002:000029E4       GetThemeRect
 0002:000029CC       GetThemeString
 0002:00002A04       GetThemeSysBool
 0002:000029FC       GetThemeSysColor
 0002:00002A00       GetThemeSysColorBrush
 0002:00002A0C       GetThemeSysFont
 0002:00002A14       GetThemeSysInt
 0002:00002A08       GetThemeSysSize
 0002:00002A10       GetThemeSysString
 0002:000029A4       GetThemeTextExtent
 0002:000029A8       GetThemeTextMetrics
 0001:0000030C       GetThreadLocale
 0001:000056C4       GetThreadLocale
 0001:000056CC       GetTickCount
 0001:000092BC       GetTime
 0001:00005294       GetTlsSize
 0001:000653D4       GetTopMostWindows
 0001:000434A8       GetTopParent
 0001:00005D8C       GetTopWindow
 0001:00013EA0       GetTypeData
 0001:00005D94       GetUpdateRect
 0001:00013724       GetVarDataArrayInfo
 0001:0001497C       GetVariantProp
 0001:00000394       GetVersion
 0001:000056D4       GetVersion
 0001:000056DC       GetVersionEx
 0001:000721E0       GetVTClipboardFormatDescription
 0001:0001449C       GetWideStrProp
 0001:00014380       GetWideStrPropAsLongStr
 0001:00005D9C       GetWindow
 0001:00005DA4       GetWindowDC
 0001:00005DAC       GetWindowLong
 0001:000059AC       GetWindowOrgEx
 0001:00005DB4       GetWindowPlacement
 0001:00005DBC       GetWindowRect
 0001:00005DC4       GetWindowText
 0002:00002A20       GetWindowTheme
 0001:00005DD4       GetWindowThreadProcessId
 0001:00005DCC       GetWindowThreadProcessId
 0001:000059A4       GetWinMetaFileBits
 0001:000056E4       GlobalAddAtom
 0001:000056EC       GlobalAlloc
 0001:00006094       GlobalAllocPtr
 0001:000056F4       GlobalDeleteAtom
 0001:000056FC       GlobalFindAtom
 0002:00002868       GlobalFixupList
 0001:0001B9EC       GlobalFixupReferences
 0001:00005704       GlobalFree
 0001:000060C0       GlobalFreePtr
 0001:00005714       GlobalHandle
 0001:0000570C       GlobalLock
 0002:0000284C       GlobalNameSpace
 0001:0000571C       GlobalReAlloc
 0001:000060A4       GlobalReAllocPtr
 0001:00005724       GlobalSize
 0001:0000572C       GlobalUnlock
 0001:0002B8E4       Graphics
 0002:000010CC       Grays
 0001:00017530       GroupDescendentsWith
 0002:0000045C       GUID_NULL
 0001:0000E1DC       HandleConversionException
 0001:00062514       HandleEdge
 0001:0001CE50       HandleException
 0001:00073D00       HasMMX
 0002:00000024       HeapAllocFlags
 0002:000025C8       heapErrorCode
 0002:000025CC       heapLock
 0001:0002D720       HelpIntfs
 0002:00002944       HelpManager
 0002:00002A7C       HelpMsg
 0002:00002B1C       HelpViewer
 0002:00002B20       HelpViewerIntf
 0002:0000012C       HexDisplayPrefix
 0002:00000ADC       HideScrollBars
 0002:00000B8C       HideSelections
 0002:00000AE4       HideSelections
 0001:00050BA8       HideZone
 0001:00068D5C       HIMETRICtoDP
 0002:00002668       HInstance
 0002:00002BD8       HintDoneEvent
 0001:00064D10       HintGetMsgHook
 0002:00002BDC       HintHook
 0001:00064CB4       HintMouseThread
 0002:00002BE0       HintThread
 0002:00002BD4       HintThreadID
 0001:00064C60       HintTimerProc
 0002:00000E74       HintWindowClass
 0002:000010F0       HintWindowDestroyed
 0002:000029B0       HitTestThemeBackground
 0001:00064D54       HookHintHooks
 0001:000061D4       HwndMSWheel
 0002:00000E08       IBreaks
 0002:00000E14       IChecks
 0002:00000E1C       IDefaults
 0001:00024070       IdentToCharset
 0001:00023E68       IdentToColor
 0001:00043308       IdentToCursor
 0001:00017794       IdentToInt
 0002:00000E24       IEnables
 0001:000591A0       IfHotkeyAvailable
 0002:00000FC0       IID_IAccessible
 0002:00000FE4       IID_IDragSourceHelper
 0002:00000FD4       IID_IDropTargetHelper
 0002:00001348       ImageKind
 0002:00002BB0       ImageListWriteExProc
 0001:0002BE8C       ImageList_Add
 0001:0002BEAC       ImageList_AddIcon
 0001:0002BED4       ImageList_BeginDrag
 0001:0002BE74       ImageList_Create
 0001:0002BE7C       ImageList_Destroy
 0001:0002BEE4       ImageList_DragEnter
 0001:0002BEEC       ImageList_DragLeave
 0001:0002BEF4       ImageList_DragMove
 0001:0002BF04       ImageList_DragShowNolock
 0001:0002BEBC       ImageList_Draw
 0001:0002BEC4       ImageList_DrawEx
 0001:0002BEDC       ImageList_EndDrag
 0001:0002BEA4       ImageList_GetBkColor
 0001:0002BF0C       ImageList_GetDragImage
 0001:0002BF24       ImageList_GetIconSize
 0001:0002BE84       ImageList_GetImageCount
 0001:0002BF14       ImageList_Read
 0001:0002BECC       ImageList_Remove
 0001:0002BE94       ImageList_ReplaceIcon
 0001:0002BE9C       ImageList_SetBkColor
 0001:0002BEFC       ImageList_SetDragCursorImage
 0001:0002BF2C       ImageList_SetIconSize
 0001:0002BF1C       ImageList_Write
 0002:00000D78       Images
 0001:00054EC0       ImgList
 0001:0002C728       Imm
 0002:00000D5C       IMM32DLL
 0001:00051798       Imm32IsIME
 0002:00000180       IMSecsPerDay
 0001:0000E568       InBounds
 0001:0000E2C8       InBounds
 0001:000997F8       IncludeThisNode
 0001:0000E2F8       Increment
 0001:0000E598       Increment
 0001:0002BEB8       IndexToOverlayMask
 0001:0002BF34       IndexToStateImageMask
 0001:00005DDC       InflateRect
 0001:00032228       IniFiles
 0001:00000A8C       InitAllocator
 0001:0002BF70       InitAnApi
 0002:00002930       InitApis
 0001:0002BDE0       InitComCtl
 0001:00034510       InitCommonControl
 0001:0002BDD8       InitCommonControls
 0001:0002BE40       InitCommonControlsEx
 0001:000687B4       InitComObj
 0001:00017A3C       InitComponent
 0002:00002638       InitContext
 0001:00051834       InitControls
 0001:0002B464       InitDefFontData
 0001:0000C3F0       InitDriveSpacePtr
 0001:0000B5AC       InitExceptions
 0001:0002E75C       InitFlatSB
 0001:00030484       InitGlobals
 0001:0002644C       InitializeBitmapInfoHeader
 0001:000003E0       InitializeCriticalSection
 0001:00005734       InitializeCriticalSection
 0002:000025C4       initialized
 0002:00002C6C       Initialized
 0001:0002E734       InitializeFlatSB
 0001:00073D34       InitializeGlobalStructures
 0001:00005320       InitializeModule
 0001:0000D334       InitializeVarUtils
 0001:00051438       InitIMM32
 0001:00017AE4       InitInheritedComponent
 0001:0000BD9C       InitLeadBytes
 0001:0002C64C       InitMultiMonStubs
 0001:000690AC       InitOlePro32
 0001:0000B6B0       InitPlatformId
 0002:00002044       InitProc
 0001:00067918       InitProcs
 0001:0002B3E8       InitScreenLogPixels
 0001:0000BE14       InitSysLocale
 0001:0002ED84       InitThemeLibrary
 0001:000208B0       InitThreadSynchronization
 0001:0000529C       InitThreadTLS
 0001:00002CFC       InitUnits
 0001:00042FEC       InitWndProc
 0002:000012D8       InnerStyles
 0002:00000CFC       InnerStyles
 0002:00002050       Input
 0001:00048A88       InsertBefore
 0001:00064738       InsertBefore
 0001:00000E98       InsertFree
 0001:00059254       InsertHotkeyFarEastFormat
 0001:00005DE4       InsertMenu
 0001:00005DEC       InsertMenuItem
 0002:00002888       InstBlockList
 0002:0000288C       InstFreeList
 0001:00012BD4       Int64Compare
 0001:00012BC0       IntCompare
 0002:0000285C       IntConstList
 0002:00000C04       IntegralHeights
 0001:00005614       InterlockedDecrement
 0001:0000C458       InterlockedDecrement
 0001:00000384       InterlockedDecrement
 0001:0000561C       InterlockedExchange
 0001:0000C464       InterlockedExchange
 0001:0000C46C       InterlockedExchangeAdd
 0001:0000037C       InterlockedIncrement
 0001:0000C44C       InterlockedIncrement
 0001:00005624       InterlockedIncrement
 0002:00002C70       InternalClipboardFormats
 0001:00023578       InternalDeletePalette
 0001:00001A34       InternalFlush
 0001:00000CF4       InternalFreeMem
 0001:0002659C       InternalGetDIB
 0001:00026530       InternalGetDIBSizes
 0001:000178D4       InternalReadComponentRes
 0002:00002B04       InternalServices
 0001:000035A0       InternalUniqueString
 0001:000059B4       IntersectClipRect
 0001:00005DF4       IntersectRect
 0001:000053CC       IntersectRect
 0001:000079CC       IntToHex
 0001:000177D4       IntToIdent
 0001:000079A4       IntToStr
 0001:000078B8       IntToStr
 0001:00005DFC       InvalidateRect
 0001:000255CC       InvalidBitmap
 0001:000255B4       InvalidGraphic
 0001:000255D8       InvalidIcon
 0001:000255E4       InvalidMetafile
 0001:00068E74       InvalidOperation
 0001:0002559C       InvalidOperation
 0001:000168C4       InvalidPoint
 0002:0000279C       InvalidPointer
 0001:00002308       InvokeImplGetter
 0001:00001928       IOResult
 0002:00000E44       IOwnerDraw
 0002:00000E2C       IRadios
 0002:00000E3C       IRTL
 0001:0005D6F0       IsAccel
 0001:0005A404       IsAccelChar
 0002:00002A1C       IsAppThemed
 0001:00043B00       IsBeforeTargetWindow
 0001:00005E04       IsChild
 0002:0000204C       IsConsole
 0001:0001F334       IsDefault
 0001:0001F1B0       IsDefaultFloatProp
 0001:0001F20C       IsDefaultInt64Prop
 0001:0001F4D8       IsDefaultInterfaceProp
 0001:0001F5B4       IsDefaultMethodProp
 0001:0001F38C       IsDefaultObjectProp
 0001:0001F158       IsDefaultOrdProp
 0001:0001F6C4       IsDefaultPropertyValue
 0001:0001F264       IsDefaultStrProp
 0001:0001F40C       IsDefaultValue
 0001:0001F62C       IsDefaultVariantProp
 0001:00043F5C       IsDelphiHandle
 0001:00005E0C       IsDialogMessage
 0002:00000E34       ISeparators
 0001:00005E14       IsIconic
 0001:0005A460       IsInitialChar
 0001:00008EFC       IsLeapYear
 0002:00002038       IsLibrary
 0002:0000204D       IsMultiThread
 0001:0004E858       IsOrientationSet
 0001:00005E1C       IsRectEmpty
 0001:0000542C       IsRectEmpty
 0001:00043D04       IsSiteChildOfClient
 0001:000140F8       IsStoredProp
 0002:00002A18       IsThemeActive
 0002:000029C0       IsThemeBackgroundPartiallyTransparent
 0002:00002A28       IsThemeDialogTextureEnabled
 0002:000029BC       IsThemePartDefined
 0001:000178B0       IsUniqueGlobalComponentName
 0002:00002850       IsUniqueGlobalComponentNameProc
 0001:00007808       IsValidIdent
 0001:0000BDFC       IsWesternGroup
 0002:00002C36       IsWin2K
 0001:00005E24       IsWindow
 0001:00005E2C       IsWindowEnabled
 0001:00005E34       IsWindowVisible
 0002:00002C35       IsWinNT
 0002:00002C37       IsWinXP
 0001:00005E3C       IsZoomed
 0001:00056254       Iterate
 0001:000562B4       IterateMenus
 0002:0000002C       JITEnable
 0001:0005D6A4       KeyboardStateToShiftState
 0001:0005D668       KeyDataToShiftState
 0001:0005D614       KeysToShiftState
 0001:0008FF40       KeyUnicode
 0001:00005E44       KillTimer
 0001:00007D88       LastDelimiter
 0001:000050CC       LCIDToCodePage
 0001:0000BD28       LCIDToCodePage
 0002:0000010C       LeadBytes
 0001:000003F0       LeaveCriticalSection
 0001:0000573C       LeaveCriticalSection
 0002:00000034       LibModuleList
 0002:00002C48       LightCheckImages
 0002:00002C50       LightTickImages
 0002:00001104       LineBitsDotted
 0002:00001118       LineBitsSolid
 0001:000059C4       LineTo
 0001:0003238C       ListActns
 0001:00044AEC       ListAdd
 0001:00044B14       ListRemove
 0002:00002752       ListSeparator
 0001:00005E4C       LoadBitmap
 0001:00067DF4       LoadComExProcs
 0001:00005E54       LoadCursor
 0001:00005E5C       LoadIcon
 0001:00005E64       LoadKeyboardLayout
 0001:00005744       LoadLibrary
 0001:00000314       LoadLibraryEx
 0001:0000574C       LoadResource
 0001:000047D4       LoadResourceModule
 0001:00005074       LoadResString
 0001:0000031C       LoadString
 0001:00005E6C       LoadString
 0001:000003C0       LocalAlloc
 0001:00005270       LocalAlloc
 0001:000003C8       LocalFree
 0001:0000A73C       LocalGetLocaleStr
 0002:00002A50       Lock
 0001:00005754       LockResource
 0001:00005E74       LockWindowUpdate
 0002:00002694       LongDateFormat
 0002:00002728       LongDayNames
 0002:000026DC       LongMonthNames
 0002:000026A8       LongTimeFormat
 0001:0000734C       LowerCase
 0001:000059BC       LPtoDP
 0001:00068938       LresultFromObject
 0001:000057DC       lstrcpy
 0001:00000324       lstrcpyn
 0001:000057E4       lstrlenW
 0002:00002824       LVarTypes
 0002:00002828       LVarTypeSync
 0002:0000102C       MagicID
 0001:000A5200       Main
 0002:00002C74       MainForm
 0002:00002030       MainInstance
 0002:00002034       MainThreadID
 0001:00000450       MakeEmpty
 0001:00002E28       MakeErrorMessage
 0001:000A072C       MakeFragment
 0002:00000D48       MakeLast
 0001:00006074       MakeLong
 0001:00006114       MakeLParam
 0001:0002205C       MakeObjectInstance
 0001:000060D4       MakeROP4
 0001:0000610C       MakeWParam
 0001:0000B26C       MapException
 0001:000322FC       Mapi
 0002:00000A68       MAPIDLL
 0002:00000A6C       MAPIModule
 0001:00002B14       MapToRunError
 0001:00005E7C       MapVirtualKey
 0001:00005E84       MapWindowPoints
 0002:00000D80       Mask
 0001:000059CC       MaskBlt
 0002:000010EC       MaskColor
 0001:0002BB18       Math
 0001:0002BA58       Max
 0001:0002BA60       Max
 0001:0002BAA0       Max
 0001:0005FFA8       MaximizedChildren
 0002:0000134C       MaximumUCS4
 0002:0000003C       MemoryManager
 0002:00000D9C       MenuKeyCaps
 0001:0005B47C       Menus
 0001:0009CDEC       MergeAscending
 0001:000004A0       MergeBlockAfter
 0001:00000F6C       MergeCommit
 0001:0009CE88       MergeDescending
 0001:0009CF24       MergeSortAscending
 0001:0009CF9C       MergeSortDescending
 0001:00005E8C       MessageBeep
 0001:00005E94       MessageBox
 0001:000002BC       MessageBox
 0001:00006334       Messages
 0001:0002BA18       Min
 0001:0002BA10       Min
 0001:00018974       Min
 0001:000483D0       MinVar
 0002:00002938       MMAvailable
 0001:000692D8       MMSystem
 0002:00002C34       MMXAvailable
 0002:00000D60       ModeMap
 0001:00061CA0       ModifySystemMenu
 0002:000000A4       Module
 0002:00002666       ModuleIsCpp
 0002:00002664       ModuleIsLib
 0002:00002665       ModuleIsPackage
 0001:0002202C       ModuleUnload
 0002:00000038       ModuleUnloadList
 0002:00002914       MonitorFromPoint
 0002:00002910       MonitorFromRect
 0002:0000290C       MonitorFromWindow
 0002:000000DC       MonthDays
 0002:00002B24       Mouse
 0001:00001948       Move
 0001:000059D4       MoveToEx
 0001:00044B34       MoveWindowOrg
 0001:00068978       MSAAIntf
 0001:00005E9C       MsgWaitForMultipleObjects
 0001:0000575C       MulDiv
 0001:00005764       MultiByteToWideChar
 0001:00000334       MultiByteToWideChar
 0002:00000C0C       MultiColumns
 0001:000673BC       MultiLineWidth
 0001:0002C6E8       MultiMon
 0002:00000BF4       MultiSelects
 0002:00002BF8       NeedToUninitialize
 0002:00002C6D       NeedToUnitialize
 0002:00002689       NegCurrFormat
 0001:00000FF8       NewCommit
 0001:00001024       NewCommitAt
 0002:00002B28       NewStyleControls
 0001:0000BB20       NextCharIndex
 0001:0004E83C       NextVisibleZone
 0002:00000498       NilMethod
 0002:00000030       NoErrMsg
 0001:00057068       NormalDraw
 0001:000026CC       NotifyAnyExcept
 0001:00018DE8       NotifyDesigner
 0001:000026A0       NotifyExcept
 0001:00002700       NotifyExceptFinally
 0001:000179B0       NotifyGlobalLoading
 0001:00004AD4       NotifyModuleUnload
 0001:0000267C       NotifyNonDelphiException
 0001:000026B8       NotifyOnExcept
 0001:00002660       NotifyReRaise
 0001:00002728       NotifyTerminate
 0001:00002744       NotifyUnhandled
 0001:00068940       NotifyWinEvent
 0001:00059DE0       NthParentOf
 0001:00013C00       Null
 0002:00000324       NullAsStringValue
 0001:00012AD8       NullCompare
 0002:00000318       NullEqualityRule
 0002:0000031C       NullMagnitudeRule
 0002:00000320       NullStrictConvert
 0001:0001F2F4       ObjectAncestorMatch
 0001:000430A4       ObjectFromHWnd
 0002:00000B94       OEMConverts
 0001:00005EA4       OemToAnsi
 0001:00005444       OffsetRect
 0001:00005EAC       OffsetRect
 0001:000059DC       OffsetRgn
 0001:000A5450       OLE
 0001:00067DDC       OleCheck
 0001:00067DC0       OleError
 0001:00014DB4       OleGetClipboard
 0001:00014D84       OleInitialize
 0001:0006919C       OleLoadPicture
 0002:00002C0C       OlePro32DLL
 0001:00014DAC       OleSetClipboard
 0001:00003F98       OleStrToStrVar
 0001:00014D8C       OleUninitialize
 0002:00002BEC       OleUninitializing
 0001:0002D740       OpenPrinter
 0002:00002988       OpenThemeData
 0002:00001128       OptionMap
 0001:00072548       OrderRect
 0002:00000D40       OrientArray
 0002:00000D0C       OuterStyles
 0002:000012E8       OuterStyles
 0002:00002798       OutOfMemory
 0001:000255F0       OutOfResources
 0002:0000221C       Output
 0001:0001FBC0       OwnedBy
 0002:00000328       PackVarCreation
 0002:00000AEC       Painting
 0001:0003F114       PaintListBox
 0002:0000079C       Pal16
 0001:0002395C       PaletteChanged
 0001:00025DDC       PaletteFromDIBColorTable
 0001:00025E80       PaletteToDIBColorTable
 0002:00000798       PalSize
 0002:00001318       PanningWindowClass
 0001:0004EC20       ParentNotLast
 0002:00000B70       Passwords
 0001:000059E4       PatBlt
 0002:000028F0       PatternManager
 0001:00005EB4       PeekMessage
 0002:000028E4       PenManager
 0002:00000760       PenModes
 0002:00000740       PenStyles
 0001:000059EC       PlayEnhMetaFile
 0001:0001684C       Point
 0001:000053C4       Point
 0001:00016C84       PointerInModule
 0001:00049C6C       PointsEqual
 0001:000060F4       PointToSmallPoint
 0001:000059F4       Polygon
 0001:000059FC       Polyline
 0002:00002BB4       PopupList
 0001:00005EBC       PostMessage
 0001:00005EC4       PostQuitMessage
 0002:00001004       PressedState
 0001:0002E69C       Printer
 0001:0002E6F8       Printers
 0001:000633B4       ProcessExecute
 0001:0005D920       ProcessHorz
 0001:000634B4       ProcessUpdate
 0001:0005D98C       ProcessVert
 0001:0001BCE8       PropertyNotFound
 0001:0001CF50       PropPathError
 0002:00000EA4       Props
 0001:0001BCDC       PropValueError
 0001:00005ECC       PtInRect
 0002:000000A0       PtrToNil
 0001:000086A4       PutExponent
 0002:00002B6C       QualifyingSites
 0001:000725D4       QuickSort
 0001:00071C18       QuickSort
 0001:0000B228       RaiseAssertException
 0001:0002D874       RaiseError
 0001:0001ACAC       RaiseException
 0001:0000027C       RaiseException
 0001:00068450       RaiseException
 0002:00002014       RaiseExceptionProc
 0001:0000C308       RaiseLastOSError
 0001:0006833C       RaiseNameException
 0001:0004F990       ReadControlName
 0001:0001E190       ReadCustomVariant
 0001:0001BCC4       ReadError
 0001:0000576C       ReadFile
 0001:0002612C       ReadIcon
 0002:00000B78       ReadOnlys
 0001:00012C10       RealCompare
 0001:00005A04       RealizePalette
 0001:0001C504       Recover
 0001:000053A8       Rect
 0001:00016874       Rect
 0001:00005A14       Rectangle
 0001:00005A0C       RectVisible
 0001:00005ED4       RedrawWindow
 0002:0000281C       RefAnyProc
 0002:00002A4C       ReferenceCount
 0001:0000033C       RegCloseKey
 0001:000055A4       RegCloseKey
 0002:00002860       RegGroups
 0001:00005EDC       RegisterClass
 0001:00017428       RegisterClass
 0001:00005EE4       RegisterClipboardFormat
 0001:00043EA4       RegisterDockSite
 0001:00014D94       RegisterDragDrop
 0001:00017818       RegisterFindGlobalComponentProc
 0001:00017670       RegisterIntegerConsts
 0001:00004B30       RegisterModule
 0001:0002CAF4       RegisterViewer
 0001:00072228       RegisterVTClipboardFormat
 0001:0007235C       RegisterVTClipboardFormat
 0001:00005EEC       RegisterWindowMessage
 0001:00032290       Registry
 0001:00000344       RegOpenKeyEx
 0001:000055AC       RegOpenKeyEx
 0001:000055B4       RegQueryValueEx
 0001:0000034C       RegQueryValueEx
 0001:0002F658       RegStr
 0001:00005EF4       ReleaseCapture
 0001:00005EFC       ReleaseDC
 0001:00014DBC       ReleaseStgMedium
 0001:00074444       ReleaseThreadReference
 0002:00000048       reMap
 0002:0000261C       remBytes
 0001:00000510       RemoveBlock
 0002:00000474       RemoveDataModule
 0001:0001BB94       RemoveFixupReferences
 0001:0001BC40       RemoveFixups
 0001:0001BF38       RemoveGlobalFixup
 0001:00005F04       RemoveMenu
 0001:00004A74       RemoveModuleUnloadProc
 0001:00004A4C       RemoveModuleUnloadProc
 0001:00005F0C       RemoveProp
 0001:0002093C       RemoveThread
 0002:00001350       ReplacementCharacter
 0001:00005774       ResetEvent
 0001:000208FC       ResetSyncEvent
 0001:000014AC       ResizeInPlace
 0001:00005A1C       RestoreDC
 0001:0005D2C0       RestoreFocusState
 0001:0000577C       ResumeThread
 0001:00019868       ReturnAddr
 0001:00055E28       ReturnAddr
 0001:00017E00       ReturnAddr
 0001:0000AE84       ReturnAddr
 0001:00014D9C       RevokeDragDrop
 0001:00025B5C       RGBQuadToTriple
 0001:00025B24       RGBTripleToQuad
 0001:0002F5B0       RichEdit
 0002:00002B3C       RM_GetObjectInstance
 0002:00002BD0       RM_TaskbarCreated
 0001:00005A24       RoundRect
 0002:00002618       rover
 0002:00000AD0       RRStyles
 0002:00000A70       RTFConversionFormat
 0002:00000A9C       RTL
 0002:00000A8C       RTL
 0002:00000A94       RTL
 0001:00013E6C       RTLConsts
 0002:00001038       RTLFlag
 0001:00000284       RtlUnwind
 0002:00002018       RTLUnwindProc
 0002:0000006C       runErrMsg
 0001:00001850       RunErrorAt
 0001:0000D2E8       SafeArrayCreate
 0001:0000D2F0       SafeArrayGetLBound
 0001:0000D2F8       SafeArrayGetUBound
 0001:0000D300       SafeArrayPtrOfIndex
 0001:00067EF8       SafeCallError
 0002:00002020       SafeCallErrorProc
 0001:0000C930       SafeLoadLibrary
 0001:0000742C       SameText
 0001:00005A2C       SaveDC
 0001:0005D2B8       SaveFocusState
 0002:00002BF4       SaveInitProc
 0001:00009D90       ScanBlanks
 0001:00009ED4       ScanChar
 0001:0000A050       ScanDate
 0001:00009DB4       ScanNumber
 0001:00009E48       ScanString
 0001:0000A394       ScanTime
 0001:00009F58       ScanToNumber
 0002:00002BC8       Screen
 0002:0000289C       ScreenLogPixels
 0001:00005F14       ScreenToClient
 0002:00000BB8       ScrollBar
 0002:000011A8       ScrollBar
 0001:0005DAD8       ScrollBarVisible
 0001:00005F1C       ScrollDC
 0002:00001340       ScrollMasks
 0001:00005F24       ScrollWindow
 0001:00001058       SearchSmallBlocks
 0001:00005A34       SelectClipRgn
 0001:000A22C8       SelectColor
 0001:000A21CC       SelectFont
 0001:00005A3C       SelectObject
 0001:00005A44       SelectPalette
 0001:00043134       SendAppMessage
 0001:00005F2C       SendDlgItemMessage
 0001:0005D528       SendFocusMessage
 0001:00005F34       SendMessage
 0002:00000E00       Separators
 0001:00001994       Set8087CW
 0001:00005A4C       SetAbortProc
 0001:00005F3C       SetActiveWindow
 0001:00064E54       SetAnimation
 0001:00005A54       SetBkColor
 0001:00005A5C       SetBkMode
 0001:00005A64       SetBrushOrgEx
 0001:00005F44       SetCapture
 0001:000433C8       SetCaptureControl
 0001:00005F4C       SetClassLong
 0001:00013718       SetClearVarToEmptyParam
 0001:00034574       SetComCtlStyle
 0001:0001C674       SetCompName
 0001:00005F54       SetCursor
 0001:00005A6C       SetDIBColorTable
 0001:00005784       SetEndOfFile
 0001:00005A74       SetEnhMetaFileBits
 0001:0000578C       SetErrorMode
 0001:00005794       SetEvent
 0001:00002C54       SetExceptionHandler
 0001:0000579C       SetFilePointer
 0001:00014770       SetFloatProp
 0001:00005F5C       SetFocus
 0001:00005F64       SetForegroundWindow
 0001:000516BC       SetImeMode
 0001:000018D4       SetInOutRes
 0001:00014A9C       SetInt64Prop
 0001:00014B58       SetInterfaceProp
 0001:0001D230       SetInterfaceReference
 0001:0001D14C       SetIntIdent
 0002:00000E78       SetLayeredWindowAttributes
 0001:00014340       SetLongStrProp
 0001:00005A7C       SetMapMode
 0001:00005F6C       SetMenu
 0001:00005F74       SetMenuItemInfo
 0001:00014A3C       SetMethodProp
 0001:0001D194       SetObjectIdent
 0001:0001419C       SetOrdProp
 0001:00005F7C       SetParent
 0001:00005A84       SetPixel
 0001:00005F84       SetProp
 0001:00005F8C       SetRect
 0001:00005A8C       SetROP2
 0001:00005F94       SetScrollInfo
 0001:00005F9C       SetScrollPos
 0001:00005FA4       SetScrollRange
 0001:0001423C       SetShortStrProp
 0001:000142B8       SetShortStrPropAsLongStr
 0001:00005A94       SetStretchBltMode
 0001:00014470       SetStrProp
 0001:0001C47C       SetSubComponentState
 0001:00005A9C       SetTextAlign
 0001:00005AA4       SetTextColor
 0002:00002A30       SetThemeAppProperties
 0001:000057A4       SetThreadLocale
 0001:00005FAC       SetTimer
 0001:0008FB9C       SetupNavigation
 0001:00013700       SetVarAsError
 0001:000149BC       SetVariantProp
 0001:0001D1D4       SetVariantReference
 0001:00005AAC       SetViewportOrgEx
 0001:00066ECC       SetVisible
 0001:00014584       SetWideStrProp
 0001:000143D8       SetWideStrPropAsLongStr
 0001:00005FB4       SetWindowLong
 0001:00005ABC       SetWindowOrgEx
 0001:00005FBC       SetWindowPlacement
 0001:00005FC4       SetWindowPos
 0001:00005FDC       SetWindowRgn
 0001:00005FD4       SetWindowsHookEx
 0001:00005FCC       SetWindowText
 0002:000029F4       SetWindowTheme
 0001:00005AB4       SetWinMetaFileBits
 0002:0000014C       ShareMode
 0001:0002F620       ShellAPI
 0002:00002AF4       ShellModule
 0001:0002F700       ShlObj
 0001:00055E50       ShortCut
 0002:00002BB8       ShortCutItems
 0001:00055EDC       ShortCutToText
 0002:00002690       ShortDateFormat
 0002:0000270C       ShortDayNames
 0001:00072968       ShortenString
 0002:000026AC       ShortMonthNames
 0002:000026A4       ShortTimeFormat
 0002:00000EF0       ShowCommands
 0002:00000EE4       ShowCommands
 0002:00000ED8       ShowCommands
 0001:00005FE4       ShowCursor
 0001:0007240C       ShowError
 0001:0000ADBC       ShowException
 0002:00000CF4       ShowFlags
 0002:00000F8C       ShowFlags
 0001:0005D2C8       ShowMDIClientEdge
 0001:00005FEC       ShowOwnedPopups
 0001:00005FF4       ShowScrollBar
 0001:00005FFC       ShowWindow
 0001:00064E7C       ShowWinNoAnimate
 0001:00050C28       ShowZone
 0001:00020924       SignalSyncEvent
 0002:00000D54       SizeCursors
 0001:000057AC       SizeofResource
 0001:0001DCC4       SkipBinary
 0001:0001DCF4       SkipCollection
 0001:0001DC9C       SkipList
 0001:000057B4       Sleep
 0001:0000C300       Sleep
 0001:00016864       SmallPoint
 0001:000060E0       SmallPointToPoint
 0002:00002624       smallTab
 0002:00000BEC       Sorteds
 0002:000010F4       SortGlyphs
 0002:000025EC       spaceRoot
 0002:00001018       StandardOLEFormat
 0001:000174E4       StartClassGroup
 0001:00005AC4       StartDoc
 0001:00005ACC       StartPage
 0001:0003FB88       StdActns
 0001:0003FA20       StdCtrls
 0001:000689B0       StdVCL
 0001:00022034       StdWndProc
 0002:000028A4       StockBrush
 0002:000028A8       StockFont
 0002:000028AC       StockIcon
 0002:000028A0       StockPen
[...]
 30185 0001:000A0233 30188 0001:000A0239 30190 0001:000A0276 30206 0001:000A02D4
 30208 0001:000A02F3 30211 0001:000A02FE 30212 0001:000A030A 30215 0001:000A0315
 30221 0001:000A0323 30222 0001:000A032E 30224 0001:000A0334 30225 0001:000A0344
 30227 0001:000A034F 30229 0001:000A0365 30217 0001:000A0379 30233 0001:000A0398
 30242 0001:000A03A8 30243 0001:000A03BA 30244 0001:000A03CF 30245 0001:000A03DB
 30246 0001:000A03E9 30247 0001:000A03EF 30249 0001:000A0407 30252 0001:000A041D
 30254 0001:000A0426 30255 0001:000A042F 30257 0001:000A0437 30260 0001:000A044B
 30262 0001:000A045A 30278 0001:000A0464 30279 0001:000A0487 30280 0001:000A0495
 30285 0001:000A04BA 30286 0001:000A04D9 30287 0001:000A04E6 30290 0001:000A04EC
 30291 0001:000A04F3 30292 0001:000A04F9 30293 0001:000A0509 30296 0001:000A053B
 30316 0001:000A0540 30317 0001:000A056B 30318 0001:000A0577 30319 0001:000A0589
 30320 0001:000A0590 30322 0001:000A0596 30323 0001:000A059F 30327 0001:000A05AD
 30328 0001:000A05C7 30331 0001:000A05E1 30332 0001:000A05E7 30335 0001:000A05EF
 30336 0001:000A05F8 30337 0001:000A05FE 30338 0001:000A0607 30339 0001:000A062B
 30340 0001:000A0631 30342 0001:000A0650 30343 0001:000A065E 30345 0001:000A0672
 30346 0001:000A0678 30348 0001:000A0688 30349 0001:000A068C 30350 0001:000A0695
 30352 0001:000A06C2 30353 0001:000A06F2 30354 0001:000A0721 30400 0001:000A072C
 30406 0001:000A0754 30407 0001:000A075B 30408 0001:000A0767 30409 0001:000A0777
 30411 0001:000A0780 30416 0001:000A0862 30417 0001:000A08B8 30428 0001:000A0A34
 30429 0001:000A0A67 30430 0001:000A0A6C 30433 0001:000A0A7D 30434 0001:000A0A9E
 30435 0001:000A0AA9 30439 0001:000A0AB9 30440 0001:000A0ADC 30441 0001:000A0AE7
 30444 0001:000A0AF9 30445 0001:000A0B06 30447 0001:000A0B2F 30448 0001:000A0B49
 30450 0001:000A0B69 30452 0001:000A0B76 30454 0001:000A0B87 30455 0001:000A0B91
 30457 0001:000A0B9E 30458 0001:000A0BA9 30461 0001:000A0BB4 30463 0001:000A0BBA
 30464 0001:000A0BCB 30465 0001:000A0BD7 30466 0001:000A0BE5 30468 0001:000A0C33
 30498 0001:000A0C4C 30499 0001:000A0C5A 30500 0001:000A0C72 30517 0001:000A0C78
 30518 0001:000A0C85 30519 0001:000A0C91 30523 0001:000A0C9E 30524 0001:000A0CB5
 30525 0001:000A0CBC 30528 0001:000A0CC8 30531 0001:000A0CD6 30533 0001:000A0CE5
 30535 0001:000A0CE8 30536 0001:000A0D14 30541 0001:000A0D30 30542 0001:000A0D39
 30544 0001:000A0D42 30545 0001:000A0D4B 30547 0001:000A0D54 30548 0001:000A0D5D
 30550 0001:000A0D66 30551 0001:000A0D6F 30553 0001:000A0D78 30554 0001:000A0D81
 30556 0001:000A0D8A 30557 0001:000A0D95 30560 0001:000A0D9E 30561 0001:000A0DA5
 30564 0001:000A0DAD 30566 0001:000A0DB8 30567 0001:000A0DD3 30568 0001:000A0DD7
 30564 0001:000A0DDA 30569 0001:000A0DE0 30570 0001:000A0DFD 30572 0001:000A0E03
 30526 0001:000A0E06 30574 0001:000A0E17 30576 0001:000A0E23 30588 0001:000A0E28
 30589 0001:000A0E47 30590 0001:000A0E57 30591 0001:000A0E62 30592 0001:000A0E69
 30594 0001:000A0E6F 30596 0001:000A0E77 30597 0001:000A0E84 30598 0001:000A0E8A
 30599 0001:000A0E8E 30600 0001:000A0EA7 30602 0001:000A0EAA 30603 0001:000A0EB4
 30604 0001:000A0EBA 30605 0001:000A0EBE 30606 0001:000A0ED7 30608 0001:000A0EDA
 30592 0001:000A0EDE 30610 0001:000A0F06 30619 0001:000A0F18 30620 0001:000A0F42
 30621 0001:000A0F4E 30624 0001:000A0F60 30625 0001:000A0F70 30626 0001:000A0F7E
 30628 0001:000A0F8E 30629 0001:000A0F9A 30630 0001:000A0FAA 30631 0001:000A0FB6
 30632 0001:000A0FC6 30633 0001:000A0FD2 30634 0001:000A0FE2 30635 0001:000A102A
 30636 0001:000A103A 30637 0001:000A104A 30638 0001:000A105A 30639 0001:000A1066
 30640 0001:000A10A3 30663 0001:000A1174 30664 0001:000A11A8 30665 0001:000A11B7
 30667 0001:000A11C5 30669 0001:000A11D9 30671 0001:000A11FC 30672 0001:000A1211
 30674 0001:000A121E 30675 0001:000A122A 30676 0001:000A1254 30677 0001:000A1260
 30680 0001:000A128F 30681 0001:000A129C 30682 0001:000A12A4 30683 0001:000A12B6
 30684 0001:000A12BE 30685 0001:000A12D6 30689 0001:000A12DE 30690 0001:000A12EA
 30692 0001:000A12F9 30693 0001:000A1306 30695 0001:000A1315 30696 0001:000A1322
 30697 0001:000A132D 30698 0001:000A133A 30699 0001:000A1345 30703 0001:000A1354
 30704 0001:000A1361 30705 0001:000A136C 30707 0001:000A1379 30709 0001:000A1381
 30710 0001:000A138E 30711 0001:000A139D 30713 0001:000A13BA 30714 0001:000A13C7
 30715 0001:000A13D6 30717 0001:000A13F3 30718 0001:000A1400 30719 0001:000A140B
 30720 0001:000A1418 30721 0001:000A1425 30724 0001:000A142D 30725 0001:000A143A
 30726 0001:000A1447 30727 0001:000A1452 30728 0001:000A145F 30729 0001:000A1488
 30731 0001:000A1490 30732 0001:000A149E 30733 0001:000A14AC 30734 0001:000A14BD
 30736 0001:000A14C3 30737 0001:000A14D7 30740 0001:000A14F6 30741 0001:000A1508
 30743 0001:000A150E 30746 0001:000A1513 30748 0001:000A1519 30749 0001:000A1527
 30750 0001:000A152F 30751 0001:000A1535 30746 0001:000A1541 30754 0001:000A1547
 30756 0001:000A1551 30757 0001:000A155E 30758 0001:000A1569 30759 0001:000A1576
 30761 0001:000A157E 30763 0001:000A1599 30764 0001:000A15A6 30765 0001:000A15C9
 30766 0001:000A15D6 30768 0001:000A15E5 30770 0001:000A15F4 30771 0001:000A15FC
 30775 0001:000A1609 30777 0001:000A1616 30779 0001:000A1625 30781 0001:000A1634
 30784 0001:000A1641 30786 0001:000A1652 30788 0001:000A166B 30789 0001:000A1678
 30790 0001:000A1699 30794 0001:000A16A6 30795 0001:000A16B3 30798 0001:000A16BF
 30799 0001:000A16CC 30800 0001:000A16F1 30802 0001:000A16FE 30803 0001:000A1713
 30804 0001:000A173A 30805 0001:000A1747 30761 0001:000A174A 30806 0001:000A1753
 30807 0001:000A1760 30811 0001:000A1768 30812 0001:000A176E 30814 0001:000A1778
 30815 0001:000A1786 30816 0001:000A1793 30818 0001:000A179B 30821 0001:000A17A5
 30822 0001:000A17AB 30824 0001:000A17BE 30826 0001:000A17C5 30829 0001:000A17DE
 30830 0001:000A17F2 30831 0001:000A17FC 30833 0001:000A1819 30836 0001:000A1830
 30838 0001:000A184D 30840 0001:000A1862 30841 0001:000A186F 30842 0001:000A187A
 30843 0001:000A1887 30844 0001:000A18AF 30845 0001:000A18BC 30847 0001:000A18CB
 30848 0001:000A18D8 30850 0001:000A18EB 30851 0001:000A18F8 30838 0001:000A18FB
 30855 0001:000A1906 30856 0001:000A1917 30858 0001:000A191D 30859 0001:000A192A
 30860 0001:000A1952 30863 0001:000A1961 30855 0001:000A1971 30867 0001:000A1976
 30869 0001:000A1982 30870 0001:000A198F 30871 0001:000A19A4 30872 0001:000A19B1
 30873 0001:000A19D9 30877 0001:000A19E8 30878 0001:000A19F5 30879 0001:000A1A1D
 30882 0001:000A1A2A 30884 0001:000A1A30 30885 0001:000A1A3F 30889 0001:000A1A50
 30890 0001:000A1A5C 30893 0001:000A1A65 30895 0001:000A1A6B 30896 0001:000A1A73
 30900 0001:000A1A80 30902 0001:000A1A8D 30904 0001:000A1A9C 30906 0001:000A1AAB
 30909 0001:000A1AB8 30911 0001:000A1AD9 30912 0001:000A1AE6 30913 0001:000A1B0A
 30915 0001:000A1B17 30917 0001:000A1B2C 30918 0001:000A1B39 30920 0001:000A1B4C
 30921 0001:000A1B59 30922 0001:000A1B6B 30924 0001:000A1B77 30925 0001:000A1B95
 30927 0001:000A1BB1 30930 0001:000A1BBE 30932 0001:000A1BC4 30819 0001:000A1BC7
 30934 0001:000A1BE2 30935 0001:000A1BEE 30936 0001:000A1BFB 30812 0001:000A1C03
 30938 0001:000A1C0D 30940 0001:000A1C1A 30942 0001:000A1C2E 30944 0001:000A1C46
 30946 0001:000A1CC4 30970 0001:000A21CC 30971 0001:000A21F3 30972 0001:000A2204
 30975 0001:000A220A 30977 0001:000A2215 30978 0001:000A2225 30979 0001:000A223E
 30984 0001:000A2249 30985 0001:000A225A 30986 0001:000A226A 30987 0001:000A2283
 30989 0001:000A22B6 30998 0001:000A22C8 30999 0001:000A22E7 31000 0001:000A22F8
 31003 0001:000A22FE 31005 0001:000A2309 31006 0001:000A2319 31007 0001:000A2333
 31012 0001:000A233E 31013 0001:000A234F 31014 0001:000A235F 31015 0001:000A2379
 31017 0001:000A23A4 31029 0001:000A23B4 31030 0001:000A23E1 31032 0001:000A23F1
 31033 0001:000A2401 31034 0001:000A2407 31035 0001:000A2417 31036 0001:000A2427
 31037 0001:000A242D 31038 0001:000A243D 31039 0001:000A244D 31040 0001:000A2453
 31041 0001:000A2463 31042 0001:000A247B 31043 0001:000A248B 31046 0001:000A249B
 31047 0001:000A24AB 31048 0001:000A24CB 31051 0001:000A24D9 31054 0001:000A24E9
 31055 0001:000A24FF 31054 0001:000A2535 31056 0001:000A253A 31057 0001:000A2540
 31058 0001:000A2550 31059 0001:000A2556 31060 0001:000A2566 31061 0001:000A256C
 31063 0001:000A25AE 31082 0001:000A262C 31083 0001:000A2676 31084 0001:000A2685
 31086 0001:000A2693 31088 0001:000A26A7 31089 0001:000A26B6 31090 0001:000A26C5
 31091 0001:000A26CC 31092 0001:000A26D3 31094 0001:000A26DA 31095 0001:000A26E8
 31096 0001:000A26F0 31098 0001:000A26F5 31099 0001:000A2706 31100 0001:000A270C
 31102 0001:000A2720 31103 0001:000A2732 31107 0001:000A2738 31108 0001:000A2745
 31109 0001:000A274A 31111 0001:000A2750 31113 0001:000A276B 31115 0001:000A277A
 31116 0001:000A279B 31117 0001:000A27A8 31118 0001:000A27BE 31111 0001:000A27C1
 31122 0001:000A27C8 31123 0001:000A27F0 31124 0001:000A27FD 31128 0001:000A2813
 31130 0001:000A281D 31131 0001:000A282A 31133 0001:000A2845 31134 0001:000A2854
 31137 0001:000A2863 31138 0001:000A2869 31139 0001:000A2871 31141 0001:000A287E
 31143 0001:000A288D 31146 0001:000A289A 31147 0001:000A28B9 31148 0001:000A28C6
 31131 0001:000A28C9 31149 0001:000A28D2 31153 0001:000A28DF 31154 0001:000A28E5
 31156 0001:000A28EF 31159 0001:000A28F9 31161 0001:000A28FF 31162 0001:000A2910
 31163 0001:000A291F 31167 0001:000A2930 31168 0001:000A2937 31169 0001:000A2943
 31172 0001:000A294C 31174 0001:000A2965 31175 0001:000A2977 31178 0001:000A2984
 31179 0001:000A298A 31180 0001:000A2992 31182 0001:000A299F 31184 0001:000A29AE
 31188 0001:000A29BB 31189 0001:000A29CF 31190 0001:000A29D9 31192 0001:000A29F6
 31194 0001:000A2A0D 31195 0001:000A2A1B 31197 0001:000A2A23 31198 0001:000A2A29
 31199 0001:000A2A31 31200 0001:000A2A44 31199 0001:000A2A54 31202 0001:000A2A59
 31204 0001:000A2A5F 31205 0001:000A2A6A 31206 0001:000A2A77 31207 0001:000A2A8D
 31211 0001:000A2A9C 31212 0001:000A2AB2 31217 0001:000A2AC1 31218 0001:000A2AD7
 31222 0001:000A2AE4 31224 0001:000A2AEA 31157 0001:000A2AED 31226 0001:000A2B08
 31227 0001:000A2B15 31154 0001:000A2B21 31230 0001:000A2B2B 31233 0001:000A2B38
 31234 0001:000A2B45 31235 0001:000A2B5D 31234 0001:000A2BB5 31236 0001:000A2BBA
 31238 0001:000A2BC7 31239 0001:000A2BD4 31241 0001:000A2BEE 31242 0001:000A2C01
 31243 0001:000A2C70 31239 0001:000A2C73 31244 0001:000A2C7C 31246 0001:000A2C89
 31247 0001:000A2CB2 31248 0001:000A2CBA 31250 0001:000A2CC2 31252 0001:000A2CE3
 31254 0001:000A2D53 31278 0001:000A2E90 31279 0001:000A2EBC 31280 0001:000A2ECA
 31281 0001:000A2ED9 31282 0001:000A2EE7 31283 0001:000A2EF8 31284 0001:000A2EFE
 31286 0001:000A2F12 31287 0001:000A2F24 31292 0001:000A2F2A 31293 0001:000A2F2F
 31295 0001:000A2F35 31296 0001:000A2F43 31297 0001:000A2F4B 31298 0001:000A2F51
 31293 0001:000A2F5D 31301 0001:000A2F63 31302 0001:000A2F6E 31305 0001:000A2F81
 31307 0001:000A2F8B 31308 0001:000A2F9C 31310 0001:000A2FB7 31311 0001:000A2FD6
 31313 0001:000A2FE4 31315 0001:000A3006 31316 0001:000A3011 31319 0001:000A3029
 31321 0001:000A303F 31308 0001:000A3042 31322 0001:000A304B 31325 0001:000A3055
 31327 0001:000A305A 31328 0001:000A3060 31330 0001:000A306A 31332 0001:000A3074
 31334 0001:000A308F 31336 0001:000A30A2 31338 0001:000A30B3 31339 0001:000A30D0
 31341 0001:000A30E7 31342 0001:000A30F5 31344 0001:000A3114 31345 0001:000A313F
 31347 0001:000A3159 31348 0001:000A3164 31351 0001:000A3188 31352 0001:000A31B3
 31354 0001:000A31CD 31356 0001:000A31D8 31357 0001:000A31E6 31359 0001:000A31FC
 31332 0001:000A31FF 31360 0001:000A3208 31361 0001:000A3214 31330 0001:000A321C
 31366 0001:000A3228 31369 0001:000A322E 31370 0001:000A324B 31371 0001:000A3259
 31372 0001:000A3278 31373 0001:000A3283 31375 0001:000A328B 31366 0001:000A3297
 31379 0001:000A329D 31381 0001:000A32B5 31383 0001:000A332A 31411 0001:000A334C
 31412 0001:000A3378 31414 0001:000A3386 31415 0001:000A3395 31416 0001:000A33A3
 31417 0001:000A33B4 31418 0001:000A33BA 31420 0001:000A33CE 31421 0001:000A33E0
 31426 0001:000A33E6 31427 0001:000A33EB 31429 0001:000A33F1 31430 0001:000A33FF
 31431 0001:000A3407 31432 0001:000A340D 31427 0001:000A3419 31435 0001:000A341F
 31436 0001:000A342A 31437 0001:000A343B 31436 0001:000A344D 31440 0001:000A3452
 31442 0001:000A345C 31443 0001:000A346D 31445 0001:000A3488 31446 0001:000A349C
 31448 0001:000A34AA 31450 0001:000A34CC 31451 0001:000A34D7 31454 0001:000A34F0
 31456 0001:000A3507 31443 0001:000A350A 31457 0001:000A3513 31460 0001:000A351D
 31462 0001:000A3522 31463 0001:000A3528 31465 0001:000A3532 31467 0001:000A353C
 31469 0001:000A3557 31471 0001:000A356A 31472 0001:000A357B 31473 0001:000A358D
 31475 0001:000A35A4 31476 0001:000A35B2 31478 0001:000A35D1 31480 0001:000A35EC
 31481 0001:000A35F9 31482 0001:000A3604 31485 0001:000A3613 31486 0001:000A361E
 31489 0001:000A3642 31491 0001:000A365D 31492 0001:000A366A 31493 0001:000A3675
 31496 0001:000A3684 31498 0001:000A368F 31499 0001:000A369D 31501 0001:000A36B4
 31467 0001:000A36B7 31502 0001:000A36C0 31503 0001:000A36CC 31465 0001:000A36D4
 31508 0001:000A36E0 31510 0001:000A36E6 31511 0001:000A36F8 31512 0001:000A3706
 31513 0001:000A3725 31514 0001:000A3730 31516 0001:000A3738 31508 0001:000A3744
 31519 0001:000A374A 31521 0001:000A3762 31523 0001:000A37B2 31537 0001:000A37C4
 31539 0001:000A37E9 31541 0001:000A3803 31543 0001:000A3814 31544 0001:000A381E
 31545 0001:000A3832 31546 0001:000A384F 31548 0001:000A385B 31549 0001:000A386F
 31550 0001:000A3887 31553 0001:000A388F 31554 0001:000A389B 31557 0001:000A38AF
 31558 0001:000A38CC 31559 0001:000A38F9 31560 0001:000A3907 31561 0001:000A390D
 31562 0001:000A394E 31571 0001:000A3958 31572 0001:000A3967 31574 0001:000A3975
 31576 0001:000A397B 31577 0001:000A3989 31578 0001:000A398F 31580 0001:000A3996
 31582 0001:000A399F 31617 0001:000A39A4 31618 0001:000A39B3 31620 0001:000A39C1
 31622 0001:000A39D5 31623 0001:000A39E3 31624 0001:000A39E9 31627 0001:000A39F0
 31633 0001:000A39F4 31634 0001:000A39FD 31635 0001:000A3A17 31641 0001:000A3A1C
 31642 0001:000A3A28 31643 0001:000A3A39 31649 0001:000A3A40 31650 0001:000A3A49
 31651 0001:000A3A54 31657 0001:000A3A58 31658 0001:000A3A74 31659 0001:000A3A81
 31660 0001:000A3AA2 31666 0001:000A3AAC 31667 0001:000A3ABC 31668 0001:000A3AC9
 31669 0001:000A3AE6 31675 0001:000A3AF0 31676 0001:000A3B00 31677 0001:000A3B0E
 31678 0001:000A3B14 31680 0001:000A3B20 31681 0001:000A3B2D 31682 0001:000A3B51
 31688 0001:000A3B58 31689 0001:000A3B65 31690 0001:000A3B72 31691 0001:000A3B87
 31727 0001:000A3B98 31728 0001:000A3BBA 31730 0001:000A3BBF 31731 0001:000A3BC9
 31732 0001:000A3BD0 31733 0001:000A3BDA 31735 0001:000A3C1F 31719 0001:000A3C24
 31721 0001:000A3C37 31722 0001:000A3C3E 31725 0001:000A3C45 31726 0001:000A3C56

Line numbers for Main(Main.pas) segment .text

    96 0001:000A40D8    97 0001:000A40DD   103 0001:000A40E0   104 0001:000A40E1
   105 0001:000A40F1   107 0001:000A40FD   108 0001:000A4107   110 0001:000A4113
   111 0001:000A411D   112 0001:000A4124   118 0001:000A4128   119 0001:000A4129
   120 0001:000A4139   122 0001:000A4145   123 0001:000A414F   125 0001:000A415B
   126 0001:000A4165   127 0001:000A416C   141 0001:000A4170   142 0001:000A4193
   144 0001:000A41AE   146 0001:000A41BD   147 0001:000A41D2   148 0001:000A41E5
   149 0001:000A41F3   151 0001:000A420B   153 0001:000A4221   154 0001:000A422F
   157 0001:000A424A   160 0001:000A4260   162 0001:000A426E   164 0001:000A428B
   167 0001:000A4296   168 0001:000A42B6   165 0001:000A42C9   171 0001:000A42E0
   176 0001:000A42FB   177 0001:000A4305   178 0001:000A433D   188 0001:000A43B4
   189 0001:000A43BC   191 0001:000A43C2   192 0001:000A43CD   195 0001:000A43D8
   196 0001:000A43DF   205 0001:000A43E8   206 0001:000A43EF   207 0001:000A43FF
   208 0001:000A440F   209 0001:000A441F   212 0001:000A442F   213 0001:000A444E
   214 0001:000A445C   216 0001:000A447D   218 0001:000A448D   237 0001:000A44A8
   238 0001:000A44D0   243 0001:000A44D8   245 0001:000A44DE   247 0001:000A44E3
   249 0001:000A44EA   251 0001:000A44F1   255 0001:000A44F8   258 0001:000A450D
   260 0001:000A4526   261 0001:000A4531   263 0001:000A4539   264 0001:000A4541
   265 0001:000A454D   266 0001:000A4553   269 0001:000A455F   272 0001:000A456F
   274 0001:000A4573   273 0001:000A4576   275 0001:000A458D   278 0001:000A4591
   279 0001:000A45A0   280 0001:000A45AA   283 0001:000A45BC   284 0001:000A45C2
   286 0001:000A45C5   287 0001:000A45CB   288 0001:000A45CE   289 0001:000A45D4
   290 0001:000A45D7   270 0001:000A45D9   293 0001:000A45EC   294 0001:000A45F5
   298 0001:000A4605   302 0001:000A462B   317 0001:000A4634   318 0001:000A4640
   320 0001:000A464A   321 0001:000A4652   322 0001:000A4660   323 0001:000A4669
   324 0001:000A466D   326 0001:000A4676   329 0001:000A4681   331 0001:000A4685
   330 0001:000A4688   332 0001:000A469C   335 0001:000A46A0   336 0001:000A46AF
   337 0001:000A46B9   340 0001:000A46CB   341 0001:000A46D1   342 0001:000A46D4
   343 0001:000A46DA   344 0001:000A46DD   327 0001:000A46DF   347 0001:000A46F2
   350 0001:000A4702   359 0001:000A470C   361 0001:000A4731   364 0001:000A473A
   366 0001:000A4745   367 0001:000A475E   369 0001:000A4788   372 0001:000A47AD
   373 0001:000A47DB   386 0001:000A4814   389 0001:000A4817   392 0001:000A4825
   393 0001:000A4833   395 0001:000A4841   400 0001:000A484F   401 0001:000A486B
   403 0001:000A4879   404 0001:000A4887   406 0001:000A4895   408 0001:000A48A1
   418 0001:000A48B4   419 0001:000A48FC   421 0001:000A490A   422 0001:000A491F
   423 0001:000A4932   424 0001:000A493D   426 0001:000A4955   428 0001:000A496B
   429 0001:000A4971   431 0001:000A4989   433 0001:000A499F   434 0001:000A49AC
   435 0001:000A49B8   436 0001:000A49C5   437 0001:000A49D1   438 0001:000A49DE
   439 0001:000A49EA   440 0001:000A49F7   442 0001:000A4A0B   443 0001:000A4A2C
   446 0001:000A4A40   448 0001:000A4A4E   450 0001:000A4A52   452 0001:000A4A56
   454 0001:000A4A5A   457 0001:000A4A5C   462 0001:000A4A66   465 0001:000A4A75
   466 0001:000A4A7C   467 0001:000A4A8C   469 0001:000A4A94   470 0001:000A4AAE
   469 0001:000A4AD1   473 0001:000A4AD9   474 0001:000A4AF3   473 0001:000A4B16
   479 0001:000A4B1E   480 0001:000A4B5A   487 0001:000A4B75   494 0001:000A4BB3
   496 0001:000A4BC5   502 0001:000A4BCE   503 0001:000A4BDA   505 0001:000A4BE5
   507 0001:000A4BEE   511 0001:000A4C13   512 0001:000A4C8F   519 0001:000A4DC0
   520 0001:000A4DCE   530 0001:000A4DD0   531 0001:000A4DEE   533 0001:000A4DF9
   534 0001:000A4E04   535 0001:000A4E47   549 0001:000A4E68   550 0001:000A4E87
   551 0001:000A4E92   552 0001:000A4EB9   558 0001:000A4EC0   559 0001:000A4EC4
   561 0001:000A4ECA   562 0001:000A4EDA   564 0001:000A4EE5   565 0001:000A4EF3
   568 0001:000A4F01   576 0001:000A4F04   577 0001:000A4F07   578 0001:000A4F10
   585 0001:000A4F14   586 0001:000A4F24   587 0001:000A4F2A   597 0001:000A4F34
   598 0001:000A4F46   600 0001:000A4F4E   601 0001:000A4F57   603 0001:000A4F5D
   614 0001:000A4F68   616 0001:000A4F9D   617 0001:000A4FA1   619 0001:000A4FB6
   623 0001:000A4FC5   629 0001:000A4FDE   633 0001:000A4FE8   634 0001:000A4FFA
   635 0001:000A5013   639 0001:000A501C   642 0001:000A5026   644 0001:000A503F
   646 0001:000A5049   647 0001:000A5065   649 0001:000A507E   653 0001:000A5084
   654 0001:000A508E   658 0001:000A50A9   661 0001:000A50CD   617 0001:000A50CE
   662 0001:000A5108   666 0001:000A5200   666 0001:000A5207

Line numbers for OLE(D:\projects\proj\Soft Gems\Virtual Treeview\Demos\OLE\OLE.dpr) segment .text

     9 0001:000A5450    10 0001:000A5460    11 0001:000A546C    12 0001:000A547D
    13 0001:000A5495    14 0001:000A54A1

Bound resource files

c:\program files\borland\delphi7\Lib\Buttons.res
c:\program files\borland\delphi7\Lib\ExtDlgs.res
c:\program files\borland\delphi7\Lib\Controls.res
d:\projects\proj\Soft Gems\Virtual Treeview\Source\VirtualTrees.res
Main.DFM
Res\Extra.res
OLE.RES
OLE.drf


Program entry point at 0001:000A5450
